Archive member included to satisfy reference by file (symbol)

/home/constantine/ti/ccsv8/tools/compiler/gcc-arm-none-eabi-7-2017-q4-major/bin/../lib/gcc/arm-none-eabi/7.2.1/../../../../arm-none-eabi/lib/thumb/v7-ar/libg.a(lib_a-exit.o)
                              /home/constantine/ti/ccsv8/tools/compiler/gcc-arm-none-eabi-7-2017-q4-major/bin/../lib/gcc/arm-none-eabi/7.2.1/../../../../arm-none-eabi/lib/thumb/v7-ar/crt0.o (exit)
/home/constantine/ti/ccsv8/tools/compiler/gcc-arm-none-eabi-7-2017-q4-major/bin/../lib/gcc/arm-none-eabi/7.2.1/../../../../arm-none-eabi/lib/thumb/v7-ar/libg.a(lib_a-impure.o)
                              /home/constantine/ti/ccsv8/tools/compiler/gcc-arm-none-eabi-7-2017-q4-major/bin/../lib/gcc/arm-none-eabi/7.2.1/../../../../arm-none-eabi/lib/thumb/v7-ar/libg.a(lib_a-exit.o) (_global_impure_ptr)
/home/constantine/ti/ccsv8/tools/compiler/gcc-arm-none-eabi-7-2017-q4-major/bin/../lib/gcc/arm-none-eabi/7.2.1/../../../../arm-none-eabi/lib/thumb/v7-ar/libg.a(lib_a-init.o)
                              /home/constantine/ti/ccsv8/tools/compiler/gcc-arm-none-eabi-7-2017-q4-major/bin/../lib/gcc/arm-none-eabi/7.2.1/../../../../arm-none-eabi/lib/thumb/v7-ar/crt0.o (__libc_init_array)
/home/constantine/ti/ccsv8/tools/compiler/gcc-arm-none-eabi-7-2017-q4-major/bin/../lib/gcc/arm-none-eabi/7.2.1/../../../../arm-none-eabi/lib/thumb/v7-ar/libg.a(lib_a-memset.o)
                              /home/constantine/ti/ccsv8/tools/compiler/gcc-arm-none-eabi-7-2017-q4-major/bin/../lib/gcc/arm-none-eabi/7.2.1/../../../../arm-none-eabi/lib/thumb/v7-ar/crt0.o (memset)
/home/constantine/ti/ccsv8/tools/compiler/gcc-arm-none-eabi-7-2017-q4-major/bin/../lib/gcc/arm-none-eabi/7.2.1/../../../../arm-none-eabi/lib/thumb/v7-ar/libg.a(lib_a-__call_atexit.o)
                              /home/constantine/ti/ccsv8/tools/compiler/gcc-arm-none-eabi-7-2017-q4-major/bin/../lib/gcc/arm-none-eabi/7.2.1/../../../../arm-none-eabi/lib/thumb/v7-ar/libg.a(lib_a-exit.o) (__call_exitprocs)
/home/constantine/ti/ccsv8/tools/compiler/gcc-arm-none-eabi-7-2017-q4-major/bin/../lib/gcc/arm-none-eabi/7.2.1/../../../../arm-none-eabi/lib/thumb/v7-ar/libg.a(lib_a-atexit.o)
                              /home/constantine/ti/ccsv8/tools/compiler/gcc-arm-none-eabi-7-2017-q4-major/bin/../lib/gcc/arm-none-eabi/7.2.1/../../../../arm-none-eabi/lib/thumb/v7-ar/libg.a(lib_a-__call_atexit.o) (atexit)
/home/constantine/ti/ccsv8/tools/compiler/gcc-arm-none-eabi-7-2017-q4-major/bin/../lib/gcc/arm-none-eabi/7.2.1/../../../../arm-none-eabi/lib/thumb/v7-ar/libg.a(lib_a-fini.o)
                              /home/constantine/ti/ccsv8/tools/compiler/gcc-arm-none-eabi-7-2017-q4-major/bin/../lib/gcc/arm-none-eabi/7.2.1/../../../../arm-none-eabi/lib/thumb/v7-ar/libg.a(lib_a-__call_atexit.o) (__libc_fini_array)
/home/constantine/ti/ccsv8/tools/compiler/gcc-arm-none-eabi-7-2017-q4-major/bin/../lib/gcc/arm-none-eabi/7.2.1/../../../../arm-none-eabi/lib/thumb/v7-ar/libg.a(lib_a-lock.o)
                              /home/constantine/ti/ccsv8/tools/compiler/gcc-arm-none-eabi-7-2017-q4-major/bin/../lib/gcc/arm-none-eabi/7.2.1/../../../../arm-none-eabi/lib/thumb/v7-ar/libg.a(lib_a-__call_atexit.o) (__retarget_lock_acquire_recursive)
/home/constantine/ti/ccsv8/tools/compiler/gcc-arm-none-eabi-7-2017-q4-major/bin/../lib/gcc/arm-none-eabi/7.2.1/../../../../arm-none-eabi/lib/thumb/v7-ar/libg.a(lib_a-__atexit.o)
                              /home/constantine/ti/ccsv8/tools/compiler/gcc-arm-none-eabi-7-2017-q4-major/bin/../lib/gcc/arm-none-eabi/7.2.1/../../../../arm-none-eabi/lib/thumb/v7-ar/libg.a(lib_a-atexit.o) (__register_exitproc)
/home/constantine/ti/ccsv8/tools/compiler/gcc-arm-none-eabi-7-2017-q4-major/bin/../lib/gcc/arm-none-eabi/7.2.1/../../../../arm-none-eabi/lib/thumb/v7-ar/libnosys.a(_exit.o)
                              /home/constantine/ti/ccsv8/tools/compiler/gcc-arm-none-eabi-7-2017-q4-major/bin/../lib/gcc/arm-none-eabi/7.2.1/../../../../arm-none-eabi/lib/thumb/v7-ar/libg.a(lib_a-exit.o) (_exit)

Allocating common symbols
Common symbol       size              file

__lock___atexit_recursive_mutex
                    0x1               /home/constantine/ti/ccsv8/tools/compiler/gcc-arm-none-eabi-7-2017-q4-major/bin/../lib/gcc/arm-none-eabi/7.2.1/../../../../arm-none-eabi/lib/thumb/v7-ar/libg.a(lib_a-lock.o)
__lock___arc4random_mutex
                    0x1               /home/constantine/ti/ccsv8/tools/compiler/gcc-arm-none-eabi-7-2017-q4-major/bin/../lib/gcc/arm-none-eabi/7.2.1/../../../../arm-none-eabi/lib/thumb/v7-ar/libg.a(lib_a-lock.o)
__lock___env_recursive_mutex
                    0x1               /home/constantine/ti/ccsv8/tools/compiler/gcc-arm-none-eabi-7-2017-q4-major/bin/../lib/gcc/arm-none-eabi/7.2.1/../../../../arm-none-eabi/lib/thumb/v7-ar/libg.a(lib_a-lock.o)
__lock___sinit_recursive_mutex
                    0x1               /home/constantine/ti/ccsv8/tools/compiler/gcc-arm-none-eabi-7-2017-q4-major/bin/../lib/gcc/arm-none-eabi/7.2.1/../../../../arm-none-eabi/lib/thumb/v7-ar/libg.a(lib_a-lock.o)
__lock___malloc_recursive_mutex
                    0x1               /home/constantine/ti/ccsv8/tools/compiler/gcc-arm-none-eabi-7-2017-q4-major/bin/../lib/gcc/arm-none-eabi/7.2.1/../../../../arm-none-eabi/lib/thumb/v7-ar/libg.a(lib_a-lock.o)
__lock___at_quick_exit_mutex
                    0x1               /home/constantine/ti/ccsv8/tools/compiler/gcc-arm-none-eabi-7-2017-q4-major/bin/../lib/gcc/arm-none-eabi/7.2.1/../../../../arm-none-eabi/lib/thumb/v7-ar/libg.a(lib_a-lock.o)
__lock___dd_hash_mutex
                    0x1               /home/constantine/ti/ccsv8/tools/compiler/gcc-arm-none-eabi-7-2017-q4-major/bin/../lib/gcc/arm-none-eabi/7.2.1/../../../../arm-none-eabi/lib/thumb/v7-ar/libg.a(lib_a-lock.o)
__lock___tz_mutex   0x1               /home/constantine/ti/ccsv8/tools/compiler/gcc-arm-none-eabi-7-2017-q4-major/bin/../lib/gcc/arm-none-eabi/7.2.1/../../../../arm-none-eabi/lib/thumb/v7-ar/libg.a(lib_a-lock.o)
__lock___sfp_recursive_mutex
                    0x1               /home/constantine/ti/ccsv8/tools/compiler/gcc-arm-none-eabi-7-2017-q4-major/bin/../lib/gcc/arm-none-eabi/7.2.1/../../../../arm-none-eabi/lib/thumb/v7-ar/libg.a(lib_a-lock.o)

Memory Configuration

Name             Origin             Length             Attributes
SRAM             0x00000000402f0400 0x000000000000fc00
L3OCMC0          0x0000000040300000 0x0000000000010000
M3SHUMEM         0x0000000044d00000 0x0000000000004000
M3SHDMEM         0x0000000044d80000 0x0000000000002000
DDR0             0x0000000080000000 0x0000000040000000
*default*        0x0000000000000000 0xffffffffffffffff

Linker script and memory map

LOAD /home/constantine/ti/ccsv8/tools/compiler/gcc-arm-none-eabi-7-2017-q4-major/bin/../lib/gcc/arm-none-eabi/7.2.1/thumb/v7-ar/crti.o
LOAD /home/constantine/ti/ccsv8/tools/compiler/gcc-arm-none-eabi-7-2017-q4-major/bin/../lib/gcc/arm-none-eabi/7.2.1/thumb/v7-ar/crtbegin.o
LOAD /home/constantine/ti/ccsv8/tools/compiler/gcc-arm-none-eabi-7-2017-q4-major/bin/../lib/gcc/arm-none-eabi/7.2.1/../../../../arm-none-eabi/lib/thumb/v7-ar/crt0.o
                0x000000000001c000                STACKSIZE = 0x1c000
                0x0000000000000400                HEAPSIZE = 0x400
LOAD ./main.o
LOAD ./startup_ARMCA8.o

.rsthand        0x0000000080000000       0x70
                0x0000000080000000                . = ALIGN (0x10000)
 *(.isr_vector)
 .isr_vector    0x0000000080000000       0x50 ./startup_ARMCA8.o
                0x0000000080000000                __isr_vector
                0x000000008000004e                DEF_IRQHandler
 *startup_ARMCA8.o(.text)
 .text          0x0000000080000050       0x20 ./startup_ARMCA8.o
                0x0000000080000050                Entry
                0x0000000080000070                . = ALIGN (0x4)

.text           0x0000000080000070      0x758
 *(.text*)
 .text          0x0000000080000070        0x0 /home/constantine/ti/ccsv8/tools/compiler/gcc-arm-none-eabi-7-2017-q4-major/bin/../lib/gcc/arm-none-eabi/7.2.1/thumb/v7-ar/crti.o
 .text          0x0000000080000070       0x50 /home/constantine/ti/ccsv8/tools/compiler/gcc-arm-none-eabi-7-2017-q4-major/bin/../lib/gcc/arm-none-eabi/7.2.1/thumb/v7-ar/crtbegin.o
 .text          0x00000000800000c0       0x74 /home/constantine/ti/ccsv8/tools/compiler/gcc-arm-none-eabi-7-2017-q4-major/bin/../lib/gcc/arm-none-eabi/7.2.1/../../../../arm-none-eabi/lib/thumb/v7-ar/crt0.o
                0x00000000800000c0                _mainCRTStartup
                0x00000000800000c0                _start
 .text          0x0000000080000134      0x324 ./main.o
                0x0000000080000134                main
 .text          0x0000000080000458        0x0 /home/constantine/ti/ccsv8/tools/compiler/gcc-arm-none-eabi-7-2017-q4-major/bin/../lib/gcc/arm-none-eabi/7.2.1/../../../../arm-none-eabi/lib/thumb/v7-ar/libg.a(lib_a-exit.o)
 .text.exit     0x0000000080000458       0x20 /home/constantine/ti/ccsv8/tools/compiler/gcc-arm-none-eabi-7-2017-q4-major/bin/../lib/gcc/arm-none-eabi/7.2.1/../../../../arm-none-eabi/lib/thumb/v7-ar/libg.a(lib_a-exit.o)
                0x0000000080000458                exit
 .text          0x0000000080000478        0x0 /home/constantine/ti/ccsv8/tools/compiler/gcc-arm-none-eabi-7-2017-q4-major/bin/../lib/gcc/arm-none-eabi/7.2.1/../../../../arm-none-eabi/lib/thumb/v7-ar/libg.a(lib_a-impure.o)
 .text          0x0000000080000478        0x0 /home/constantine/ti/ccsv8/tools/compiler/gcc-arm-none-eabi-7-2017-q4-major/bin/../lib/gcc/arm-none-eabi/7.2.1/../../../../arm-none-eabi/lib/thumb/v7-ar/libg.a(lib_a-init.o)
 .text.__libc_init_array
                0x0000000080000478       0x50 /home/constantine/ti/ccsv8/tools/compiler/gcc-arm-none-eabi-7-2017-q4-major/bin/../lib/gcc/arm-none-eabi/7.2.1/../../../../arm-none-eabi/lib/thumb/v7-ar/libg.a(lib_a-init.o)
                0x0000000080000478                __libc_init_array
 .text          0x00000000800004c8        0x0 /home/constantine/ti/ccsv8/tools/compiler/gcc-arm-none-eabi-7-2017-q4-major/bin/../lib/gcc/arm-none-eabi/7.2.1/../../../../arm-none-eabi/lib/thumb/v7-ar/libg.a(lib_a-memset.o)
 .text.memset   0x00000000800004c8       0x98 /home/constantine/ti/ccsv8/tools/compiler/gcc-arm-none-eabi-7-2017-q4-major/bin/../lib/gcc/arm-none-eabi/7.2.1/../../../../arm-none-eabi/lib/thumb/v7-ar/libg.a(lib_a-memset.o)
                0x00000000800004c8                memset
 .text          0x0000000080000560        0x0 /home/constantine/ti/ccsv8/tools/compiler/gcc-arm-none-eabi-7-2017-q4-major/bin/../lib/gcc/arm-none-eabi/7.2.1/../../../../arm-none-eabi/lib/thumb/v7-ar/libg.a(lib_a-__call_atexit.o)
 .text.startup.register_fini
                0x0000000080000560       0x18 /home/constantine/ti/ccsv8/tools/compiler/gcc-arm-none-eabi-7-2017-q4-major/bin/../lib/gcc/arm-none-eabi/7.2.1/../../../../arm-none-eabi/lib/thumb/v7-ar/libg.a(lib_a-__call_atexit.o)
 .text.__call_exitprocs
                0x0000000080000578       0xf8 /home/constantine/ti/ccsv8/tools/compiler/gcc-arm-none-eabi-7-2017-q4-major/bin/../lib/gcc/arm-none-eabi/7.2.1/../../../../arm-none-eabi/lib/thumb/v7-ar/libg.a(lib_a-__call_atexit.o)
                0x0000000080000578                __call_exitprocs
 .text          0x0000000080000670        0x0 /home/constantine/ti/ccsv8/tools/compiler/gcc-arm-none-eabi-7-2017-q4-major/bin/../lib/gcc/arm-none-eabi/7.2.1/../../../../arm-none-eabi/lib/thumb/v7-ar/libg.a(lib_a-atexit.o)
 .text.atexit   0x0000000080000670        0xc /home/constantine/ti/ccsv8/tools/compiler/gcc-arm-none-eabi-7-2017-q4-major/bin/../lib/gcc/arm-none-eabi/7.2.1/../../../../arm-none-eabi/lib/thumb/v7-ar/libg.a(lib_a-atexit.o)
                0x0000000080000670                atexit
 .text          0x000000008000067c        0x0 /home/constantine/ti/ccsv8/tools/compiler/gcc-arm-none-eabi-7-2017-q4-major/bin/../lib/gcc/arm-none-eabi/7.2.1/../../../../arm-none-eabi/lib/thumb/v7-ar/libg.a(lib_a-fini.o)
 .text.__libc_fini_array
                0x000000008000067c       0x30 /home/constantine/ti/ccsv8/tools/compiler/gcc-arm-none-eabi-7-2017-q4-major/bin/../lib/gcc/arm-none-eabi/7.2.1/../../../../arm-none-eabi/lib/thumb/v7-ar/libg.a(lib_a-fini.o)
                0x000000008000067c                __libc_fini_array
 .text          0x00000000800006ac        0x0 /home/constantine/ti/ccsv8/tools/compiler/gcc-arm-none-eabi-7-2017-q4-major/bin/../lib/gcc/arm-none-eabi/7.2.1/../../../../arm-none-eabi/lib/thumb/v7-ar/libg.a(lib_a-lock.o)
 .text.__retarget_lock_init
                0x00000000800006ac        0x4 /home/constantine/ti/ccsv8/tools/compiler/gcc-arm-none-eabi-7-2017-q4-major/bin/../lib/gcc/arm-none-eabi/7.2.1/../../../../arm-none-eabi/lib/thumb/v7-ar/libg.a(lib_a-lock.o)
                0x00000000800006ac                __retarget_lock_init
 .text.__retarget_lock_init_recursive
                0x00000000800006b0        0x4 /home/constantine/ti/ccsv8/tools/compiler/gcc-arm-none-eabi-7-2017-q4-major/bin/../lib/gcc/arm-none-eabi/7.2.1/../../../../arm-none-eabi/lib/thumb/v7-ar/libg.a(lib_a-lock.o)
                0x00000000800006b0                __retarget_lock_init_recursive
 .text.__retarget_lock_close
                0x00000000800006b4        0x4 /home/constantine/ti/ccsv8/tools/compiler/gcc-arm-none-eabi-7-2017-q4-major/bin/../lib/gcc/arm-none-eabi/7.2.1/../../../../arm-none-eabi/lib/thumb/v7-ar/libg.a(lib_a-lock.o)
                0x00000000800006b4                __retarget_lock_close
 .text.__retarget_lock_close_recursive
                0x00000000800006b8        0x4 /home/constantine/ti/ccsv8/tools/compiler/gcc-arm-none-eabi-7-2017-q4-major/bin/../lib/gcc/arm-none-eabi/7.2.1/../../../../arm-none-eabi/lib/thumb/v7-ar/libg.a(lib_a-lock.o)
                0x00000000800006b8                __retarget_lock_close_recursive
 .text.__retarget_lock_acquire
                0x00000000800006bc        0x4 /home/constantine/ti/ccsv8/tools/compiler/gcc-arm-none-eabi-7-2017-q4-major/bin/../lib/gcc/arm-none-eabi/7.2.1/../../../../arm-none-eabi/lib/thumb/v7-ar/libg.a(lib_a-lock.o)
                0x00000000800006bc                __retarget_lock_acquire
 .text.__retarget_lock_acquire_recursive
                0x00000000800006c0        0x4 /home/constantine/ti/ccsv8/tools/compiler/gcc-arm-none-eabi-7-2017-q4-major/bin/../lib/gcc/arm-none-eabi/7.2.1/../../../../arm-none-eabi/lib/thumb/v7-ar/libg.a(lib_a-lock.o)
                0x00000000800006c0                __retarget_lock_acquire_recursive
 .text.__retarget_lock_try_acquire
                0x00000000800006c4        0x4 /home/constantine/ti/ccsv8/tools/compiler/gcc-arm-none-eabi-7-2017-q4-major/bin/../lib/gcc/arm-none-eabi/7.2.1/../../../../arm-none-eabi/lib/thumb/v7-ar/libg.a(lib_a-lock.o)
                0x00000000800006c4                __retarget_lock_try_acquire
 .text.__retarget_lock_try_acquire_recursive
                0x00000000800006c8        0x4 /home/constantine/ti/ccsv8/tools/compiler/gcc-arm-none-eabi-7-2017-q4-major/bin/../lib/gcc/arm-none-eabi/7.2.1/../../../../arm-none-eabi/lib/thumb/v7-ar/libg.a(lib_a-lock.o)
                0x00000000800006c8                __retarget_lock_try_acquire_recursive
 .text.__retarget_lock_release
                0x00000000800006cc        0x4 /home/constantine/ti/ccsv8/tools/compiler/gcc-arm-none-eabi-7-2017-q4-major/bin/../lib/gcc/arm-none-eabi/7.2.1/../../../../arm-none-eabi/lib/thumb/v7-ar/libg.a(lib_a-lock.o)
                0x00000000800006cc                __retarget_lock_release
 .text.__retarget_lock_release_recursive
                0x00000000800006d0        0x4 /home/constantine/ti/ccsv8/tools/compiler/gcc-arm-none-eabi-7-2017-q4-major/bin/../lib/gcc/arm-none-eabi/7.2.1/../../../../arm-none-eabi/lib/thumb/v7-ar/libg.a(lib_a-lock.o)
                0x00000000800006d0                __retarget_lock_release_recursive
 .text          0x00000000800006d4        0x0 /home/constantine/ti/ccsv8/tools/compiler/gcc-arm-none-eabi-7-2017-q4-major/bin/../lib/gcc/arm-none-eabi/7.2.1/../../../../arm-none-eabi/lib/thumb/v7-ar/libg.a(lib_a-__atexit.o)
 .text.__register_exitproc
                0x00000000800006d4       0xd0 /home/constantine/ti/ccsv8/tools/compiler/gcc-arm-none-eabi-7-2017-q4-major/bin/../lib/gcc/arm-none-eabi/7.2.1/../../../../arm-none-eabi/lib/thumb/v7-ar/libg.a(lib_a-__atexit.o)
                0x00000000800006d4                __register_exitproc
 .text          0x00000000800007a4        0x0 /home/constantine/ti/ccsv8/tools/compiler/gcc-arm-none-eabi-7-2017-q4-major/bin/../lib/gcc/arm-none-eabi/7.2.1/../../../../arm-none-eabi/lib/thumb/v7-ar/libnosys.a(_exit.o)
 .text._exit    0x00000000800007a4        0x4 /home/constantine/ti/ccsv8/tools/compiler/gcc-arm-none-eabi-7-2017-q4-major/bin/../lib/gcc/arm-none-eabi/7.2.1/../../../../arm-none-eabi/lib/thumb/v7-ar/libnosys.a(_exit.o)
                0x00000000800007a4                _exit
 .text          0x00000000800007a8        0x0 /home/constantine/ti/ccsv8/tools/compiler/gcc-arm-none-eabi-7-2017-q4-major/bin/../lib/gcc/arm-none-eabi/7.2.1/thumb/v7-ar/crtend.o
 .text          0x00000000800007a8        0x0 /home/constantine/ti/ccsv8/tools/compiler/gcc-arm-none-eabi-7-2017-q4-major/bin/../lib/gcc/arm-none-eabi/7.2.1/thumb/v7-ar/crtn.o
 *(.init)
 .init          0x00000000800007a8        0x4 /home/constantine/ti/ccsv8/tools/compiler/gcc-arm-none-eabi-7-2017-q4-major/bin/../lib/gcc/arm-none-eabi/7.2.1/thumb/v7-ar/crti.o
                0x00000000800007a8                _init
 .init          0x00000000800007ac        0x8 /home/constantine/ti/ccsv8/tools/compiler/gcc-arm-none-eabi-7-2017-q4-major/bin/../lib/gcc/arm-none-eabi/7.2.1/thumb/v7-ar/crtn.o
 *(.fini)
 .fini          0x00000000800007b4        0x4 /home/constantine/ti/ccsv8/tools/compiler/gcc-arm-none-eabi-7-2017-q4-major/bin/../lib/gcc/arm-none-eabi/7.2.1/thumb/v7-ar/crti.o
                0x00000000800007b4                _fini
 .fini          0x00000000800007b8        0x8 /home/constantine/ti/ccsv8/tools/compiler/gcc-arm-none-eabi-7-2017-q4-major/bin/../lib/gcc/arm-none-eabi/7.2.1/thumb/v7-ar/crtn.o
 *crtbegin.o(.ctors)
 *crtbegin?.o(.ctors)
 *(EXCLUDE_FILE(*crtend.o *crtend?.o) .ctors)
 *(SORT_BY_NAME(.ctors.*))
 *(.ctors)
 *crtbegin.o(.dtors)
 *crtbegin?.o(.dtors)
 *(EXCLUDE_FILE(*crtend.o *crtend?.o) .dtors)
 *(SORT_BY_NAME(.dtors.*))
 *(.dtors)
 *(.rodata*)
 .rodata._global_impure_ptr
                0x00000000800007c0        0x4 /home/constantine/ti/ccsv8/tools/compiler/gcc-arm-none-eabi-7-2017-q4-major/bin/../lib/gcc/arm-none-eabi/7.2.1/../../../../arm-none-eabi/lib/thumb/v7-ar/libg.a(lib_a-impure.o)
                0x00000000800007c0                _global_impure_ptr
 *(.eh_frame*)
 .eh_frame      0x00000000800007c4        0x0 /home/constantine/ti/ccsv8/tools/compiler/gcc-arm-none-eabi-7-2017-q4-major/bin/../lib/gcc/arm-none-eabi/7.2.1/thumb/v7-ar/crtbegin.o
 .eh_frame      0x00000000800007c4        0x4 /home/constantine/ti/ccsv8/tools/compiler/gcc-arm-none-eabi-7-2017-q4-major/bin/../lib/gcc/arm-none-eabi/7.2.1/thumb/v7-ar/crtend.o

.glue_7         0x00000000800007c8        0x0
 .glue_7        0x00000000800007c8        0x0 linker stubs

.glue_7t        0x00000000800007c8        0x0
 .glue_7t       0x00000000800007c8        0x0 linker stubs

.vfp11_veneer   0x00000000800007c8        0x0
 .vfp11_veneer  0x00000000800007c8        0x0 linker stubs

.v4_bx          0x00000000800007c8        0x0
 .v4_bx         0x00000000800007c8        0x0 linker stubs

.iplt           0x00000000800007c8        0x0
 .iplt          0x00000000800007c8        0x0 /home/constantine/ti/ccsv8/tools/compiler/gcc-arm-none-eabi-7-2017-q4-major/bin/../lib/gcc/arm-none-eabi/7.2.1/thumb/v7-ar/crtbegin.o

.ARM.extab      0x00000000800007c8        0x0
 *(.ARM.extab* .gnu.linkonce.armextab.*)
 .ARM.extab     0x00000000800007c8        0x0 /home/constantine/ti/ccsv8/tools/compiler/gcc-arm-none-eabi-7-2017-q4-major/bin/../lib/gcc/arm-none-eabi/7.2.1/../../../../arm-none-eabi/lib/thumb/v7-ar/crt0.o
                0x00000000800007c8                __exidx_start = .

.ARM.exidx      0x00000000800007c8        0x8
 *(.ARM.exidx* .gnu.linkonce.armexidx.*)
 .ARM.exidx     0x00000000800007c8        0x8 /home/constantine/ti/ccsv8/tools/compiler/gcc-arm-none-eabi-7-2017-q4-major/bin/../lib/gcc/arm-none-eabi/7.2.1/../../../../arm-none-eabi/lib/thumb/v7-ar/crt0.o
                0x00000000800007d0                __exidx_end = .

.rel.dyn        0x00000000800007d0        0x0
 .rel.iplt      0x00000000800007d0        0x0 /home/constantine/ti/ccsv8/tools/compiler/gcc-arm-none-eabi-7-2017-q4-major/bin/../lib/gcc/arm-none-eabi/7.2.1/thumb/v7-ar/crtbegin.o

.data           0x00000000800007d0      0x518
                0x00000000800007d0                . = ALIGN (0x4)
                0x00000000800007d0                __data_start__ = .
 *(vtable)
 *(.data*)
 .data          0x00000000800007d0        0x0 /home/constantine/ti/ccsv8/tools/compiler/gcc-arm-none-eabi-7-2017-q4-major/bin/../lib/gcc/arm-none-eabi/7.2.1/thumb/v7-ar/crti.o
 .data          0x00000000800007d0        0x4 /home/constantine/ti/ccsv8/tools/compiler/gcc-arm-none-eabi-7-2017-q4-major/bin/../lib/gcc/arm-none-eabi/7.2.1/thumb/v7-ar/crtbegin.o
                0x00000000800007d0                __dso_handle
 .data          0x00000000800007d4        0x0 /home/constantine/ti/ccsv8/tools/compiler/gcc-arm-none-eabi-7-2017-q4-major/bin/../lib/gcc/arm-none-eabi/7.2.1/../../../../arm-none-eabi/lib/thumb/v7-ar/crt0.o
 .data          0x00000000800007d4       0xd8 ./main.o
                0x00000000800007d4                CM_WKUP_CONTROL_CLKCTRL_PTR
                0x00000000800007d8                CM_WKUP_GPIO0_CLKCTRL_PTR
                0x00000000800007dc                CM_PER_GPIO1_CLKCTRL_PTR
                0x00000000800007e0                CM_PER_GPIO2_CLKCTRL_PTR
                0x00000000800007e4                CM_PER_GPIO3_CLKCTRL_PTR
                0x00000000800007e8                GPIO2_OE_ptr
                0x00000000800007ec                GPIO0_OE_ptr
                0x00000000800007f0                GPIO3_OE_ptr
                0x00000000800007f4                GPIO1_OE_ptr
                0x00000000800007f8                CONF_LCD_DATA8_PTR
                0x00000000800007fc                CONF_LCD_DATA9_PTR
                0x0000000080000800                CONF_LCD_DATA10_PTR
                0x0000000080000804                CONF_LCD_DATA14_PTR
                0x0000000080000808                CONF_MCASP0_ACLKR_PTR
                0x000000008000080c                CONF_MCASP0_FSR_PTR
                0x0000000080000810                CONF_MCASP0_AXR1_PTR
                0x0000000080000814                CONF_MCASP0_AHCLKX_PTR
                0x0000000080000818                CONF_GPMC_A5_PTR
                0x000000008000081c                CONF_GPMC_A6_PTR
                0x0000000080000820                CONF_GPMC_A7_PTR
                0x0000000080000824                CONF_GPMC_A8_PTR
                0x0000000080000828                GPIO2_DATAOUT_ptr
                0x000000008000082c                GPIO0_DATAOUT_ptr
                0x0000000080000830                GPIO3_DATAOUT_ptr
                0x0000000080000834                GPIO1_SETDATAOUT_ptr
                0x0000000080000838                GPIO1_CLEARDATAOUT_ptr
                0x000000008000083c                GPIO3_SYSSTATUS
                0x0000000080000840                GPIO2_SYSSTATUS
                0x0000000080000844                GPIO1_SYSSTATUS
                0x0000000080000848                GPIO0_SYSSTATUS
                0x000000008000084c                GPIO3_CLEARDATAOUT_ptr
                0x0000000080000850                GPIO2_CLEARDATAOUT_ptr
                0x0000000080000854                GPIO0_CLEARDATAOUT_ptr
                0x0000000080000858                GPIO3_SETDATAOUT_ptr
                0x000000008000085c                GPIO2_SETDATAOUT_ptr
                0x0000000080000860                GPIO0_SETDATAOUT_ptr
                0x0000000080000864                GPIO1_DATAOUT_ptr
                0x0000000080000868                GPIO3_SYSCONFIG_ptr
                0x000000008000086c                GPIO2_SYSCONFIG_ptr
                0x0000000080000870                GPIO1_SYSCONFIG_ptr
                0x0000000080000874                GPIO0_SYSCONFIG_ptr
                0x0000000080000878                CONF_GPMC_A8
                0x000000008000087c                CONF_GPMC_A7
                0x0000000080000880                CONF_GPMC_A6
                0x0000000080000884                CONF_GPMC_A5
                0x0000000080000888                CONF_MCASP0_AHCLKX
                0x000000008000088c                CONF_MCASP0_AXR1
                0x0000000080000890                CONF_MCASP0_FSR
                0x0000000080000894                CONF_MCASP0_ACLKR
                0x0000000080000898                CONF_LCD_DATA14
                0x000000008000089c                CONF_LCD_DATA10
                0x00000000800008a0                CONF_LCD_DATA9
                0x00000000800008a4                CONF_LCD_DATA8
                0x00000000800008a8                CONTROL_SYSCONFIG_PTR
 .data          0x00000000800008ac        0x0 ./startup_ARMCA8.o
 .data          0x00000000800008ac        0x0 /home/constantine/ti/ccsv8/tools/compiler/gcc-arm-none-eabi-7-2017-q4-major/bin/../lib/gcc/arm-none-eabi/7.2.1/../../../../arm-none-eabi/lib/thumb/v7-ar/libg.a(lib_a-exit.o)
 .data          0x00000000800008ac        0x0 /home/constantine/ti/ccsv8/tools/compiler/gcc-arm-none-eabi-7-2017-q4-major/bin/../lib/gcc/arm-none-eabi/7.2.1/../../../../arm-none-eabi/lib/thumb/v7-ar/libg.a(lib_a-impure.o)
 .data._impure_ptr
                0x00000000800008ac        0x4 /home/constantine/ti/ccsv8/tools/compiler/gcc-arm-none-eabi-7-2017-q4-major/bin/../lib/gcc/arm-none-eabi/7.2.1/../../../../arm-none-eabi/lib/thumb/v7-ar/libg.a(lib_a-impure.o)
                0x00000000800008ac                _impure_ptr
 .data.impure_data
                0x00000000800008b0      0x428 /home/constantine/ti/ccsv8/tools/compiler/gcc-arm-none-eabi-7-2017-q4-major/bin/../lib/gcc/arm-none-eabi/7.2.1/../../../../arm-none-eabi/lib/thumb/v7-ar/libg.a(lib_a-impure.o)
 .data          0x0000000080000cd8        0x0 /home/constantine/ti/ccsv8/tools/compiler/gcc-arm-none-eabi-7-2017-q4-major/bin/../lib/gcc/arm-none-eabi/7.2.1/../../../../arm-none-eabi/lib/thumb/v7-ar/libg.a(lib_a-init.o)
 .data          0x0000000080000cd8        0x0 /home/constantine/ti/ccsv8/tools/compiler/gcc-arm-none-eabi-7-2017-q4-major/bin/../lib/gcc/arm-none-eabi/7.2.1/../../../../arm-none-eabi/lib/thumb/v7-ar/libg.a(lib_a-memset.o)
 .data          0x0000000080000cd8        0x0 /home/constantine/ti/ccsv8/tools/compiler/gcc-arm-none-eabi-7-2017-q4-major/bin/../lib/gcc/arm-none-eabi/7.2.1/../../../../arm-none-eabi/lib/thumb/v7-ar/libg.a(lib_a-__call_atexit.o)
 .data.__atexit_recursive_mutex
                0x0000000080000cd8        0x4 /home/constantine/ti/ccsv8/tools/compiler/gcc-arm-none-eabi-7-2017-q4-major/bin/../lib/gcc/arm-none-eabi/7.2.1/../../../../arm-none-eabi/lib/thumb/v7-ar/libg.a(lib_a-__call_atexit.o)
                0x0000000080000cd8                __atexit_recursive_mutex
 .data          0x0000000080000cdc        0x0 /home/constantine/ti/ccsv8/tools/compiler/gcc-arm-none-eabi-7-2017-q4-major/bin/../lib/gcc/arm-none-eabi/7.2.1/../../../../arm-none-eabi/lib/thumb/v7-ar/libg.a(lib_a-atexit.o)
 .data          0x0000000080000cdc        0x0 /home/constantine/ti/ccsv8/tools/compiler/gcc-arm-none-eabi-7-2017-q4-major/bin/../lib/gcc/arm-none-eabi/7.2.1/../../../../arm-none-eabi/lib/thumb/v7-ar/libg.a(lib_a-fini.o)
 .data          0x0000000080000cdc        0x0 /home/constantine/ti/ccsv8/tools/compiler/gcc-arm-none-eabi-7-2017-q4-major/bin/../lib/gcc/arm-none-eabi/7.2.1/../../../../arm-none-eabi/lib/thumb/v7-ar/libg.a(lib_a-lock.o)
 .data          0x0000000080000cdc        0x0 /home/constantine/ti/ccsv8/tools/compiler/gcc-arm-none-eabi-7-2017-q4-major/bin/../lib/gcc/arm-none-eabi/7.2.1/../../../../arm-none-eabi/lib/thumb/v7-ar/libg.a(lib_a-__atexit.o)
 .data          0x0000000080000cdc        0x0 /home/constantine/ti/ccsv8/tools/compiler/gcc-arm-none-eabi-7-2017-q4-major/bin/../lib/gcc/arm-none-eabi/7.2.1/../../../../arm-none-eabi/lib/thumb/v7-ar/libnosys.a(_exit.o)
 .data          0x0000000080000cdc        0x0 /home/constantine/ti/ccsv8/tools/compiler/gcc-arm-none-eabi-7-2017-q4-major/bin/../lib/gcc/arm-none-eabi/7.2.1/thumb/v7-ar/crtend.o
 .data          0x0000000080000cdc        0x0 /home/constantine/ti/ccsv8/tools/compiler/gcc-arm-none-eabi-7-2017-q4-major/bin/../lib/gcc/arm-none-eabi/7.2.1/thumb/v7-ar/crtn.o
                0x0000000080000cdc                . = ALIGN (0x4)
                0x0000000080000cdc                PROVIDE (__preinit_array_start, .)
 *(.preinit_array)
                0x0000000080000cdc                PROVIDE (__preinit_array_end, .)
                0x0000000080000cdc                . = ALIGN (0x4)
                0x0000000080000cdc                PROVIDE (__init_array_start, .)
 *(SORT_BY_NAME(.init_array.*))
 .init_array.00000
                0x0000000080000cdc        0x4 /home/constantine/ti/ccsv8/tools/compiler/gcc-arm-none-eabi-7-2017-q4-major/bin/../lib/gcc/arm-none-eabi/7.2.1/../../../../arm-none-eabi/lib/thumb/v7-ar/libg.a(lib_a-__call_atexit.o)
 *(.init_array)
 .init_array    0x0000000080000ce0        0x4 /home/constantine/ti/ccsv8/tools/compiler/gcc-arm-none-eabi-7-2017-q4-major/bin/../lib/gcc/arm-none-eabi/7.2.1/thumb/v7-ar/crtbegin.o
                0x0000000080000ce4                PROVIDE (__init_array_end, .)
                0x0000000080000ce4                . = ALIGN (0x4)
                0x0000000080000ce4                PROVIDE (__fini_array_start, .)
 *(SORT_BY_NAME(.fini_array.*))
 *(.fini_array)
 .fini_array    0x0000000080000ce4        0x4 /home/constantine/ti/ccsv8/tools/compiler/gcc-arm-none-eabi-7-2017-q4-major/bin/../lib/gcc/arm-none-eabi/7.2.1/thumb/v7-ar/crtbegin.o
                0x0000000080000ce8                PROVIDE (__fini_array_end, .)
                0x0000000080000ce8                . = ALIGN (0x4)
                0x0000000080000ce8                __data_end__ = .

.igot.plt       0x0000000080000ce8        0x0
 .igot.plt      0x0000000080000ce8        0x0 /home/constantine/ti/ccsv8/tools/compiler/gcc-arm-none-eabi-7-2017-q4-major/bin/../lib/gcc/arm-none-eabi/7.2.1/thumb/v7-ar/crtbegin.o

.bss            0x0000000080000ce8       0x3d
                0x0000000080000ce8                . = ALIGN (0x4)
                0x0000000080000ce8                __bss_start__ = .
 *(.bss*)
 .bss           0x0000000080000ce8        0x0 /home/constantine/ti/ccsv8/tools/compiler/gcc-arm-none-eabi-7-2017-q4-major/bin/../lib/gcc/arm-none-eabi/7.2.1/thumb/v7-ar/crti.o
 .bss           0x0000000080000ce8       0x1c /home/constantine/ti/ccsv8/tools/compiler/gcc-arm-none-eabi-7-2017-q4-major/bin/../lib/gcc/arm-none-eabi/7.2.1/thumb/v7-ar/crtbegin.o
 .bss           0x0000000080000d04        0x0 /home/constantine/ti/ccsv8/tools/compiler/gcc-arm-none-eabi-7-2017-q4-major/bin/../lib/gcc/arm-none-eabi/7.2.1/../../../../arm-none-eabi/lib/thumb/v7-ar/crt0.o
 .bss           0x0000000080000d04        0x0 ./main.o
 .bss           0x0000000080000d04        0x0 ./startup_ARMCA8.o
 .bss           0x0000000080000d04        0x0 /home/constantine/ti/ccsv8/tools/compiler/gcc-arm-none-eabi-7-2017-q4-major/bin/../lib/gcc/arm-none-eabi/7.2.1/../../../../arm-none-eabi/lib/thumb/v7-ar/libg.a(lib_a-exit.o)
 .bss           0x0000000080000d04        0x0 /home/constantine/ti/ccsv8/tools/compiler/gcc-arm-none-eabi-7-2017-q4-major/bin/../lib/gcc/arm-none-eabi/7.2.1/../../../../arm-none-eabi/lib/thumb/v7-ar/libg.a(lib_a-impure.o)
 .bss           0x0000000080000d04        0x0 /home/constantine/ti/ccsv8/tools/compiler/gcc-arm-none-eabi-7-2017-q4-major/bin/../lib/gcc/arm-none-eabi/7.2.1/../../../../arm-none-eabi/lib/thumb/v7-ar/libg.a(lib_a-init.o)
 .bss           0x0000000080000d04        0x0 /home/constantine/ti/ccsv8/tools/compiler/gcc-arm-none-eabi-7-2017-q4-major/bin/../lib/gcc/arm-none-eabi/7.2.1/../../../../arm-none-eabi/lib/thumb/v7-ar/libg.a(lib_a-memset.o)
 .bss           0x0000000080000d04        0x0 /home/constantine/ti/ccsv8/tools/compiler/gcc-arm-none-eabi-7-2017-q4-major/bin/../lib/gcc/arm-none-eabi/7.2.1/../../../../arm-none-eabi/lib/thumb/v7-ar/libg.a(lib_a-__call_atexit.o)
 .bss           0x0000000080000d04        0x0 /home/constantine/ti/ccsv8/tools/compiler/gcc-arm-none-eabi-7-2017-q4-major/bin/../lib/gcc/arm-none-eabi/7.2.1/../../../../arm-none-eabi/lib/thumb/v7-ar/libg.a(lib_a-atexit.o)
 .bss           0x0000000080000d04        0x0 /home/constantine/ti/ccsv8/tools/compiler/gcc-arm-none-eabi-7-2017-q4-major/bin/../lib/gcc/arm-none-eabi/7.2.1/../../../../arm-none-eabi/lib/thumb/v7-ar/libg.a(lib_a-fini.o)
 .bss           0x0000000080000d04        0x0 /home/constantine/ti/ccsv8/tools/compiler/gcc-arm-none-eabi-7-2017-q4-major/bin/../lib/gcc/arm-none-eabi/7.2.1/../../../../arm-none-eabi/lib/thumb/v7-ar/libg.a(lib_a-lock.o)
 .bss           0x0000000080000d04        0x0 /home/constantine/ti/ccsv8/tools/compiler/gcc-arm-none-eabi-7-2017-q4-major/bin/../lib/gcc/arm-none-eabi/7.2.1/../../../../arm-none-eabi/lib/thumb/v7-ar/libg.a(lib_a-__atexit.o)
 .bss           0x0000000080000d04        0x0 /home/constantine/ti/ccsv8/tools/compiler/gcc-arm-none-eabi-7-2017-q4-major/bin/../lib/gcc/arm-none-eabi/7.2.1/../../../../arm-none-eabi/lib/thumb/v7-ar/libnosys.a(_exit.o)
 .bss           0x0000000080000d04        0x0 /home/constantine/ti/ccsv8/tools/compiler/gcc-arm-none-eabi-7-2017-q4-major/bin/../lib/gcc/arm-none-eabi/7.2.1/thumb/v7-ar/crtend.o
 .bss           0x0000000080000d04        0x0 /home/constantine/ti/ccsv8/tools/compiler/gcc-arm-none-eabi-7-2017-q4-major/bin/../lib/gcc/arm-none-eabi/7.2.1/thumb/v7-ar/crtn.o
 *(COMMON)
 COMMON         0x0000000080000d04       0x21 /home/constantine/ti/ccsv8/tools/compiler/gcc-arm-none-eabi-7-2017-q4-major/bin/../lib/gcc/arm-none-eabi/7.2.1/../../../../arm-none-eabi/lib/thumb/v7-ar/libg.a(lib_a-lock.o)
                0x0000000080000d04                __lock___atexit_recursive_mutex
                0x0000000080000d08                __lock___arc4random_mutex
                0x0000000080000d0c                __lock___env_recursive_mutex
                0x0000000080000d10                __lock___sinit_recursive_mutex
                0x0000000080000d14                __lock___malloc_recursive_mutex
                0x0000000080000d18                __lock___at_quick_exit_mutex
                0x0000000080000d1c                __lock___dd_hash_mutex
                0x0000000080000d20                __lock___tz_mutex
                0x0000000080000d24                __lock___sfp_recursive_mutex
                0x0000000080000d25                __bss_end__ = .

.heap           0x0000000080000d30      0x400
 FILL mask 0xdeadbeef
                0x0000000080000d30                . = ALIGN (0x4)
                0x0000000080000d30                __end__ = .
                0x0000000080000d30                end = __end__
                0x0000000080000d30                __HeapBase = __end__
 *(.heap*)
 .heap          0x0000000080000d30        0x0 ./startup_ARMCA8.o
                0x0000000080001130                . = (. + HEAPSIZE)
 *fill*         0x0000000080000d30      0x400 deadbeef
                0x0000000080001130                __HeapLimit = .

.stack          0x0000000080001130    0x1c000
 FILL mask 0xbad0bad0
                0x0000000080001130                . = ALIGN (0x4)
                0x0000000080001130                __StackLimit = .
 *(.stack*)
 .stack         0x0000000080001130        0x0 ./startup_ARMCA8.o
                0x000000008001d130                . = (. + STACKSIZE)
 *fill*         0x0000000080001130    0x1c000 bad0bad0
                0x000000008001d130                __StackTop = .
                0x000000008001d130                __StackBase = .
                0x000000008001d130                PROVIDE (__stack, __StackTop)
START GROUP
LOAD /home/constantine/ti/ccsv8/tools/compiler/gcc-arm-none-eabi-7-2017-q4-major/bin/../lib/gcc/arm-none-eabi/7.2.1/thumb/v7-ar/libgcc.a
LOAD /home/constantine/ti/ccsv8/tools/compiler/gcc-arm-none-eabi-7-2017-q4-major/bin/../lib/gcc/arm-none-eabi/7.2.1/../../../../arm-none-eabi/lib/thumb/v7-ar/libg.a
LOAD /home/constantine/ti/ccsv8/tools/compiler/gcc-arm-none-eabi-7-2017-q4-major/bin/../lib/gcc/arm-none-eabi/7.2.1/../../../../arm-none-eabi/lib/thumb/v7-ar/libc.a
END GROUP
START GROUP
LOAD /home/constantine/ti/ccsv8/tools/compiler/gcc-arm-none-eabi-7-2017-q4-major/bin/../lib/gcc/arm-none-eabi/7.2.1/thumb/v7-ar/libgcc.a
LOAD /home/constantine/ti/ccsv8/tools/compiler/gcc-arm-none-eabi-7-2017-q4-major/bin/../lib/gcc/arm-none-eabi/7.2.1/../../../../arm-none-eabi/lib/thumb/v7-ar/libc.a
LOAD /home/constantine/ti/ccsv8/tools/compiler/gcc-arm-none-eabi-7-2017-q4-major/bin/../lib/gcc/arm-none-eabi/7.2.1/../../../../arm-none-eabi/lib/thumb/v7-ar/libnosys.a
END GROUP
LOAD /home/constantine/ti/ccsv8/tools/compiler/gcc-arm-none-eabi-7-2017-q4-major/bin/../lib/gcc/arm-none-eabi/7.2.1/thumb/v7-ar/crtend.o
LOAD /home/constantine/ti/ccsv8/tools/compiler/gcc-arm-none-eabi-7-2017-q4-major/bin/../lib/gcc/arm-none-eabi/7.2.1/thumb/v7-ar/crtn.o
OUTPUT(led_blink.out elf32-littlearm)

.ARM.attributes
                0x0000000000000000       0x2b
 .ARM.attributes
                0x0000000000000000       0x19 /home/constantine/ti/ccsv8/tools/compiler/gcc-arm-none-eabi-7-2017-q4-major/bin/../lib/gcc/arm-none-eabi/7.2.1/thumb/v7-ar/crti.o
 .ARM.attributes
                0x0000000000000019       0x29 /home/constantine/ti/ccsv8/tools/compiler/gcc-arm-none-eabi-7-2017-q4-major/bin/../lib/gcc/arm-none-eabi/7.2.1/thumb/v7-ar/crtbegin.o
 .ARM.attributes
                0x0000000000000042       0x17 /home/constantine/ti/ccsv8/tools/compiler/gcc-arm-none-eabi-7-2017-q4-major/bin/../lib/gcc/arm-none-eabi/7.2.1/../../../../arm-none-eabi/lib/thumb/v7-ar/crt0.o
 .ARM.attributes
                0x0000000000000059       0x37 ./main.o
 .ARM.attributes
                0x0000000000000090       0x25 ./startup_ARMCA8.o
 .ARM.attributes
                0x00000000000000b5       0x29 /home/constantine/ti/ccsv8/tools/compiler/gcc-arm-none-eabi-7-2017-q4-major/bin/../lib/gcc/arm-none-eabi/7.2.1/../../../../arm-none-eabi/lib/thumb/v7-ar/libg.a(lib_a-exit.o)
 .ARM.attributes
                0x00000000000000de       0x29 /home/constantine/ti/ccsv8/tools/compiler/gcc-arm-none-eabi-7-2017-q4-major/bin/../lib/gcc/arm-none-eabi/7.2.1/../../../../arm-none-eabi/lib/thumb/v7-ar/libg.a(lib_a-impure.o)
 .ARM.attributes
                0x0000000000000107       0x29 /home/constantine/ti/ccsv8/tools/compiler/gcc-arm-none-eabi-7-2017-q4-major/bin/../lib/gcc/arm-none-eabi/7.2.1/../../../../arm-none-eabi/lib/thumb/v7-ar/libg.a(lib_a-init.o)
 .ARM.attributes
                0x0000000000000130       0x29 /home/constantine/ti/ccsv8/tools/compiler/gcc-arm-none-eabi-7-2017-q4-major/bin/../lib/gcc/arm-none-eabi/7.2.1/../../../../arm-none-eabi/lib/thumb/v7-ar/libg.a(lib_a-memset.o)
 .ARM.attributes
                0x0000000000000159       0x29 /home/constantine/ti/ccsv8/tools/compiler/gcc-arm-none-eabi-7-2017-q4-major/bin/../lib/gcc/arm-none-eabi/7.2.1/../../../../arm-none-eabi/lib/thumb/v7-ar/libg.a(lib_a-__call_atexit.o)
 .ARM.attributes
                0x0000000000000182       0x29 /home/constantine/ti/ccsv8/tools/compiler/gcc-arm-none-eabi-7-2017-q4-major/bin/../lib/gcc/arm-none-eabi/7.2.1/../../../../arm-none-eabi/lib/thumb/v7-ar/libg.a(lib_a-atexit.o)
 .ARM.attributes
                0x00000000000001ab       0x29 /home/constantine/ti/ccsv8/tools/compiler/gcc-arm-none-eabi-7-2017-q4-major/bin/../lib/gcc/arm-none-eabi/7.2.1/../../../../arm-none-eabi/lib/thumb/v7-ar/libg.a(lib_a-fini.o)
 .ARM.attributes
                0x00000000000001d4       0x29 /home/constantine/ti/ccsv8/tools/compiler/gcc-arm-none-eabi-7-2017-q4-major/bin/../lib/gcc/arm-none-eabi/7.2.1/../../../../arm-none-eabi/lib/thumb/v7-ar/libg.a(lib_a-lock.o)
 .ARM.attributes
                0x00000000000001fd       0x29 /home/constantine/ti/ccsv8/tools/compiler/gcc-arm-none-eabi-7-2017-q4-major/bin/../lib/gcc/arm-none-eabi/7.2.1/../../../../arm-none-eabi/lib/thumb/v7-ar/libg.a(lib_a-__atexit.o)
 .ARM.attributes
                0x0000000000000226       0x29 /home/constantine/ti/ccsv8/tools/compiler/gcc-arm-none-eabi-7-2017-q4-major/bin/../lib/gcc/arm-none-eabi/7.2.1/../../../../arm-none-eabi/lib/thumb/v7-ar/libnosys.a(_exit.o)
 .ARM.attributes
                0x000000000000024f       0x29 /home/constantine/ti/ccsv8/tools/compiler/gcc-arm-none-eabi-7-2017-q4-major/bin/../lib/gcc/arm-none-eabi/7.2.1/thumb/v7-ar/crtend.o
 .ARM.attributes
                0x0000000000000278       0x19 /home/constantine/ti/ccsv8/tools/compiler/gcc-arm-none-eabi-7-2017-q4-major/bin/../lib/gcc/arm-none-eabi/7.2.1/thumb/v7-ar/crtn.o

.comment        0x0000000000000000       0x7e
 .comment       0x0000000000000000       0x7e ./main.o
                                         0x7f (size before relaxing)

.debug_info     0x0000000000000000      0x9fc
 .debug_info    0x0000000000000000      0x9da ./main.o
 .debug_info    0x00000000000009da       0x22 ./startup_ARMCA8.o

.debug_abbrev   0x0000000000000000       0xd0
 .debug_abbrev  0x0000000000000000       0xbe ./main.o
 .debug_abbrev  0x00000000000000be       0x12 ./startup_ARMCA8.o

.debug_loc      0x0000000000000000       0x17
 .debug_loc     0x0000000000000000       0x17 ./main.o

.debug_aranges  0x0000000000000000       0x48
 .debug_aranges
                0x0000000000000000       0x20 ./main.o
 .debug_aranges
                0x0000000000000020       0x28 ./startup_ARMCA8.o

.debug_line     0x0000000000000000      0x1fd
 .debug_line    0x0000000000000000      0x18c ./main.o
 .debug_line    0x000000000000018c       0x71 ./startup_ARMCA8.o

.debug_str      0x0000000000000000      0x954
 .debug_str     0x0000000000000000      0x931 ./main.o
                                        0x973 (size before relaxing)
 .debug_str     0x0000000000000931       0x23 ./startup_ARMCA8.o
                                         0x7d (size before relaxing)

.debug_frame    0x0000000000000000      0x260
 .debug_frame   0x0000000000000000       0x20 ./main.o
 .debug_frame   0x0000000000000020       0x28 /home/constantine/ti/ccsv8/tools/compiler/gcc-arm-none-eabi-7-2017-q4-major/bin/../lib/gcc/arm-none-eabi/7.2.1/../../../../arm-none-eabi/lib/thumb/v7-ar/libg.a(lib_a-exit.o)
 .debug_frame   0x0000000000000048       0x2c /home/constantine/ti/ccsv8/tools/compiler/gcc-arm-none-eabi-7-2017-q4-major/bin/../lib/gcc/arm-none-eabi/7.2.1/../../../../arm-none-eabi/lib/thumb/v7-ar/libg.a(lib_a-init.o)
 .debug_frame   0x0000000000000074       0x38 /home/constantine/ti/ccsv8/tools/compiler/gcc-arm-none-eabi-7-2017-q4-major/bin/../lib/gcc/arm-none-eabi/7.2.1/../../../../arm-none-eabi/lib/thumb/v7-ar/libg.a(lib_a-memset.o)
 .debug_frame   0x00000000000000ac       0x5c /home/constantine/ti/ccsv8/tools/compiler/gcc-arm-none-eabi-7-2017-q4-major/bin/../lib/gcc/arm-none-eabi/7.2.1/../../../../arm-none-eabi/lib/thumb/v7-ar/libg.a(lib_a-__call_atexit.o)
 .debug_frame   0x0000000000000108       0x20 /home/constantine/ti/ccsv8/tools/compiler/gcc-arm-none-eabi-7-2017-q4-major/bin/../lib/gcc/arm-none-eabi/7.2.1/../../../../arm-none-eabi/lib/thumb/v7-ar/libg.a(lib_a-atexit.o)
 .debug_frame   0x0000000000000128       0x34 /home/constantine/ti/ccsv8/tools/compiler/gcc-arm-none-eabi-7-2017-q4-major/bin/../lib/gcc/arm-none-eabi/7.2.1/../../../../arm-none-eabi/lib/thumb/v7-ar/libg.a(lib_a-fini.o)
 .debug_frame   0x000000000000015c       0xb0 /home/constantine/ti/ccsv8/tools/compiler/gcc-arm-none-eabi-7-2017-q4-major/bin/../lib/gcc/arm-none-eabi/7.2.1/../../../../arm-none-eabi/lib/thumb/v7-ar/libg.a(lib_a-lock.o)
 .debug_frame   0x000000000000020c       0x34 /home/constantine/ti/ccsv8/tools/compiler/gcc-arm-none-eabi-7-2017-q4-major/bin/../lib/gcc/arm-none-eabi/7.2.1/../../../../arm-none-eabi/lib/thumb/v7-ar/libg.a(lib_a-__atexit.o)
 .debug_frame   0x0000000000000240       0x20 /home/constantine/ti/ccsv8/tools/compiler/gcc-arm-none-eabi-7-2017-q4-major/bin/../lib/gcc/arm-none-eabi/7.2.1/../../../../arm-none-eabi/lib/thumb/v7-ar/libnosys.a(_exit.o)

.debug_ranges   0x0000000000000000       0x20
 .debug_ranges  0x0000000000000000       0x20 ./startup_ARMCA8.o
