******************************************************************************
                     PRU Linker Unix v2.3.1                    
******************************************************************************
>> Linked Tue Mar  5 20:20:16 2019

OUTPUT FILE NAME:   <pru_mcasp_pads_BBB.out>
ENTRY POINT SYMBOL: "_c_int00_noinit_noargs"  address: 00000000


MEMORY CONFIGURATION

         name            origin    length      used     unused   attr    fill
----------------------  --------  ---------  --------  --------  ----  --------
PAGE 0:
  PRU_IMEM              00000000   00002000  00000810  000017f0  RWIX

PAGE 1:
  PRU_DMEM_0_1          00000000   00002000  00000258  00001da8  RWIX
  PRU_DMEM_1_0          00002000   00002000  00000000  00002000  RWIX

PAGE 2:
  PRU_SHAREDMEM         00010000   00003000  00000000  00003000  RWIX
  PRU_INTC              00020000   00001504  00000000  00001504  RWIX
  PRU_CFG               00026000   00000044  00000044  00000000  RWIX
  PRU_UART              00028000   00000038  00000000  00000038  RWIX
  PRU_IEP               0002e000   0000031c  00000000  0000031c  RWIX
  PRU_ECAP              00030000   00000060  00000000  00000060  RWIX
  RSVD27                00032000   00000100  00000000  00000100  RWIX
  RSVD21                00032400   00000100  00000000  00000100  RWIX
  L3OCMC                40000000   00010000  00000000  00010000  RWIX
  MCASP0_DMA            46000000   00000100  00000000  00000100  RWIX
  UART1                 48022000   00000088  00000000  00000088  RWIX
  UART2                 48024000   00000088  00000000  00000088  RWIX
  I2C1                  4802a000   000000d8  00000000  000000d8  RWIX
  MCSPI0                48030000   000001a4  00000000  000001a4  RWIX
  DMTIMER2              48040000   0000005c  00000000  0000005c  RWIX
  MMCHS0                48060000   00000300  00000000  00000300  RWIX
  MBX0                  480c8000   00000140  00000000  00000140  RWIX
  SPINLOCK              480ca000   00000880  00000000  00000880  RWIX
  I2C2                  4819c000   000000d8  00000000  000000d8  RWIX
  MCSPI1                481a0000   000001a4  00000000  000001a4  RWIX
  DCAN0                 481cc000   000001e8  00000000  000001e8  RWIX
  DCAN1                 481d0000   000001e8  00000000  000001e8  RWIX
  PWMSS0                48300000   000002c4  00000000  000002c4  RWIX
  PWMSS1                48302000   000002c4  00000000  000002c4  RWIX
  PWMSS2                48304000   000002c4  00000000  000002c4  RWIX
  RSVD13                48310000   00000100  00000000  00000100  RWIX
  RSVD10                48318000   00000100  00000000  00000100  RWIX
  TPCC                  49000000   00001098  00000000  00001098  RWIX
  GEMAC                 4a100000   0000128c  00000000  0000128c  RWIX
  DDR                   80000000   00000100  00000000  00000100  RWIX


SECTION ALLOCATION MAP

 output                                  attributes/
section   page    origin      length       input sections
--------  ----  ----------  ----------   ----------------
.text:_c_int00* 
*          0    00000000    0000001c     
                  00000000    0000001c     rtspruv3_le.lib : boot.c.obj (.text:_c_int00_noinit_noargs)

.text      0    0000001c    000007f4     
                  0000001c    000007e4     main.obj (.text:main)
                  00000800    00000008     rtspruv3_le.lib : exit.c.obj (.text:abort)
                  00000808    00000008                     : exit.c.obj (.text:loader_exit)

.stack     1    00000000    00000100     UNINITIALIZED
                  00000000    00000004     rtspruv3_le.lib : boot.c.obj (.stack)
                  00000004    000000fc     --HOLE--

.data      1    00000100    000000dc     
                  00000100    000000d8     main.obj (.data)
                  000001d8    00000004     main.obj (.data:pru_intc_map)

.cinit     1    00000000    00000000     UNINITIALIZED

.resource_table 
*          1    000001dc    0000007c     
                  000001dc    0000007c     main.obj (.resource_table:retain)

.creg.PRU_CFG.noload.near 
*          2    00026000    00000044     NOLOAD SECTION
                  00026000    00000044     main.obj (.creg.PRU_CFG.noload.near)

.creg.PRU_CFG.near 
*          2    00026044    00000000     UNINITIALIZED

.creg.PRU_CFG.noload.far 
*          2    00026044    00000000     NOLOAD SECTION

.creg.PRU_CFG.far 
*          2    00026044    00000000     UNINITIALIZED

MODULE SUMMARY

       Module         code   ro data   rw data
       ------         ----   -------   -------
    ./
       main.obj       2020   0         412    
    +--+--------------+------+---------+---------+
       Total:         2020   0         412    
                                              
    /home/constantine/ti/ccsv8/tools/compiler/ti-cgt-pru_2.3.1/lib/rtspruv3_le.lib
       boot.c.obj     28     0         0      
       exit.c.obj     16     0         0      
    +--+--------------+------+---------+---------+
       Total:         44     0         0      
                                              
       Stack:         0      0         256    
    +--+--------------+------+---------+---------+
       Grand Total:   2064   0         668    


SEGMENT ATTRIBUTES

    id tag      seg value
    -- ---      --- -----
     0 PHA_PAGE 1   1    
     1 PHA_PAGE 2   1    


GLOBAL SYMBOLS: SORTED ALPHABETICALLY BY Name 

page  address   name                         
----  -------   ----                         
0     00000808  C$$EXIT                      
1     000001cc  CM_CLKMODE_DPLL_CORE_PTR     
1     000001c8  CM_CLKSEL_DPLL_CORE_PTR      
1     000001d0  CM_DIV_M4_DPLL_CORE_PTR      
1     000001d4  CM_DIV_M5_DPLL_CORE_PTR      
1     00000168  CM_PER_GPIO1_CLKCTRL_PTR     
1     0000016c  CM_PER_GPIO2_CLKCTRL_PTR     
1     00000170  CM_PER_GPIO3_CLKCTRL_PTR     
1     000001c4  CM_WKUP_CONTROL_CLKCTRL_PTR  
1     00000164  CM_WKUP_GPIO0_CLKCTRL_PTR    
1     00000154  CONF_GPMC_A5                 
1     00000124  CONF_GPMC_A5_PTR             
1     00000158  CONF_GPMC_A6                 
1     00000128  CONF_GPMC_A6_PTR             
1     0000015c  CONF_GPMC_A7                 
1     0000012c  CONF_GPMC_A7_PTR             
1     00000160  CONF_GPMC_A8                 
1     00000130  CONF_GPMC_A8_PTR             
1     0000013c  CONF_LCD_DATA10              
1     0000010c  CONF_LCD_DATA10_PTR          
1     00000140  CONF_LCD_DATA14              
1     00000110  CONF_LCD_DATA14_PTR          
1     00000134  CONF_LCD_DATA8               
1     00000104  CONF_LCD_DATA8_PTR           
1     00000138  CONF_LCD_DATA9               
1     00000108  CONF_LCD_DATA9_PTR           
1     00000144  CONF_MCASP0_ACLKR            
1     00000114  CONF_MCASP0_ACLKR_PTR        
1     00000150  CONF_MCASP0_AHCLKX           
1     00000120  CONF_MCASP0_AHCLKX_PTR       
1     0000014c  CONF_MCASP0_AXR1             
1     0000011c  CONF_MCASP0_AXR1_PTR         
1     00000148  CONF_MCASP0_FSR              
1     00000118  CONF_MCASP0_FSR_PTR          
1     00000100  CONTROL_SYSCONFIG_PTR        
2     00026000  CT_CFG                       
1     000001b4  GPIO0_CLEARDATAOUT_ptr       
1     00000194  GPIO0_DATAOUT_ptr            
1     00000184  GPIO0_OE_ptr                 
1     000001a4  GPIO0_SETDATAOUT_ptr         
1     00000174  GPIO0_SYSCONFIG_ptr          
1     000001b8  GPIO1_CLEARDATAOUT_ptr       
1     00000198  GPIO1_DATAOUT_ptr            
1     00000188  GPIO1_OE_ptr                 
1     000001a8  GPIO1_SETDATAOUT_ptr         
1     00000178  GPIO1_SYSCONFIG_ptr          
1     000001bc  GPIO2_CLEARDATAOUT_ptr       
1     0000019c  GPIO2_DATAOUT_ptr            
1     0000018c  GPIO2_OE_ptr                 
1     000001ac  GPIO2_SETDATAOUT_ptr         
1     0000017c  GPIO2_SYSCONFIG_ptr          
1     000001c0  GPIO3_CLEARDATAOUT_ptr       
1     000001a0  GPIO3_DATAOUT_ptr            
1     00000190  GPIO3_OE_ptr                 
1     000001b0  GPIO3_SETDATAOUT_ptr         
1     00000180  GPIO3_SYSCONFIG_ptr          
abs   481cc000  __PRU_CREG_BASE_DCAN0        
abs   481d0000  __PRU_CREG_BASE_DCAN1        
abs   80000000  __PRU_CREG_BASE_DDR          
abs   48040000  __PRU_CREG_BASE_DMTIMER2     
abs   4a100000  __PRU_CREG_BASE_GEMAC        
abs   4802a000  __PRU_CREG_BASE_I2C1         
abs   4819c000  __PRU_CREG_BASE_I2C2         
abs   40000000  __PRU_CREG_BASE_L3OCMC       
abs   480c8000  __PRU_CREG_BASE_MBX0         
abs   46000000  __PRU_CREG_BASE_MCASP0_DMA   
abs   48030000  __PRU_CREG_BASE_MCSPI0       
abs   481a0000  __PRU_CREG_BASE_MCSPI1       
abs   48060000  __PRU_CREG_BASE_MMCHS0       
abs   00026000  __PRU_CREG_BASE_PRU_CFG      
abs   00000000  __PRU_CREG_BASE_PRU_DMEM_0_1 
abs   00002000  __PRU_CREG_BASE_PRU_DMEM_1_0 
abs   00030000  __PRU_CREG_BASE_PRU_ECAP     
abs   0002e000  __PRU_CREG_BASE_PRU_IEP      
abs   00020000  __PRU_CREG_BASE_PRU_INTC     
abs   00010000  __PRU_CREG_BASE_PRU_SHAREDMEM
abs   00028000  __PRU_CREG_BASE_PRU_UART     
abs   48300000  __PRU_CREG_BASE_PWMSS0       
abs   48302000  __PRU_CREG_BASE_PWMSS1       
abs   48304000  __PRU_CREG_BASE_PWMSS2       
abs   48318000  __PRU_CREG_BASE_RSVD10       
abs   48310000  __PRU_CREG_BASE_RSVD13       
abs   00032400  __PRU_CREG_BASE_RSVD21       
abs   00032000  __PRU_CREG_BASE_RSVD27       
abs   480ca000  __PRU_CREG_BASE_SPINLOCK     
abs   49000000  __PRU_CREG_BASE_TPCC         
abs   48022000  __PRU_CREG_BASE_UART1        
abs   48024000  __PRU_CREG_BASE_UART2        
abs   0000000e  __PRU_CREG_DCAN0             
abs   0000000f  __PRU_CREG_DCAN1             
abs   0000001f  __PRU_CREG_DDR               
abs   00000001  __PRU_CREG_DMTIMER2          
abs   00000009  __PRU_CREG_GEMAC             
abs   00000002  __PRU_CREG_I2C1              
abs   00000011  __PRU_CREG_I2C2              
abs   0000001e  __PRU_CREG_L3OCMC            
abs   00000016  __PRU_CREG_MBX0              
abs   00000008  __PRU_CREG_MCASP0_DMA        
abs   00000006  __PRU_CREG_MCSPI0            
abs   00000010  __PRU_CREG_MCSPI1            
abs   00000005  __PRU_CREG_MMCHS0            
abs   00000004  __PRU_CREG_PRU_CFG           
abs   00000018  __PRU_CREG_PRU_DMEM_0_1      
abs   00000019  __PRU_CREG_PRU_DMEM_1_0      
abs   00000003  __PRU_CREG_PRU_ECAP          
abs   0000001a  __PRU_CREG_PRU_IEP           
abs   00000000  __PRU_CREG_PRU_INTC          
abs   0000001c  __PRU_CREG_PRU_SHAREDMEM     
abs   00000007  __PRU_CREG_PRU_UART          
abs   00000012  __PRU_CREG_PWMSS0            
abs   00000013  __PRU_CREG_PWMSS1            
abs   00000014  __PRU_CREG_PWMSS2            
abs   0000000a  __PRU_CREG_RSVD10            
abs   0000000d  __PRU_CREG_RSVD13            
abs   00000015  __PRU_CREG_RSVD21            
abs   0000001b  __PRU_CREG_RSVD27            
abs   00000017  __PRU_CREG_SPINLOCK          
abs   0000001d  __PRU_CREG_TPCC              
abs   0000000b  __PRU_CREG_UART1             
abs   0000000c  __PRU_CREG_UART2             
1     00000100  __TI_STACK_END               
abs   00000100  __TI_STACK_SIZE              
abs   ffffffff  __c_args__                   
0     00000000  _c_int00_noinit_noargs       
1     00000000  _stack                       
0     00000800  abort                        
0     0000001c  main                         
1     000001d8  pru_intc_map                 
1     000001dc  resourceTable                


GLOBAL SYMBOLS: SORTED BY Symbol Address 

page  address   name                         
----  -------   ----                         
0     00000000  _c_int00_noinit_noargs       
0     0000001c  main                         
0     00000800  abort                        
0     00000808  C$$EXIT                      
1     00000000  _stack                       
1     00000100  CONTROL_SYSCONFIG_PTR        
1     00000100  __TI_STACK_END               
1     00000104  CONF_LCD_DATA8_PTR           
1     00000108  CONF_LCD_DATA9_PTR           
1     0000010c  CONF_LCD_DATA10_PTR          
1     00000110  CONF_LCD_DATA14_PTR          
1     00000114  CONF_MCASP0_ACLKR_PTR        
1     00000118  CONF_MCASP0_FSR_PTR          
1     0000011c  CONF_MCASP0_AXR1_PTR         
1     00000120  CONF_MCASP0_AHCLKX_PTR       
1     00000124  CONF_GPMC_A5_PTR             
1     00000128  CONF_GPMC_A6_PTR             
1     0000012c  CONF_GPMC_A7_PTR             
1     00000130  CONF_GPMC_A8_PTR             
1     00000134  CONF_LCD_DATA8               
1     00000138  CONF_LCD_DATA9               
1     0000013c  CONF_LCD_DATA10              
1     00000140  CONF_LCD_DATA14              
1     00000144  CONF_MCASP0_ACLKR            
1     00000148  CONF_MCASP0_FSR              
1     0000014c  CONF_MCASP0_AXR1             
1     00000150  CONF_MCASP0_AHCLKX           
1     00000154  CONF_GPMC_A5                 
1     00000158  CONF_GPMC_A6                 
1     0000015c  CONF_GPMC_A7                 
1     00000160  CONF_GPMC_A8                 
1     00000164  CM_WKUP_GPIO0_CLKCTRL_PTR    
1     00000168  CM_PER_GPIO1_CLKCTRL_PTR     
1     0000016c  CM_PER_GPIO2_CLKCTRL_PTR     
1     00000170  CM_PER_GPIO3_CLKCTRL_PTR     
1     00000174  GPIO0_SYSCONFIG_ptr          
1     00000178  GPIO1_SYSCONFIG_ptr          
1     0000017c  GPIO2_SYSCONFIG_ptr          
1     00000180  GPIO3_SYSCONFIG_ptr          
1     00000184  GPIO0_OE_ptr                 
1     00000188  GPIO1_OE_ptr                 
1     0000018c  GPIO2_OE_ptr                 
1     00000190  GPIO3_OE_ptr                 
1     00000194  GPIO0_DATAOUT_ptr            
1     00000198  GPIO1_DATAOUT_ptr            
1     0000019c  GPIO2_DATAOUT_ptr            
1     000001a0  GPIO3_DATAOUT_ptr            
1     000001a4  GPIO0_SETDATAOUT_ptr         
1     000001a8  GPIO1_SETDATAOUT_ptr         
1     000001ac  GPIO2_SETDATAOUT_ptr         
1     000001b0  GPIO3_SETDATAOUT_ptr         
1     000001b4  GPIO0_CLEARDATAOUT_ptr       
1     000001b8  GPIO1_CLEARDATAOUT_ptr       
1     000001bc  GPIO2_CLEARDATAOUT_ptr       
1     000001c0  GPIO3_CLEARDATAOUT_ptr       
1     000001c4  CM_WKUP_CONTROL_CLKCTRL_PTR  
1     000001c8  CM_CLKSEL_DPLL_CORE_PTR      
1     000001cc  CM_CLKMODE_DPLL_CORE_PTR     
1     000001d0  CM_DIV_M4_DPLL_CORE_PTR      
1     000001d4  CM_DIV_M5_DPLL_CORE_PTR      
1     000001d8  pru_intc_map                 
1     000001dc  resourceTable                
2     00026000  CT_CFG                       
abs   00000000  __PRU_CREG_BASE_PRU_DMEM_0_1 
abs   00000000  __PRU_CREG_PRU_INTC          
abs   00000001  __PRU_CREG_DMTIMER2          
abs   00000002  __PRU_CREG_I2C1              
abs   00000003  __PRU_CREG_PRU_ECAP          
abs   00000004  __PRU_CREG_PRU_CFG           
abs   00000005  __PRU_CREG_MMCHS0            
abs   00000006  __PRU_CREG_MCSPI0            
abs   00000007  __PRU_CREG_PRU_UART          
abs   00000008  __PRU_CREG_MCASP0_DMA        
abs   00000009  __PRU_CREG_GEMAC             
abs   0000000a  __PRU_CREG_RSVD10            
abs   0000000b  __PRU_CREG_UART1             
abs   0000000c  __PRU_CREG_UART2             
abs   0000000d  __PRU_CREG_RSVD13            
abs   0000000e  __PRU_CREG_DCAN0             
abs   0000000f  __PRU_CREG_DCAN1             
abs   00000010  __PRU_CREG_MCSPI1            
abs   00000011  __PRU_CREG_I2C2              
abs   00000012  __PRU_CREG_PWMSS0            
abs   00000013  __PRU_CREG_PWMSS1            
abs   00000014  __PRU_CREG_PWMSS2            
abs   00000015  __PRU_CREG_RSVD21            
abs   00000016  __PRU_CREG_MBX0              
abs   00000017  __PRU_CREG_SPINLOCK          
abs   00000018  __PRU_CREG_PRU_DMEM_0_1      
abs   00000019  __PRU_CREG_PRU_DMEM_1_0      
abs   0000001a  __PRU_CREG_PRU_IEP           
abs   0000001b  __PRU_CREG_RSVD27            
abs   0000001c  __PRU_CREG_PRU_SHAREDMEM     
abs   0000001d  __PRU_CREG_TPCC              
abs   0000001e  __PRU_CREG_L3OCMC            
abs   0000001f  __PRU_CREG_DDR               
abs   00000100  __TI_STACK_SIZE              
abs   00002000  __PRU_CREG_BASE_PRU_DMEM_1_0 
abs   00010000  __PRU_CREG_BASE_PRU_SHAREDMEM
abs   00020000  __PRU_CREG_BASE_PRU_INTC     
abs   00026000  __PRU_CREG_BASE_PRU_CFG      
abs   00028000  __PRU_CREG_BASE_PRU_UART     
abs   0002e000  __PRU_CREG_BASE_PRU_IEP      
abs   00030000  __PRU_CREG_BASE_PRU_ECAP     
abs   00032000  __PRU_CREG_BASE_RSVD27       
abs   00032400  __PRU_CREG_BASE_RSVD21       
abs   40000000  __PRU_CREG_BASE_L3OCMC       
abs   46000000  __PRU_CREG_BASE_MCASP0_DMA   
abs   48022000  __PRU_CREG_BASE_UART1        
abs   48024000  __PRU_CREG_BASE_UART2        
abs   4802a000  __PRU_CREG_BASE_I2C1         
abs   48030000  __PRU_CREG_BASE_MCSPI0       
abs   48040000  __PRU_CREG_BASE_DMTIMER2     
abs   48060000  __PRU_CREG_BASE_MMCHS0       
abs   480c8000  __PRU_CREG_BASE_MBX0         
abs   480ca000  __PRU_CREG_BASE_SPINLOCK     
abs   4819c000  __PRU_CREG_BASE_I2C2         
abs   481a0000  __PRU_CREG_BASE_MCSPI1       
abs   481cc000  __PRU_CREG_BASE_DCAN0        
abs   481d0000  __PRU_CREG_BASE_DCAN1        
abs   48300000  __PRU_CREG_BASE_PWMSS0       
abs   48302000  __PRU_CREG_BASE_PWMSS1       
abs   48304000  __PRU_CREG_BASE_PWMSS2       
abs   48310000  __PRU_CREG_BASE_RSVD13       
abs   48318000  __PRU_CREG_BASE_RSVD10       
abs   49000000  __PRU_CREG_BASE_TPCC         
abs   4a100000  __PRU_CREG_BASE_GEMAC        
abs   80000000  __PRU_CREG_BASE_DDR          
abs   ffffffff  __c_args__                   

[129 symbols]
