Archive member included to satisfy reference by file (symbol)

/media/constantine/Work/SoundDevice/SoundDevice_endPoint/TI/ccs_workspace/rtos_template_app_am335x_a8/src/sysbios/sysbios.aa8fg(arm_TaskSupport_asm_gnu.o)
                              /media/constantine/Work/SoundDevice/SoundDevice_endPoint/TI/ccs_workspace/rtos_template_app_am335x_a8/Debug/configPkg/package/cfg/main_pa8fg.oa8fg (ti_sysbios_family_arm_TaskSupport_swap__E)
/media/constantine/Work/SoundDevice/SoundDevice_endPoint/TI/ccs_workspace/rtos_template_app_am335x_a8/src/sysbios/sysbios.aa8fg(a8_Cache_asm_gnu.o)
                              /media/constantine/Work/SoundDevice/SoundDevice_endPoint/TI/ccs_workspace/rtos_template_app_am335x_a8/Debug/configPkg/package/cfg/main_pa8fg.oa8fg (ti_sysbios_family_arm_a8_Cache_wb__E)
/media/constantine/Work/SoundDevice/SoundDevice_endPoint/TI/ccs_workspace/rtos_template_app_am335x_a8/src/sysbios/sysbios.aa8fg(a8_TimestampProvider_asm_gnu.o)
                              /media/constantine/Work/SoundDevice/SoundDevice_endPoint/TI/ccs_workspace/rtos_template_app_am335x_a8/Debug/configPkg/package/cfg/main_pa8fg.oa8fg (ti_sysbios_family_arm_a8_TimestampProvider_get32__E)
/media/constantine/Work/SoundDevice/SoundDevice_endPoint/TI/ccs_workspace/rtos_template_app_am335x_a8/src/sysbios/sysbios.aa8fg(intcps_Hwi_asm_gnu.o)
                              /media/constantine/Work/SoundDevice/SoundDevice_endPoint/TI/ccs_workspace/rtos_template_app_am335x_a8/Debug/configPkg/package/cfg/main_pa8fg.oa8fg (ti_sysbios_family_arm_a8_intcps_Hwi_dispatchIRQ(int0_t))
/media/constantine/Work/SoundDevice/SoundDevice_endPoint/TI/ccs_workspace/rtos_template_app_am335x_a8/src/sysbios/sysbios.aa8fg(exc_Exception_asm_gnu.o)
                              /media/constantine/Work/SoundDevice/SoundDevice_endPoint/TI/ccs_workspace/rtos_template_app_am335x_a8/Debug/configPkg/package/cfg/main_pa8fg.oa8fg (ti_sysbios_family_arm_exc_Exception_excHandlerAsm(int0_t))
/media/constantine/Work/SoundDevice/SoundDevice_endPoint/TI/ccs_workspace/rtos_template_app_am335x_a8/src/sysbios/sysbios.aa8fg(_BIOS.o)
                              /media/constantine/Work/SoundDevice/SoundDevice_endPoint/TI/ccs_workspace/rtos_template_app_am335x_a8/Debug/configPkg/package/cfg/main_pa8fg.oa8fg (ti_sysbios_BIOS_linkedWithIncorrectBootLibrary__E)
/media/constantine/Work/SoundDevice/SoundDevice_endPoint/TI/ccs_workspace/rtos_template_app_am335x_a8/src/sysbios/sysbios.aa8fg(arm_IntrinsicsSupport.o)
                              /media/constantine/Work/SoundDevice/SoundDevice_endPoint/TI/ccs_workspace/rtos_template_app_am335x_a8/Debug/configPkg/package/cfg/main_pa8fg.oa8fg (ti_sysbios_family_arm_IntrinsicsSupport_maxbit__E)
/media/constantine/Work/SoundDevice/SoundDevice_endPoint/TI/ccs_workspace/rtos_template_app_am335x_a8/src/sysbios/sysbios.aa8fg(arm_TaskSupport.o)
                              /media/constantine/Work/SoundDevice/SoundDevice_endPoint/TI/ccs_workspace/rtos_template_app_am335x_a8/Debug/configPkg/package/cfg/main_pa8fg.oa8fg (ti_sysbios_family_arm_TaskSupport_start__E)
/media/constantine/Work/SoundDevice/SoundDevice_endPoint/TI/ccs_workspace/rtos_template_app_am335x_a8/src/sysbios/sysbios.aa8fg(knl_Clock.o)
                              /media/constantine/Work/SoundDevice/SoundDevice_endPoint/TI/ccs_workspace/rtos_template_app_am335x_a8/Debug/configPkg/package/cfg/main_pa8fg.oa8fg (ti_sysbios_knl_Clock_Module_startup__E)
/media/constantine/Work/SoundDevice/SoundDevice_endPoint/TI/ccs_workspace/rtos_template_app_am335x_a8/src/sysbios/sysbios.aa8fg(knl_Idle.o)
                              /media/constantine/Work/SoundDevice/SoundDevice_endPoint/TI/ccs_workspace/rtos_template_app_am335x_a8/Debug/configPkg/package/cfg/main_pa8fg.oa8fg (ti_sysbios_knl_Idle_loop__E)
/media/constantine/Work/SoundDevice/SoundDevice_endPoint/TI/ccs_workspace/rtos_template_app_am335x_a8/src/sysbios/sysbios.aa8fg(knl_Queue.o)
                              /media/constantine/Work/SoundDevice/SoundDevice_endPoint/TI/ccs_workspace/rtos_template_app_am335x_a8/Debug/configPkg/package/cfg/main_pa8fg.oa8fg (ti_sysbios_knl_Queue_Instance_init__E)
/media/constantine/Work/SoundDevice/SoundDevice_endPoint/TI/ccs_workspace/rtos_template_app_am335x_a8/src/sysbios/sysbios.aa8fg(knl_Semaphore.o)
                              /media/constantine/Work/SoundDevice/SoundDevice_endPoint/TI/ccs_workspace/rtos_template_app_am335x_a8/Debug/configPkg/package/cfg/main_pa8fg.oa8fg (ti_sysbios_knl_Semaphore_Instance_init__E)
/media/constantine/Work/SoundDevice/SoundDevice_endPoint/TI/ccs_workspace/rtos_template_app_am335x_a8/src/sysbios/sysbios.aa8fg(knl_Swi.o)
                              /media/constantine/Work/SoundDevice/SoundDevice_endPoint/TI/ccs_workspace/rtos_template_app_am335x_a8/Debug/configPkg/package/cfg/main_pa8fg.oa8fg (ti_sysbios_knl_Swi_Module_startup__E)
[...]
Memory Configuration

Name             Origin             Length             Attributes
SRAM_LO          0x00000000402f0000 0x0000000000000400 xrw
SRAM_HI          0x00000000402f0400 0x000000000000fc00 xrw
OCMC_SRAM        0x0000000040300000 0x0000000000010000 xrw
DDR3             0x0000000080000000 0x0000000020000000
*default*        0x0000000000000000 0xffffffffffffffff

Linker script and memory map

                0x000000000001c000                STACKSIZE = 0x1c000
                0x0000000000000400                HEAPSIZE = 0x400
LOAD ./app.o
LOAD ./main.o
                0x0000000000001000                __TI_STACK_SIZE = 0x1000
                0x0000000000001000                __STACK_SIZE = __TI_STACK_SIZE
                0x0000000000000000                __HEAP_SIZE = 0x0
LOAD /media/constantine/Work/SoundDevice/SoundDevice_endPoint/TI/ccs_workspace/rtos_template_app_am335x_a8/Debug/configPkg/package/cfg/main_pa8fg.oa8fg
LOAD /media/constantine/Work/SoundDevice/SoundDevice_endPoint/TI/ccs_workspace/rtos_template_app_am335x_a8/src/sysbios/sysbios.aa8fg
LOAD /media/constantine/Work/SoundDevice/SoundDevice_endPoint/TI/am335x/RTOS_SDK/pdk_am335x_1_0_13/packages/ti/drv/spi/lib/am335x/a8/release/ti.drv.spi.aa8fg
LOAD /media/constantine/Work/SoundDevice/SoundDevice_endPoint/TI/am335x/RTOS_SDK/pdk_am335x_1_0_13/packages/ti/drv/uart/lib/am335x/a8/release/ti.drv.uart.aa8fg
LOAD /media/constantine/Work/SoundDevice/SoundDevice_endPoint/TI/am335x/RTOS_SDK/pdk_am335x_1_0_13/packages/ti/drv/i2c/lib/am335x/a8/release/ti.drv.i2c.aa8fg
LOAD /media/constantine/Work/SoundDevice/SoundDevice_endPoint/TI/am335x/RTOS_SDK/pdk_am335x_1_0_13/packages/ti/csl/lib/am335x/a8/release/ti.csl.aa8fg
LOAD /media/constantine/Work/SoundDevice/SoundDevice_endPoint/TI/am335x/RTOS_SDK/pdk_am335x_1_0_13/packages/ti/osal/lib/tirtos/a8/release/ti.osal.aa8fg
LOAD /home/constantine/ti/bios_6_75_01_05/packages/gnu/targets/arm/rtsv7A/lib/gnu.targets.arm.rtsv7A.aa8fg
LOAD /home/constantine/ti/bios_6_75_01_05/packages/gnu/targets/arm/rtsv7A/lib/boot.aa8fg
LOAD /home/constantine/ti/bios_6_75_01_05/packages/gnu/targets/arm/rtsv7A/lib/syscalls.aa8fg
                0x0000000000000001                xdc_runtime_Startup__EXECFXN__C = 0x1
                0x0000000000000001                xdc_runtime_Startup__RESETFXN__C = 0x1
                0x0000000048200000                ti_sysbios_family_arm_a8_intcps_Hwi_intc = 0x48200000

.vecs
 *(.vecs)

ti.sysbios.family.arm.a8.mmuTableSection
                0x0000000080000000     0x4000
 *(ti.sysbios.family.arm.a8.mmuTableSection)
 ti.sysbios.family.arm.a8.mmuTableSection
                0x0000000080000000     0x4000 /media/constantine/Work/SoundDevice/SoundDevice_endPoint/TI/ccs_workspace/rtos_template_app_am335x_a8/Debug/configPkg/package/cfg/main_pa8fg.oa8fg
                0x0000000080000000                ti_sysbios_family_arm_a8_Mmu_Module_State_0_tableBuf__A

xdc.meta        0x0000000080004000      0x123
 *(xdc.meta)
 xdc.meta       0x0000000080004000      0x123 /media/constantine/Work/SoundDevice/SoundDevice_endPoint/TI/ccs_workspace/rtos_template_app_am335x_a8/Debug/configPkg/package/cfg/main_pa8fg.oa8fg
                0x0000000080004000                __TRDR__
                0x0000000080004028                __TARG__
                0x000000008000404c                __PLAT__
                0x0000000080004074                __ISA__
                0x0000000080004088                __ASM__

.c_int00        0x0000000080004124       0xb4
 *(.c_int00)
 .c_int00       0x0000000080004124       0xb4 /home/constantine/ti/bios_6_75_01_05/packages/gnu/targets/arm/rtsv7A/lib/boot.aa8fg(boot.oa8fg)
                0x0000000080004124                _c_int00

.text           0x00000000800041e0    0x16218
 CREATE_OBJECT_SYMBOLS
 *(.resetVecs)
 *(.text)
 .text          0x00000000800041e0      0x390 ./app.o
                0x00000000800041e0                uart_task
                0x0000000080004304                spi_test_task
                0x0000000080004340                i2c_eeprom_read_and_display_task
                0x000000008000446c                biosTaskCreate
                0x00000000800044fc                appTasksCreate
 .text          0x0000000080004570       0xa8 ./main.o
                0x0000000080004570                appExitFunction
                0x0000000080004584                peripheralInit
                0x00000000800045c8                main
 .text          0x0000000080004618        0x0 /media/constantine/Work/SoundDevice/SoundDevice_endPoint/TI/ccs_workspace/rtos_template_app_am335x_a8/Debug/configPkg/package/cfg/main_pa8fg.oa8fg
 *fill*         0x0000000080004618        0x8 
 .text          0x0000000080004620        0x0 /media/constantine/Work/SoundDevice/SoundDevice_endPoint/TI/ccs_workspace/rtos_template_app_am335x_a8/src/sysbios/sysbios.aa8fg(arm_TaskSupport_asm_gnu.o)
 .text          0x0000000080004620        0x0 /media/constantine/Work/SoundDevice/SoundDevice_endPoint/TI/ccs_workspace/rtos_template_app_am335x_a8/src/sysbios/sysbios.aa8fg(a8_Cache_asm_gnu.o)
 .text          0x0000000080004620        0x0 /media/constantine/Work/SoundDevice/SoundDevice_endPoint/TI/ccs_workspace/rtos_template_app_am335x_a8/src/sysbios/sysbios.aa8fg(a8_TimestampProvider_asm_gnu.o)
 .text          0x0000000080004620        0x0 /media/constantine/Work/SoundDevice/SoundDevice_endPoint/TI/ccs_workspace/rtos_template_app_am335x_a8/src/sysbios/sysbios.aa8fg(intcps_Hwi_asm_gnu.o)
 .text          0x0000000080004620        0x0 /media/constantine/Work/SoundDevice/SoundDevice_endPoint/TI/ccs_workspace/rtos_template_app_am335x_a8/src/sysbios/sysbios.aa8fg(exc_Exception_asm_gnu.o)
 .text          0x0000000080004620        0x0 /media/constantine/Work/SoundDevice/SoundDevice_endPoint/TI/ccs_workspace/rtos_template_app_am335x_a8/src/sysbios/sysbios.aa8fg(_BIOS.o)
 .text          0x0000000080004620        0x0 /media/constantine/Work/SoundDevice/SoundDevice_endPoint/TI/ccs_workspace/rtos_template_app_am335x_a8/src/sysbios/sysbios.aa8fg(arm_IntrinsicsSupport.o)
 .text          0x0000000080004620        0x0 /media/constantine/Work/SoundDevice/SoundDevice_endPoint/TI/ccs_workspace/rtos_template_app_am335x_a8/src/sysbios/sysbios.aa8fg(arm_TaskSupport.o)
 .text          0x0000000080004620        0x0 /media/constantine/Work/SoundDevice/SoundDevice_endPoint/TI/ccs_workspace/rtos_template_app_am335x_a8/src/sysbios/sysbios.aa8fg(knl_Clock.o)
 .text          0x0000000080004620        0x0 /media/constantine/Work/SoundDevice/SoundDevice_endPoint/TI/ccs_workspace/rtos_template_app_am335x_a8/src/sysbios/sysbios.aa8fg(knl_Idle.o)
 .text          0x0000000080004620        0x0 /media/constantine/Work/SoundDevice/SoundDevice_endPoint/TI/ccs_workspace/rtos_template_app_am335x_a8/src/sysbios/sysbios.aa8fg(knl_Queue.o)
 .text          0x0000000080004620        0x0 /media/constantine/Work/SoundDevice/SoundDevice_endPoint/TI/ccs_workspace/rtos_template_app_am335x_a8/src/sysbios/sysbios.aa8fg(knl_Semaphore.o)
 .text          0x0000000080004620        0x0 /media/constantine/Work/SoundDevice/SoundDevice_endPoint/TI/ccs_workspace/rtos_template_app_am335x_a8/src/sysbios/sysbios.aa8fg(knl_Swi.o)
 .text          0x0000000080004620        0x0 /media/constantine/Work/SoundDevice/SoundDevice_endPoint/TI/ccs_workspace/rtos_template_app_am335x_a8/src/sysbios/sysbios.aa8fg(knl_Task.o)
 .text          0x0000000080004620        0x0 /media/constantine/Work/SoundDevice/SoundDevice_endPoint/TI/ccs_workspace/rtos_template_app_am335x_a8/src/sysbios/sysbios.aa8fg(hal_Core.o)
 .text          0x0000000080004620        0x0 /media/constantine/Work/SoundDevice/SoundDevice_endPoint/TI/ccs_workspace/rtos_template_app_am335x_a8/src/sysbios/sysbios.aa8fg(hal_CoreNull.o)
 .text          0x0000000080004620        0x0 /media/constantine/Work/SoundDevice/SoundDevice_endPoint/TI/ccs_workspace/rtos_template_app_am335x_a8/src/sysbios/sysbios.aa8fg(hal_Hwi.o)
 .text          0x0000000080004620        0x0 /media/constantine/Work/SoundDevice/SoundDevice_endPoint/TI/ccs_workspace/rtos_template_app_am335x_a8/src/sysbios/sysbios.aa8fg(hal_Hwi_stack.o)
 .text          0x0000000080004620        0x0 /media/constantine/Work/SoundDevice/SoundDevice_endPoint/TI/ccs_workspace/rtos_template_app_am335x_a8/src/sysbios/sysbios.aa8fg(hal_Hwi_startup.o)
 .text          0x0000000080004620        0x0 /media/constantine/Work/SoundDevice/SoundDevice_endPoint/TI/ccs_workspace/rtos_template_app_am335x_a8/src/sysbios/sysbios.aa8fg(gnu_ReentSupport.o)
 .text          0x0000000080004620        0x0 /media/constantine/Work/SoundDevice/SoundDevice_endPoint/TI/ccs_workspace/rtos_template_app_am335x_a8/src/sysbios/sysbios.aa8fg(gnu_SemiHostSupport.o)
 .text          0x0000000080004620        0x0 /media/constantine/Work/SoundDevice/SoundDevice_endPoint/TI/ccs_workspace/rtos_template_app_am335x_a8/src/sysbios/sysbios.aa8fg(a8_Cache.o)
 .text          0x0000000080004620        0x0 /media/constantine/Work/SoundDevice/SoundDevice_endPoint/TI/ccs_workspace/rtos_template_app_am335x_a8/src/sysbios/sysbios.aa8fg(a8_Mmu.o)
 .text          0x0000000080004620        0x0 /media/constantine/Work/SoundDevice/SoundDevice_endPoint/TI/ccs_workspace/rtos_template_app_am335x_a8/src/sysbios/sysbios.aa8fg(a8_TimestampProvider.o)
 .text          0x0000000080004620        0x0 /media/constantine/Work/SoundDevice/SoundDevice_endPoint/TI/ccs_workspace/rtos_template_app_am335x_a8/src/sysbios/sysbios.aa8fg(intcps_Hwi.o)
 .text          0x0000000080004620        0x0 /media/constantine/Work/SoundDevice/SoundDevice_endPoint/TI/ccs_workspace/rtos_template_app_am335x_a8/src/sysbios/sysbios.aa8fg(exc_Exception.o)
 .text          0x0000000080004620        0x0 /media/constantine/Work/SoundDevice/SoundDevice_endPoint/TI/ccs_workspace/rtos_template_app_am335x_a8/src/sysbios/sysbios.aa8fg(gates_GateHwi.o)
 .text          0x0000000080004620        0x0 /media/constantine/Work/SoundDevice/SoundDevice_endPoint/TI/ccs_workspace/rtos_template_app_am335x_a8/src/sysbios/sysbios.aa8fg(gates_GateMutex.o)
 .text          0x0000000080004620        0x0 /media/constantine/Work/SoundDevice/SoundDevice_endPoint/TI/ccs_workspace/rtos_template_app_am335x_a8/src/sysbios/sysbios.aa8fg(heaps_HeapMem.o)
 .text          0x0000000080004620        0x0 /media/constantine/Work/SoundDevice/SoundDevice_endPoint/TI/ccs_workspace/rtos_template_app_am335x_a8/src/sysbios/sysbios.aa8fg(dmtimer_Timer.o)
 .text          0x0000000080004620        0x0 /media/constantine/Work/SoundDevice/SoundDevice_endPoint/TI/ccs_workspace/rtos_template_app_am335x_a8/src/sysbios/sysbios.aa8fg(ti81xx_TimerSupport.o)
 .text          0x0000000080004620        0x0 /media/constantine/Work/SoundDevice/SoundDevice_endPoint/TI/ccs_workspace/rtos_template_app_am335x_a8/src/sysbios/sysbios.aa8fg(arm_IntrinsicsSupport_asm_gnu.o)
 .text          0x0000000080004620        0x0 /media/constantine/Work/SoundDevice/SoundDevice_endPoint/TI/ccs_workspace/rtos_template_app_am335x_a8/src/sysbios/sysbios.aa8fg(a8_Mmu_asm_gnu.o)
 .text          0x0000000080004620        0xc /media/constantine/Work/SoundDevice/SoundDevice_endPoint/TI/ccs_workspace/rtos_template_app_am335x_a8/src/sysbios/sysbios.aa8fg(dmtimer_Timer_asm_gnu.o)
                0x0000000080004620                ti_sysbios_timers_dmtimer_Timer_spinLoop(int0_t)
 .text          0x000000008000462c        0x0 /media/constantine/Work/SoundDevice/SoundDevice_endPoint/TI/am335x/RTOS_SDK/pdk_am335x_1_0_13/packages/ti/drv/spi/lib/am335x/a8/release/ti.drv.spi.aa8fg(SPI_drv.oa8fg)
 .text          0x000000008000462c        0x0 /media/constantine/Work/SoundDevice/SoundDevice_endPoint/TI/am335x/RTOS_SDK/pdk_am335x_1_0_13/packages/ti/drv/spi/lib/am335x/a8/release/ti.drv.spi.aa8fg(SPI_soc.oa8fg)
 .text          0x000000008000462c        0x0 /media/constantine/Work/SoundDevice/SoundDevice_endPoint/TI/am335x/RTOS_SDK/pdk_am335x_1_0_13/packages/ti/drv/spi/lib/am335x/a8/release/ti.drv.spi.aa8fg(ESPI_v2.oa8fg)
 .text          0x000000008000462c        0x0 /media/constantine/Work/SoundDevice/SoundDevice_endPoint/TI/am335x/RTOS_SDK/pdk_am335x_1_0_13/packages/ti/drv/spi/lib/am335x/a8/release/ti.drv.spi.aa8fg(SPI_v1.oa8fg)
 .text          0x000000008000462c        0x0 /media/constantine/Work/SoundDevice/SoundDevice_endPoint/TI/am335x/RTOS_SDK/pdk_am335x_1_0_13/packages/ti/drv/spi/lib/am335x/a8/release/ti.drv.spi.aa8fg(QSPI_v1.oa8fg)
 .text          0x000000008000462c        0x0 /media/constantine/Work/SoundDevice/SoundDevice_endPoint/TI/am335x/RTOS_SDK/pdk_am335x_1_0_13/packages/ti/drv/uart/lib/am335x/a8/release/ti.drv.uart.aa8fg(UART_drv.oa8fg)
 .text          0x000000008000462c        0x0 /media/constantine/Work/SoundDevice/SoundDevice_endPoint/TI/am335x/RTOS_SDK/pdk_am335x_1_0_13/packages/ti/drv/uart/lib/am335x/a8/release/ti.drv.uart.aa8fg(UART_stdio.oa8fg)
 .text          0x000000008000462c        0x0 /media/constantine/Work/SoundDevice/SoundDevice_endPoint/TI/am335x/RTOS_SDK/pdk_am335x_1_0_13/packages/ti/drv/uart/lib/am335x/a8/release/ti.drv.uart.aa8fg(UART_ascii_utils.oa8fg)
 .text          0x000000008000462c        0x0 /media/constantine/Work/SoundDevice/SoundDevice_endPoint/TI/am335x/RTOS_SDK/pdk_am335x_1_0_13/packages/ti/drv/uart/lib/am335x/a8/release/ti.drv.uart.aa8fg(UART_soc.oa8fg)
 .text          0x000000008000462c        0x0 /media/constantine/Work/SoundDevice/SoundDevice_endPoint/TI/am335x/RTOS_SDK/pdk_am335x_1_0_13/packages/ti/drv/uart/lib/am335x/a8/release/ti.drv.uart.aa8fg(UART_v1.oa8fg)
 .text          0x000000008000462c        0x0 /media/constantine/Work/SoundDevice/SoundDevice_endPoint/TI/am335x/RTOS_SDK/pdk_am335x_1_0_13/packages/ti/drv/i2c/lib/am335x/a8/release/ti.drv.i2c.aa8fg(I2C_drv.oa8fg)
 .text          0x000000008000462c        0x0 /media/constantine/Work/SoundDevice/SoundDevice_endPoint/TI/am335x/RTOS_SDK/pdk_am335x_1_0_13/packages/ti/drv/i2c/lib/am335x/a8/release/ti.drv.i2c.aa8fg(I2C_soc.oa8fg)
 .text          0x000000008000462c        0x0 /media/constantine/Work/SoundDevice/SoundDevice_endPoint/TI/am335x/RTOS_SDK/pdk_am335x_1_0_13/packages/ti/drv/i2c/lib/am335x/a8/release/ti.drv.i2c.aa8fg(I2C_v2.oa8fg)
 .text          0x000000008000462c        0x0 /media/constantine/Work/SoundDevice/SoundDevice_endPoint/TI/am335x/RTOS_SDK/pdk_am335x_1_0_13/packages/ti/drv/i2c/lib/am335x/a8/release/ti.drv.i2c.aa8fg(I2C_v1.oa8fg)
 .text          0x000000008000462c        0x0 /media/constantine/Work/SoundDevice/SoundDevice_endPoint/TI/am335x/RTOS_SDK/pdk_am335x_1_0_13/packages/ti/csl/lib/am335x/a8/release/ti.csl.aa8fg(i2c.oa8fg)
 .text          0x000000008000462c        0x0 /media/constantine/Work/SoundDevice/SoundDevice_endPoint/TI/am335x/RTOS_SDK/pdk_am335x_1_0_13/packages/ti/csl/lib/am335x/a8/release/ti.csl.aa8fg(mcspi.oa8fg)
 .text          0x000000008000462c        0x0 /media/constantine/Work/SoundDevice/SoundDevice_endPoint/TI/am335x/RTOS_SDK/pdk_am335x_1_0_13/packages/ti/csl/lib/am335x/a8/release/ti.csl.aa8fg(qspi.oa8fg)
 .text          0x000000008000462c        0x0 /media/constantine/Work/SoundDevice/SoundDevice_endPoint/TI/am335x/RTOS_SDK/pdk_am335x_1_0_13/packages/ti/csl/lib/am335x/a8/release/ti.csl.aa8fg(uart.oa8fg)
 .text          0x000000008000462c        0x0 /media/constantine/Work/SoundDevice/SoundDevice_endPoint/TI/am335x/RTOS_SDK/pdk_am335x_1_0_13/packages/ti/osal/lib/tirtos/a8/release/ti.osal.aa8fg(SemaphoreP_tirtos.oa8fg)
 .text          0x000000008000462c        0x0 /media/constantine/Work/SoundDevice/SoundDevice_endPoint/TI/am335x/RTOS_SDK/pdk_am335x_1_0_13/packages/ti/osal/lib/tirtos/a8/release/ti.osal.aa8fg(HwiP_tirtos.oa8fg)
 .text          0x000000008000462c        0x0 /media/constantine/Work/SoundDevice/SoundDevice_endPoint/TI/am335x/RTOS_SDK/pdk_am335x_1_0_13/packages/ti/osal/lib/tirtos/a8/release/ti.osal.aa8fg(Utils_tirtos.oa8fg)
 .text          0x000000008000462c        0x0 /media/constantine/Work/SoundDevice/SoundDevice_endPoint/TI/am335x/RTOS_SDK/pdk_am335x_1_0_13/packages/ti/osal/lib/tirtos/a8/release/ti.osal.aa8fg(RegisterIntr_tirtos.oa8fg)
 .text          0x000000008000462c        0x0 /home/constantine/ti/bios_6_75_01_05/packages/gnu/targets/arm/rtsv7A/lib/gnu.targets.arm.rtsv7A.aa8fg(Assert.oa8fg)
 .text          0x000000008000462c        0x0 /home/constantine/ti/bios_6_75_01_05/packages/gnu/targets/arm/rtsv7A/lib/gnu.targets.arm.rtsv7A.aa8fg(Core-mem.oa8fg)
 .text          0x000000008000462c        0x0 /home/constantine/ti/bios_6_75_01_05/packages/gnu/targets/arm/rtsv7A/lib/gnu.targets.arm.rtsv7A.aa8fg(Core-smem.oa8fg)
 .text          0x000000008000462c        0x0 /home/constantine/ti/bios_6_75_01_05/packages/gnu/targets/arm/rtsv7A/lib/gnu.targets.arm.rtsv7A.aa8fg(Core-label.oa8fg)
 .text          0x000000008000462c        0x0 /home/constantine/ti/bios_6_75_01_05/packages/gnu/targets/arm/rtsv7A/lib/gnu.targets.arm.rtsv7A.aa8fg(Core-params.oa8fg)
 .text          0x000000008000462c        0x0 /home/constantine/ti/bios_6_75_01_05/packages/gnu/targets/arm/rtsv7A/lib/gnu.targets.arm.rtsv7A.aa8fg(Error.oa8fg)
 .text          0x000000008000462c        0x0 /home/constantine/ti/bios_6_75_01_05/packages/gnu/targets/arm/rtsv7A/lib/gnu.targets.arm.rtsv7A.aa8fg(Gate.oa8fg)
 .text          0x000000008000462c        0x0 /home/constantine/ti/bios_6_75_01_05/packages/gnu/targets/arm/rtsv7A/lib/gnu.targets.arm.rtsv7A.aa8fg(LoggerBuf.oa8fg)
 .text          0x000000008000462c        0x0 /home/constantine/ti/bios_6_75_01_05/packages/gnu/targets/arm/rtsv7A/lib/gnu.targets.arm.rtsv7A.aa8fg(Memory.oa8fg)
 .text          0x000000008000462c        0x0 /home/constantine/ti/bios_6_75_01_05/packages/gnu/targets/arm/rtsv7A/lib/gnu.targets.arm.rtsv7A.aa8fg(Startup.oa8fg)
 .text          0x000000008000462c        0x0 /home/constantine/ti/bios_6_75_01_05/packages/gnu/targets/arm/rtsv7A/lib/gnu.targets.arm.rtsv7A.aa8fg(System.oa8fg)
 .text          0x000000008000462c        0x0 /home/constantine/ti/bios_6_75_01_05/packages/gnu/targets/arm/rtsv7A/lib/gnu.targets.arm.rtsv7A.aa8fg(SysMin.oa8fg)
 .text          0x000000008000462c        0x0 /home/constantine/ti/bios_6_75_01_05/packages/gnu/targets/arm/rtsv7A/lib/gnu.targets.arm.rtsv7A.aa8fg(Text.oa8fg)
 .text          0x000000008000462c        0x0 /home/constantine/ti/bios_6_75_01_05/packages/gnu/targets/arm/rtsv7A/lib/gnu.targets.arm.rtsv7A.aa8fg(Timestamp.oa8fg)
 .text          0x000000008000462c        0x0 /home/constantine/ti/bios_6_75_01_05/packages/gnu/targets/arm/rtsv7A/lib/gnu.targets.arm.rtsv7A.aa8fg(TimestampNull.oa8fg)
 .text          0x000000008000462c        0x0 /home/constantine/ti/bios_6_75_01_05/packages/gnu/targets/arm/rtsv7A/lib/gnu.targets.arm.rtsv7A.aa8fg(xdc_noinit.oa8fg)
 .text          0x000000008000462c        0x0 /home/constantine/ti/bios_6_75_01_05/packages/gnu/targets/arm/rtsv7A/lib/gnu.targets.arm.rtsv7A.aa8fg(Log.oa8fg)
 .text          0x000000008000462c        0x0 /home/constantine/ti/bios_6_75_01_05/packages/gnu/targets/arm/rtsv7A/lib/gnu.targets.arm.rtsv7A.aa8fg(Registry.oa8fg)
 .text          0x000000008000462c        0x0 /home/constantine/ti/bios_6_75_01_05/packages/gnu/targets/arm/rtsv7A/lib/boot.aa8fg(boot.oa8fg)
 .text          0x000000008000462c        0x0 /home/constantine/ti/bios_6_75_01_05/packages/gnu/targets/arm/rtsv7A/lib/boot.aa8fg(startup.oa8fg)
 .text          0x000000008000462c        0x0 /home/constantine/ti/bios_6_75_01_05/packages/gnu/targets/arm/rtsv7A/lib/syscalls.aa8fg(syscalls.oa8fg)
 .text          0x000000008000462c        0x0 /media/constantine/Work/SoundDevice/SoundDevice_endPoint/TI/am335x/RTOS_SDK/pdk_am335x_1_0_13/packages/ti/board/lib/evmAM335x/a8/release//ti.board.aa8fg(evmAM335x.oa8fg)
 .text          0x000000008000462c        0x0 /media/constantine/Work/SoundDevice/SoundDevice_endPoint/TI/am335x/RTOS_SDK/pdk_am335x_1_0_13/packages/ti/board/lib/evmAM335x/a8/release//ti.board.aa8fg(evmAM335x_lld_init.oa8fg)
 .text          0x000000008000462c        0x0 /media/constantine/Work/SoundDevice/SoundDevice_endPoint/TI/am335x/RTOS_SDK/pdk_am335x_1_0_13/packages/ti/board/lib/evmAM335x/a8/release//ti.board.aa8fg(evmAM335x_pinmux.oa8fg)
 .text          0x000000008000462c        0x0 /media/constantine/Work/SoundDevice/SoundDevice_endPoint/TI/am335x/RTOS_SDK/pdk_am335x_1_0_13/packages/ti/board/lib/evmAM335x/a8/release//ti.board.aa8fg(am335x_chipdb.oa8fg)
 .text          0x000000008000462c        0x0 /media/constantine/Work/SoundDevice/SoundDevice_endPoint/TI/am335x/RTOS_SDK/pdk_am335x_1_0_13/packages/ti/board/lib/evmAM335x/a8/release//ti.board.aa8fg(am335x_prcm.oa8fg)
 .text          0x000000008000462c        0x0 /media/constantine/Work/SoundDevice/SoundDevice_endPoint/TI/am335x/RTOS_SDK/pdk_am335x_1_0_13/packages/ti/board/lib/evmAM335x/a8/release//ti.board.aa8fg(hw_am335x_chipdb.oa8fg)
 .text          0x000000008000462c        0x0 /media/constantine/Work/SoundDevice/SoundDevice_endPoint/TI/am335x/RTOS_SDK/pdk_am335x_1_0_13/packages/ti/board/lib/evmAM335x/a8/release//ti.board.aa8fg(hw_am335x_chipdb_baseaddr.oa8fg)
 .text          0x000000008000462c        0x0 /media/constantine/Work/SoundDevice/SoundDevice_endPoint/TI/am335x/RTOS_SDK/pdk_am335x_1_0_13/packages/ti/board/lib/evmAM335x/a8/release//ti.board.aa8fg(hw_am335x_chipdb_interrupt.oa8fg)
 .text          0x000000008000462c        0x0 /media/constantine/Work/SoundDevice/SoundDevice_endPoint/TI/am335x/RTOS_SDK/pdk_am335x_1_0_13/packages/ti/board/lib/evmAM335x/a8/release//ti.board.aa8fg(am335x_gpevm_pinmux_data.oa8fg)
 .text          0x000000008000462c        0x0 /media/constantine/Work/SoundDevice/SoundDevice_endPoint/TI/am335x/RTOS_SDK/pdk_am335x_1_0_13/packages/ti/board/lib/evmAM335x/a8/release//ti.board.aa8fg(evmAM335x_info.oa8fg)
 .text          0x000000008000462c      0x114 /home/constantine/ti/ccsv8/tools/compiler/gcc-arm-none-eabi-7-2017-q4-major/bin/../lib/gcc/arm-none-eabi/7.2.1/hard/libgcc.a(_udivsi3.o)
                0x000000008000462c                __udivsi3
                0x000000008000462c                __aeabi_uidiv
                0x0000000080004720                __aeabi_uidivmod
 .text          0x0000000080004740        0x4 /home/constantine/ti/ccsv8/tools/compiler/gcc-arm-none-eabi-7-2017-q4-major/bin/../lib/gcc/arm-none-eabi/7.2.1/hard/libgcc.a(_dvmd_tls.o)
                0x0000000080004740                __aeabi_ldiv0
                0x0000000080004740                __aeabi_idiv0
 .text          0x0000000080004744       0xd4 /home/constantine/ti/ccsv8/tools/compiler/gcc-arm-none-eabi-7-2017-q4-major/bin/../lib/gcc/arm-none-eabi/7.2.1/hard/libgcc.a(_aeabi_ldivmod.o)
                0x0000000080004744                __aeabi_ldivmod
 .text          0x0000000080004818       0x3c /home/constantine/ti/ccsv8/tools/compiler/gcc-arm-none-eabi-7-2017-q4-major/bin/../lib/gcc/arm-none-eabi/7.2.1/hard/libgcc.a(_aeabi_uldivmod.o)
                0x0000000080004818                __aeabi_uldivmod
 .text          0x0000000080004854      0x16c /home/constantine/ti/ccsv8/tools/compiler/gcc-arm-none-eabi-7-2017-q4-major/bin/../lib/gcc/arm-none-eabi/7.2.1/hard/libgcc.a(_udivmoddi4.o)
                0x0000000080004854                __udivmoddi4
 .text          0x00000000800049c0       0x28 /home/constantine/ti/ccsv8/tools/compiler/gcc-arm-none-eabi-7-2017-q4-major/bin/../lib/gcc/arm-none-eabi/7.2.1/hard/libgcc.a(_clzdi2.o)
                0x00000000800049c0                __clzdi2
 .text          0x00000000800049e8       0x48 /home/constantine/ti/ccsv8/tools/compiler/gcc-arm-none-eabi-7-2017-q4-major/bin/../lib/gcc/arm-none-eabi/7.2.1/hard/libgcc.a(_clzsi2.o)
                0x00000000800049e8                __clzsi2
 .text          0x0000000080004a30        0x0 /home/constantine/ti/bios_6_75_01_05/packages/gnu/targets/arm/libs/install-native/arm-none-eabi/lib/hard/librdimon_nano.a(rdimon-syscalls.o)
 .text          0x0000000080004a30        0x0 /home/constantine/ti/bios_6_75_01_05/packages/gnu/targets/arm/libs/install-native/arm-none-eabi/lib/hard/libc_nano.a(lib_a-abort.o)
 .text          0x0000000080004a30        0x0 /home/constantine/ti/bios_6_75_01_05/packages/gnu/targets/arm/libs/install-native/arm-none-eabi/lib/hard/libc_nano.a(lib_a-errno.o)
 .text          0x0000000080004a30        0x0 /home/constantine/ti/bios_6_75_01_05/packages/gnu/targets/arm/libs/install-native/arm-none-eabi/lib/hard/libc_nano.a(lib_a-exit.o)
 .text          0x0000000080004a30        0x0 /home/constantine/ti/bios_6_75_01_05/packages/gnu/targets/arm/libs/install-native/arm-none-eabi/lib/hard/libc_nano.a(lib_a-fclose.o)
 .text          0x0000000080004a30        0x0 /home/constantine/ti/bios_6_75_01_05/packages/gnu/targets/arm/libs/install-native/arm-none-eabi/lib/hard/libc_nano.a(lib_a-fflush.o)
 .text          0x0000000080004a30        0x0 /home/constantine/ti/bios_6_75_01_05/packages/gnu/targets/arm/libs/install-native/arm-none-eabi/lib/hard/libc_nano.a(lib_a-findfp.o)
 .text          0x0000000080004a30        0x0 /home/constantine/ti/bios_6_75_01_05/packages/gnu/targets/arm/libs/install-native/arm-none-eabi/lib/hard/libc_nano.a(lib_a-fwalk.o)
 .text          0x0000000080004a30        0x0 /home/constantine/ti/bios_6_75_01_05/packages/gnu/targets/arm/libs/install-native/arm-none-eabi/lib/hard/libc_nano.a(lib_a-impure.o)
 .text          0x0000000080004a30        0x0 /home/constantine/ti/bios_6_75_01_05/packages/gnu/targets/arm/libs/install-native/arm-none-eabi/lib/hard/libc_nano.a(lib_a-memcpy-stub.o)
 .text          0x0000000080004a30        0x0 /home/constantine/ti/bios_6_75_01_05/packages/gnu/targets/arm/libs/install-native/arm-none-eabi/lib/hard/libc_nano.a(lib_a-memset.o)
 .text          0x0000000080004a30        0x0 /home/constantine/ti/bios_6_75_01_05/packages/gnu/targets/arm/libs/install-native/arm-none-eabi/lib/hard/libc_nano.a(lib_a-reent.o)
 .text          0x0000000080004a30        0x0 /home/constantine/ti/bios_6_75_01_05/packages/gnu/targets/arm/libs/install-native/arm-none-eabi/lib/hard/libc_nano.a(lib_a-signal.o)
 .text          0x0000000080004a30        0x0 /home/constantine/ti/bios_6_75_01_05/packages/gnu/targets/arm/libs/install-native/arm-none-eabi/lib/hard/libc_nano.a(lib_a-signalr.o)
 .text          0x0000000080004a30        0x0 /home/constantine/ti/bios_6_75_01_05/packages/gnu/targets/arm/libs/install-native/arm-none-eabi/lib/hard/libc_nano.a(lib_a-stdio.o)
 .text          0x0000000080004a30       0x1c /home/constantine/ti/bios_6_75_01_05/packages/gnu/targets/arm/libs/install-native/arm-none-eabi/lib/hard/libc_nano.a(lib_a-strcmp.o)
                0x0000000080004a30                strcmp
 .text          0x0000000080004a4c        0xe /home/constantine/ti/bios_6_75_01_05/packages/gnu/targets/arm/libs/install-native/arm-none-eabi/lib/hard/libc_nano.a(lib_a-strlen.o)
                0x0000000080004a4c                strlen
 .text          0x0000000080004a5a        0x0 /home/constantine/ti/bios_6_75_01_05/packages/gnu/targets/arm/libs/install-native/arm-none-eabi/lib/hard/libc_nano.a(lib_a-tirtos_validate.o)
 .text          0x0000000080004a5a        0x0 /home/constantine/ti/bios_6_75_01_05/packages/gnu/targets/arm/libs/install-native/arm-none-eabi/lib/hard/libc_nano.a(lib_a-writer.o)
 .text          0x0000000080004a5a        0x0 /home/constantine/ti/bios_6_75_01_05/packages/gnu/targets/arm/libs/install-native/arm-none-eabi/lib/hard/libc_nano.a(lib_a-closer.o)
 .text          0x0000000080004a5a        0x0 /home/constantine/ti/bios_6_75_01_05/packages/gnu/targets/arm/libs/install-native/arm-none-eabi/lib/hard/libc_nano.a(lib_a-lseekr.o)
 .text          0x0000000080004a5a        0x0 /home/constantine/ti/bios_6_75_01_05/packages/gnu/targets/arm/libs/install-native/arm-none-eabi/lib/hard/libc_nano.a(lib_a-readr.o)
 .text          0x0000000080004a5a        0x0 /home/constantine/ti/bios_6_75_01_05/packages/gnu/targets/arm/libs/install-native/arm-none-eabi/lib/hard/librdimon_nano.a(rdimon-_kill.o)
 *(.text.*)
 *fill*         0x0000000080004a5a        0x2 
 .text.xdc_runtime_Text_visitRope__I
                0x0000000080004a5c        0xc /media/constantine/Work/SoundDevice/SoundDevice_endPoint/TI/ccs_workspace/rtos_template_app_am335x_a8/Debug/configPkg/package/cfg/main_pa8fg.oa8fg
                0x0000000080004a5c                xdc_runtime_Text_visitRope(int0_t)
 .text.SVC_Handler
                0x0000000080004a68        0x4 /media/constantine/Work/SoundDevice/SoundDevice_endPoint/TI/ccs_workspace/rtos_template_app_am335x_a8/Debug/configPkg/package/cfg/main_pa8fg.oa8fg
                0x0000000080004a68                SVC_Handler
 .text.xdc_runtime_Startup_exec__I
                0x0000000080004a6c       0x1c /media/constantine/Work/SoundDevice/SoundDevice_endPoint/TI/ccs_workspace/rtos_template_app_am335x_a8/Debug/configPkg/package/cfg/main_pa8fg.oa8fg
                0x0000000080004a6c                xdc_runtime_Startup_exec(int0_t)
 .text.xdc_runtime_System_printfExtend__I
                0x0000000080004a88      0x168 /media/constantine/Work/SoundDevice/SoundDevice_endPoint/TI/ccs_workspace/rtos_template_app_am335x_a8/Debug/configPkg/package/cfg/main_pa8fg.oa8fg
                0x0000000080004a88                xdc_runtime_System_printfExtend(int0_t)
 .text.xdc_runtime_SysMin_output__I
                0x0000000080004bf0       0x4c /media/constantine/Work/SoundDevice/SoundDevice_endPoint/TI/ccs_workspace/rtos_template_app_am335x_a8/Debug/configPkg/package/cfg/main_pa8fg.oa8fg
                0x0000000080004bf0                xdc_runtime_SysMin_output(int0_t)
 .text.ti_sysbios_BIOS_startFunc__I
                0x0000000080004c3c       0x34 /media/constantine/Work/SoundDevice/SoundDevice_endPoint/TI/ccs_workspace/rtos_template_app_am335x_a8/Debug/configPkg/package/cfg/main_pa8fg.oa8fg
                0x0000000080004c3c                ti_sysbios_BIOS_startFunc(int0_t)
 .text.ti_sysbios_BIOS_atExitFunc__I
                0x0000000080004c70       0x18 /media/constantine/Work/SoundDevice/SoundDevice_endPoint/TI/ccs_workspace/rtos_template_app_am335x_a8/Debug/configPkg/package/cfg/main_pa8fg.oa8fg
                0x0000000080004c70                ti_sysbios_BIOS_atExitFunc(int0_t)
 .text.ti_sysbios_BIOS_exitFunc__I
                0x0000000080004c88       0x1c /media/constantine/Work/SoundDevice/SoundDevice_endPoint/TI/ccs_workspace/rtos_template_app_am335x_a8/Debug/configPkg/package/cfg/main_pa8fg.oa8fg
                0x0000000080004c88                ti_sysbios_BIOS_exitFunc(int0_t)
 .text.ti_sysbios_BIOS_errorRaiseHook__I
                0x0000000080004ca4       0x34 /media/constantine/Work/SoundDevice/SoundDevice_endPoint/TI/ccs_workspace/rtos_template_app_am335x_a8/Debug/configPkg/package/cfg/main_pa8fg.oa8fg
                0x0000000080004ca4                ti_sysbios_BIOS_errorRaiseHook(int0_t)
 .text.ti_sysbios_rts_MemAlloc_alloc
                0x0000000080004cd8       0x54 /media/constantine/Work/SoundDevice/SoundDevice_endPoint/TI/ccs_workspace/rtos_template_app_am335x_a8/Debug/configPkg/package/cfg/main_pa8fg.oa8fg
 .text.xdc_runtime_LoggerBuf_Handle__label__S
                0x0000000080004d2c       0x2c /media/constantine/Work/SoundDevice/SoundDevice_endPoint/TI/ccs_workspace/rtos_template_app_am335x_a8/Debug/configPkg/package/cfg/main_pa8fg.oa8fg
                0x0000000080004d2c                xdc_runtime_LoggerBuf_Handle__label(void) static
 .text.ti_sysbios_gates_GateHwi_Object__delete__S
                0x0000000080004d58       0x38 /media/constantine/Work/SoundDevice/SoundDevice_endPoint/TI/ccs_workspace/rtos_template_app_am335x_a8/Debug/configPkg/package/cfg/main_pa8fg.oa8fg
                0x0000000080004d58                ti_sysbios_gates_GateHwi_Object__delete(void) static
 .text.ti_sysbios_gates_GateMutex_Object__delete__S
                0x0000000080004d90       0x3c /media/constantine/Work/SoundDevice/SoundDevice_endPoint/TI/ccs_workspace/rtos_template_app_am335x_a8/Debug/configPkg/package/cfg/main_pa8fg.oa8fg
                0x0000000080004d90                ti_sysbios_gates_GateMutex_Object__delete(void) static
 .text.ti_sysbios_heaps_HeapMem_Object__delete__S
                0x0000000080004dcc       0x38 /media/constantine/Work/SoundDevice/SoundDevice_endPoint/TI/ccs_workspace/rtos_template_app_am335x_a8/Debug/configPkg/package/cfg/main_pa8fg.oa8fg
                0x0000000080004dcc                ti_sysbios_heaps_HeapMem_Object__delete(void) static
 .text.xdc_runtime_LoggerBuf_Object__delete__S
                0x0000000080004e04       0x3c /media/constantine/Work/SoundDevice/SoundDevice_endPoint/TI/ccs_workspace/rtos_template_app_am335x_a8/Debug/configPkg/package/cfg/main_pa8fg.oa8fg
                0x0000000080004e04                xdc_runtime_LoggerBuf_Object__delete(void) static
 .text.ti_sysbios_gates_GateHwi_Object__create__S
                0x0000000080004e40       0x48 /media/constantine/Work/SoundDevice/SoundDevice_endPoint/TI/ccs_workspace/rtos_template_app_am335x_a8/Debug/configPkg/package/cfg/main_pa8fg.oa8fg
                0x0000000080004e40                ti_sysbios_gates_GateHwi_Object__create(void) static
 .text.ti_sysbios_gates_GateMutex_Object__create__S
                0x0000000080004e88       0x48 /media/constantine/Work/SoundDevice/SoundDevice_endPoint/TI/ccs_workspace/rtos_template_app_am335x_a8/Debug/configPkg/package/cfg/main_pa8fg.oa8fg
                0x0000000080004e88                ti_sysbios_gates_GateMutex_Object__create(void) static
 .text.ti_sysbios_heaps_HeapMem_Object__create__S
                0x0000000080004ed0       0x48 /media/constantine/Work/SoundDevice/SoundDevice_endPoint/TI/ccs_workspace/rtos_template_app_am335x_a8/Debug/configPkg/package/cfg/main_pa8fg.oa8fg
                0x0000000080004ed0                ti_sysbios_heaps_HeapMem_Object__create(void) static
 .text.xdc_runtime_LoggerBuf_Object__create__S
                0x0000000080004f18       0x80 /media/constantine/Work/SoundDevice/SoundDevice_endPoint/TI/ccs_workspace/rtos_template_app_am335x_a8/Debug/configPkg/package/cfg/main_pa8fg.oa8fg
                0x0000000080004f18                xdc_runtime_LoggerBuf_Object__create(void) static
 .text.ti_sysbios_knl_Clock_doTick__I
                0x0000000080004f98       0x44 /media/constantine/Work/SoundDevice/SoundDevice_endPoint/TI/ccs_workspace/rtos_template_app_am335x_a8/Debug/configPkg/package/cfg/main_pa8fg.oa8fg
                0x0000000080004f98                ti_sysbios_knl_Clock_doTick(int0_t)
 .text.free.part.1
                0x0000000080004fdc       0x1c /media/constantine/Work/SoundDevice/SoundDevice_endPoint/TI/ccs_workspace/rtos_template_app_am335x_a8/Debug/configPkg/package/cfg/main_pa8fg.oa8fg
 .text.xdc_runtime_Startup_reset__I
                0x0000000080004ff8        0x4 /media/constantine/Work/SoundDevice/SoundDevice_endPoint/TI/ccs_workspace/rtos_template_app_am335x_a8/Debug/configPkg/package/cfg/main_pa8fg.oa8fg
                0x0000000080004ff8                xdc_runtime_Startup_reset(int0_t)
 .text.__getreent
                0x0000000080004ffc       0x28 /media/constantine/Work/SoundDevice/SoundDevice_endPoint/TI/ccs_workspace/rtos_template_app_am335x_a8/Debug/configPkg/package/cfg/main_pa8fg.oa8fg
                0x0000000080004ffc                __getreent
 .text.__libc_lock_release_recursive
                0x0000000080005024       0x1c /media/constantine/Work/SoundDevice/SoundDevice_endPoint/TI/ccs_workspace/rtos_template_app_am335x_a8/Debug/configPkg/package/cfg/main_pa8fg.oa8fg
                0x0000000080005024                __libc_lock_release_recursive
 .text.__libc_lock_close_recursive
                0x0000000080005040       0x48 /media/constantine/Work/SoundDevice/SoundDevice_endPoint/TI/ccs_workspace/rtos_template_app_am335x_a8/Debug/configPkg/package/cfg/main_pa8fg.oa8fg
                0x0000000080005040                __libc_lock_close_recursive
 .text.ti_sysbios_family_arm_a8_Mmu_initTableBuf__I
                0x0000000080005088     0x2064 /media/constantine/Work/SoundDevice/SoundDevice_endPoint/TI/ccs_workspace/rtos_template_app_am335x_a8/Debug/configPkg/package/cfg/main_pa8fg.oa8fg
                0x0000000080005088                ti_sysbios_family_arm_a8_Mmu_initTableBuf(int0_t)
 .text._malloc_r
                0x00000000800070ec        0x8 /media/constantine/Work/SoundDevice/SoundDevice_endPoint/TI/ccs_workspace/rtos_template_app_am335x_a8/Debug/configPkg/package/cfg/main_pa8fg.oa8fg
                0x00000000800070ec                _malloc_r
 .text._free_r  0x00000000800070f4        0xc /media/constantine/Work/SoundDevice/SoundDevice_endPoint/TI/ccs_workspace/rtos_template_app_am335x_a8/Debug/configPkg/package/cfg/main_pa8fg.oa8fg
                0x00000000800070f4                _free_r
 .text.xdc_runtime_System_printf__E
                0x0000000080007100       0x2c /media/constantine/Work/SoundDevice/SoundDevice_endPoint/TI/ccs_workspace/rtos_template_app_am335x_a8/Debug/configPkg/package/cfg/main_pa8fg.oa8fg
                0x0000000080007100                xdc_runtime_System_printf__E
 .text.xdc_runtime_System_aprintf__E
                0x000000008000712c       0x2c /media/constantine/Work/SoundDevice/SoundDevice_endPoint/TI/ccs_workspace/rtos_template_app_am335x_a8/Debug/configPkg/package/cfg/main_pa8fg.oa8fg
                0x000000008000712c                xdc_runtime_System_aprintf__E
 .text.ti_sysbios_BIOS_RtsGateProxy_Handle__label__S
                0x0000000080007158       0x2c /media/constantine/Work/SoundDevice/SoundDevice_endPoint/TI/ccs_workspace/rtos_template_app_am335x_a8/Debug/configPkg/package/cfg/main_pa8fg.oa8fg
                0x0000000080007158                ti_sysbios_BIOS_RtsGateProxy_Handle__label(void) static
 .text.ti_sysbios_gates_GateMutex_Handle__label__S
                0x0000000080007184        0x4 /media/constantine/Work/SoundDevice/SoundDevice_endPoint/TI/ccs_workspace/rtos_template_app_am335x_a8/Debug/configPkg/package/cfg/main_pa8fg.oa8fg
                0x0000000080007184                ti_sysbios_gates_GateMutex_Handle__label(void) static
 .text.ti_sysbios_hal_Hwi_HwiProxy_getStackInfo__E
                0x0000000080007188        0x4 /media/constantine/Work/SoundDevice/SoundDevice_endPoint/TI/ccs_workspace/rtos_template_app_am335x_a8/Debug/configPkg/package/cfg/main_pa8fg.oa8fg
                0x0000000080007188                ti_sysbios_hal_Hwi_HwiProxy_getStackInfo__E
 .text.ti_sysbios_hal_Hwi_HwiProxy_startup__E
                0x000000008000718c        0x4 /media/constantine/Work/SoundDevice/SoundDevice_endPoint/TI/ccs_workspace/rtos_template_app_am335x_a8/Debug/configPkg/package/cfg/main_pa8fg.oa8fg
                0x000000008000718c                ti_sysbios_hal_Hwi_HwiProxy_startup__E
 .text.ti_sysbios_hal_Hwi_HwiProxy_switchFromBootStack__E
                0x0000000080007190        0x4 /media/constantine/Work/SoundDevice/SoundDevice_endPoint/TI/ccs_workspace/rtos_template_app_am335x_a8/Debug/configPkg/package/cfg/main_pa8fg.oa8fg
                0x0000000080007190                ti_sysbios_hal_Hwi_HwiProxy_switchFromBootStack__E
 .text.ti_sysbios_hal_Hwi_HwiProxy_disableInterrupt__E
                0x0000000080007194        0x4 /media/constantine/Work/SoundDevice/SoundDevice_endPoint/TI/ccs_workspace/rtos_template_app_am335x_a8/Debug/configPkg/package/cfg/main_pa8fg.oa8fg
                0x0000000080007194                ti_sysbios_hal_Hwi_HwiProxy_disableInterrupt__E
 .text.ti_sysbios_hal_Hwi_HwiProxy_enableInterrupt__E
                0x0000000080007198        0x4 /media/constantine/Work/SoundDevice/SoundDevice_endPoint/TI/ccs_workspace/rtos_template_app_am335x_a8/Debug/configPkg/package/cfg/main_pa8fg.oa8fg
                0x0000000080007198                ti_sysbios_hal_Hwi_HwiProxy_enableInterrupt__E
 .text.ti_sysbios_hal_Hwi_HwiProxy_clearInterrupt__E
                0x000000008000719c        0x4 /media/constantine/Work/SoundDevice/SoundDevice_endPoint/TI/ccs_workspace/rtos_template_app_am335x_a8/Debug/configPkg/package/cfg/main_pa8fg.oa8fg
                0x000000008000719c                ti_sysbios_hal_Hwi_HwiProxy_clearInterrupt__E
 .text.ti_sysbios_heaps_HeapMem_Module_GateProxy_query__E
                0x00000000800071a0        0x4 /media/constantine/Work/SoundDevice/SoundDevice_endPoint/TI/ccs_workspace/rtos_template_app_am335x_a8/Debug/configPkg/package/cfg/main_pa8fg.oa8fg
                0x00000000800071a0                ti_sysbios_heaps_HeapMem_Module_GateProxy_query__E
 .text.ti_sysbios_heaps_HeapMem_Module_GateProxy_enter__E
                0x00000000800071a4        0x4 /media/constantine/Work/SoundDevice/SoundDevice_endPoint/TI/ccs_workspace/rtos_template_app_am335x_a8/Debug/configPkg/package/cfg/main_pa8fg.oa8fg
                0x00000000800071a4                ti_sysbios_heaps_HeapMem_Module_GateProxy_enter__E
 .text.ti_sysbios_heaps_HeapMem_Module_GateProxy_leave__E
                0x00000000800071a8        0x4 /media/constantine/Work/SoundDevice/SoundDevice_endPoint/TI/ccs_workspace/rtos_template_app_am335x_a8/Debug/configPkg/package/cfg/main_pa8fg.oa8fg
                0x00000000800071a8                ti_sysbios_heaps_HeapMem_Module_GateProxy_leave__E
 .text.ti_sysbios_knl_Clock_TimerProxy_Module__startupDone__S
                0x00000000800071ac       0x20 /media/constantine/Work/SoundDevice/SoundDevice_endPoint/TI/ccs_workspace/rtos_template_app_am335x_a8/Debug/configPkg/package/cfg/main_pa8fg.oa8fg
                0x00000000800071ac                ti_sysbios_knl_Clock_TimerProxy_Module__startupDone(void) static
 .text.ti_sysbios_knl_Clock_TimerProxy_getMaxTicks__E
                0x00000000800071cc        0x4 /media/constantine/Work/SoundDevice/SoundDevice_endPoint/TI/ccs_workspace/rtos_template_app_am335x_a8/Debug/configPkg/package/cfg/main_pa8fg.oa8fg
                0x00000000800071cc                ti_sysbios_knl_Clock_TimerProxy_getMaxTicks__E
 .text.ti_sysbios_knl_Intrinsics_SupportProxy_maxbit__E
                0x00000000800071d0        0x4 /media/constantine/Work/SoundDevice/SoundDevice_endPoint/TI/ccs_workspace/rtos_template_app_am335x_a8/Debug/configPkg/package/cfg/main_pa8fg.oa8fg
                0x00000000800071d0                ti_sysbios_knl_Intrinsics_SupportProxy_maxbit__E
 .text.ti_sysbios_knl_Task_SupportProxy_Module__startupDone__S
                0x00000000800071d4        0x8 /media/constantine/Work/SoundDevice/SoundDevice_endPoint/TI/ccs_workspace/rtos_template_app_am335x_a8/Debug/configPkg/package/cfg/main_pa8fg.oa8fg
                0x00000000800071d4                ti_sysbios_knl_Task_SupportProxy_Module__startupDone(void) static
 .text.ti_sysbios_knl_Task_SupportProxy_start__E
                0x00000000800071dc        0x4 /media/constantine/Work/SoundDevice/SoundDevice_endPoint/TI/ccs_workspace/rtos_template_app_am335x_a8/Debug/configPkg/package/cfg/main_pa8fg.oa8fg
                0x00000000800071dc                ti_sysbios_knl_Task_SupportProxy_start__E
 .text.ti_sysbios_knl_Task_SupportProxy_swap__E
                0x00000000800071e0        0x4 /media/constantine/Work/SoundDevice/SoundDevice_endPoint/TI/ccs_workspace/rtos_template_app_am335x_a8/Debug/configPkg/package/cfg/main_pa8fg.oa8fg
                0x00000000800071e0                ti_sysbios_knl_Task_SupportProxy_swap__E
 .text.ti_sysbios_knl_Task_SupportProxy_checkStack__E
                0x00000000800071e4        0x4 /media/constantine/Work/SoundDevice/SoundDevice_endPoint/TI/ccs_workspace/rtos_template_app_am335x_a8/Debug/configPkg/package/cfg/main_pa8fg.oa8fg
                0x00000000800071e4                ti_sysbios_knl_Task_SupportProxy_checkStack__E
 .text.ti_sysbios_knl_Task_SupportProxy_getStackAlignment__E
                0x00000000800071e8        0x4 /media/constantine/Work/SoundDevice/SoundDevice_endPoint/TI/ccs_workspace/rtos_template_app_am335x_a8/Debug/configPkg/package/cfg/main_pa8fg.oa8fg
                0x00000000800071e8                ti_sysbios_knl_Task_SupportProxy_getStackAlignment__E
 .text.ti_sysbios_timers_dmtimer_Timer_TimerSupportProxy_enable__E
                0x00000000800071ec        0x4 /media/constantine/Work/SoundDevice/SoundDevice_endPoint/TI/ccs_workspace/rtos_template_app_am335x_a8/Debug/configPkg/package/cfg/main_pa8fg.oa8fg
                0x00000000800071ec                ti_sysbios_timers_dmtimer_Timer_TimerSupportProxy_enable__E
 .text.xdc_runtime_LoggerBuf_Module_GateProxy_enter__E
                0x00000000800071f0        0x4 /media/constantine/Work/SoundDevice/SoundDevice_endPoint/TI/ccs_workspace/rtos_template_app_am335x_a8/Debug/configPkg/package/cfg/main_pa8fg.oa8fg
                0x00000000800071f0                xdc_runtime_LoggerBuf_Module_GateProxy_enter__E
 .text.xdc_runtime_LoggerBuf_Module_GateProxy_leave__E
                0x00000000800071f4        0x4 /media/constantine/Work/SoundDevice/SoundDevice_endPoint/TI/ccs_workspace/rtos_template_app_am335x_a8/Debug/configPkg/package/cfg/main_pa8fg.oa8fg
                0x00000000800071f4                xdc_runtime_LoggerBuf_Module_GateProxy_leave__E
 .text.xdc_runtime_LoggerBuf_TimestampProxy_get64__E
                0x00000000800071f8        0x4 /media/constantine/Work/SoundDevice/SoundDevice_endPoint/TI/ccs_workspace/rtos_template_app_am335x_a8/Debug/configPkg/package/cfg/main_pa8fg.oa8fg
                0x00000000800071f8                xdc_runtime_LoggerBuf_TimestampProxy_get64__E
 .text.xdc_runtime_Main_Module_GateProxy_Handle__label__S
                0x00000000800071fc       0x2c /media/constantine/Work/SoundDevice/SoundDevice_endPoint/TI/ccs_workspace/rtos_template_app_am335x_a8/Debug/configPkg/package/cfg/main_pa8fg.oa8fg
                0x00000000800071fc                xdc_runtime_Main_Module_GateProxy_Handle__label(void) static
 .text.ti_sysbios_gates_GateHwi_Handle__label__S
                0x0000000080007228        0x4 /media/constantine/Work/SoundDevice/SoundDevice_endPoint/TI/ccs_workspace/rtos_template_app_am335x_a8/Debug/configPkg/package/cfg/main_pa8fg.oa8fg
                0x0000000080007228                ti_sysbios_gates_GateHwi_Handle__label(void) static
 .text.xdc_runtime_Memory_HeapProxy_Handle__label__S
                0x000000008000722c       0x2c /media/constantine/Work/SoundDevice/SoundDevice_endPoint/TI/ccs_workspace/rtos_template_app_am335x_a8/Debug/configPkg/package/cfg/main_pa8fg.oa8fg
                0x000000008000722c                xdc_runtime_Memory_HeapProxy_Handle__label(void) static
 .text.ti_sysbios_heaps_HeapMem_Handle__label__S
                0x0000000080007258        0x4 /media/constantine/Work/SoundDevice/SoundDevice_endPoint/TI/ccs_workspace/rtos_template_app_am335x_a8/Debug/configPkg/package/cfg/main_pa8fg.oa8fg
                0x0000000080007258                ti_sysbios_heaps_HeapMem_Handle__label(void) static
 .text.xdc_runtime_Memory_HeapProxy_alloc__E
                0x000000008000725c       0x18 /media/constantine/Work/SoundDevice/SoundDevice_endPoint/TI/ccs_workspace/rtos_template_app_am335x_a8/Debug/configPkg/package/cfg/main_pa8fg.oa8fg
                0x000000008000725c                xdc_runtime_Memory_HeapProxy_alloc__E
 .text.xdc_runtime_Memory_HeapProxy_free__E
                0x0000000080007274        0xc /media/constantine/Work/SoundDevice/SoundDevice_endPoint/TI/ccs_workspace/rtos_template_app_am335x_a8/Debug/configPkg/package/cfg/main_pa8fg.oa8fg
                0x0000000080007274                xdc_runtime_Memory_HeapProxy_free__E
 .text.xdc_runtime_System_Module_GateProxy_enter__E
                0x0000000080007280        0x4 /media/constantine/Work/SoundDevice/SoundDevice_endPoint/TI/ccs_workspace/rtos_template_app_am335x_a8/Debug/configPkg/package/cfg/main_pa8fg.oa8fg
                0x0000000080007280                xdc_runtime_System_Module_GateProxy_enter__E
 .text.xdc_runtime_System_Module_GateProxy_leave__E
                0x0000000080007284        0x4 /media/constantine/Work/SoundDevice/SoundDevice_endPoint/TI/ccs_workspace/rtos_template_app_am335x_a8/Debug/configPkg/package/cfg/main_pa8fg.oa8fg
                0x0000000080007284                xdc_runtime_System_Module_GateProxy_leave__E
 .text.xdc_runtime_System_SupportProxy_abort__E
                0x0000000080007288        0x4 /media/constantine/Work/SoundDevice/SoundDevice_endPoint/TI/ccs_workspace/rtos_template_app_am335x_a8/Debug/configPkg/package/cfg/main_pa8fg.oa8fg
                0x0000000080007288                xdc_runtime_System_SupportProxy_abort__E
 .text.xdc_runtime_System_SupportProxy_exit__E
                0x000000008000728c        0x4 /media/constantine/Work/SoundDevice/SoundDevice_endPoint/TI/ccs_workspace/rtos_template_app_am335x_a8/Debug/configPkg/package/cfg/main_pa8fg.oa8fg
                0x000000008000728c                xdc_runtime_System_SupportProxy_exit__E
 .text.xdc_runtime_System_SupportProxy_putch__E
                0x0000000080007290        0x4 /media/constantine/Work/SoundDevice/SoundDevice_endPoint/TI/ccs_workspace/rtos_template_app_am335x_a8/Debug/configPkg/package/cfg/main_pa8fg.oa8fg
                0x0000000080007290                xdc_runtime_System_SupportProxy_putch__E
 .text.xdc_runtime_System_SupportProxy_ready__E
                0x0000000080007294        0x4 /media/constantine/Work/SoundDevice/SoundDevice_endPoint/TI/ccs_workspace/rtos_template_app_am335x_a8/Debug/configPkg/package/cfg/main_pa8fg.oa8fg
                0x0000000080007294                xdc_runtime_System_SupportProxy_ready__E
 .text.xdc_runtime_Timestamp_SupportProxy_get32__E
                0x0000000080007298        0x4 /media/constantine/Work/SoundDevice/SoundDevice_endPoint/TI/ccs_workspace/rtos_template_app_am335x_a8/Debug/configPkg/package/cfg/main_pa8fg.oa8fg
                0x0000000080007298                xdc_runtime_Timestamp_SupportProxy_get32__E
 .text.xdc_runtime_Timestamp_SupportProxy_getFreq__E
                0x000000008000729c        0x4 /media/constantine/Work/SoundDevice/SoundDevice_endPoint/TI/ccs_workspace/rtos_template_app_am335x_a8/Debug/configPkg/package/cfg/main_pa8fg.oa8fg
                0x000000008000729c                xdc_runtime_Timestamp_SupportProxy_getFreq__E
 .text.ti_sysbios_family_arm_a8_TimestampProvider_Module__startupDone__S
                0x00000000800072a0       0x20 /media/constantine/Work/SoundDevice/SoundDevice_endPoint/TI/ccs_workspace/rtos_template_app_am335x_a8/Debug/configPkg/package/cfg/main_pa8fg.oa8fg
                0x00000000800072a0                ti_sysbios_family_arm_a8_TimestampProvider_Module__startupDone(void) static
 .text.xdc_runtime_Timestamp_SupportProxy_Module__startupDone__S
                0x00000000800072c0        0x4 /media/constantine/Work/SoundDevice/SoundDevice_endPoint/TI/ccs_workspace/rtos_template_app_am335x_a8/Debug/configPkg/package/cfg/main_pa8fg.oa8fg
                0x00000000800072c0                xdc_runtime_Timestamp_SupportProxy_Module__startupDone(void) static
 .text.ti_sysbios_family_arm_a8_intcps_Hwi_Module__startupDone__S
                0x00000000800072c4       0x20 /media/constantine/Work/SoundDevice/SoundDevice_endPoint/TI/ccs_workspace/rtos_template_app_am335x_a8/Debug/configPkg/package/cfg/main_pa8fg.oa8fg
                0x00000000800072c4                ti_sysbios_family_arm_a8_intcps_Hwi_Module__startupDone(void) static
 .text.ti_sysbios_hal_Hwi_HwiProxy_Module__startupDone__S
                0x00000000800072e4        0x4 /media/constantine/Work/SoundDevice/SoundDevice_endPoint/TI/ccs_workspace/rtos_template_app_am335x_a8/Debug/configPkg/package/cfg/main_pa8fg.oa8fg
                0x00000000800072e4                ti_sysbios_hal_Hwi_HwiProxy_Module__startupDone(void) static
 .text.ti_sysbios_family_arm_a8_intcps_Hwi_Params__init__S
                0x00000000800072e8       0x14 /media/constantine/Work/SoundDevice/SoundDevice_endPoint/TI/ccs_workspace/rtos_template_app_am335x_a8/Debug/configPkg/package/cfg/main_pa8fg.oa8fg
                0x00000000800072e8                ti_sysbios_family_arm_a8_intcps_Hwi_Params__init(void) static
 .text.ti_sysbios_family_arm_a8_intcps_Hwi_construct
                0x00000000800072fc       0x80 /media/constantine/Work/SoundDevice/SoundDevice_endPoint/TI/ccs_workspace/rtos_template_app_am335x_a8/Debug/configPkg/package/cfg/main_pa8fg.oa8fg
                0x00000000800072fc                ti_sysbios_family_arm_a8_intcps_Hwi_construct
 .text.ti_sysbios_family_arm_a8_intcps_Hwi_destruct
                0x000000008000737c       0x34 /media/constantine/Work/SoundDevice/SoundDevice_endPoint/TI/ccs_workspace/rtos_template_app_am335x_a8/Debug/configPkg/package/cfg/main_pa8fg.oa8fg
                0x000000008000737c                ti_sysbios_family_arm_a8_intcps_Hwi_destruct
 .text.ti_sysbios_family_arm_a8_ti81xx_TimerSupport_Module__startupDone__S
                0x00000000800073b0       0x20 /media/constantine/Work/SoundDevice/SoundDevice_endPoint/TI/ccs_workspace/rtos_template_app_am335x_a8/Debug/configPkg/package/cfg/main_pa8fg.oa8fg
                0x00000000800073b0                ti_sysbios_family_arm_a8_ti81xx_TimerSupport_Module__startupDone(void) static
 .text.ti_sysbios_timers_dmtimer_Timer_TimerSupportProxy_Module__startupDone__S
                0x00000000800073d0        0x4 /media/constantine/Work/SoundDevice/SoundDevice_endPoint/TI/ccs_workspace/rtos_template_app_am335x_a8/Debug/configPkg/package/cfg/main_pa8fg.oa8fg
                0x00000000800073d0                ti_sysbios_timers_dmtimer_Timer_TimerSupportProxy_Module__startupDone(void) static
 .text.ti_sysbios_heaps_HeapMem_Object__get__S
                0x00000000800073d4       0x1c /media/constantine/Work/SoundDevice/SoundDevice_endPoint/TI/ccs_workspace/rtos_template_app_am335x_a8/Debug/configPkg/package/cfg/main_pa8fg.oa8fg
                0x00000000800073d4                ti_sysbios_heaps_HeapMem_Object__get(void) static
 .text.ti_sysbios_knl_Queue_Object__get__S
                0x00000000800073f0        0xc /media/constantine/Work/SoundDevice/SoundDevice_endPoint/TI/ccs_workspace/rtos_template_app_am335x_a8/Debug/configPkg/package/cfg/main_pa8fg.oa8fg
                0x00000000800073f0                ti_sysbios_knl_Queue_Object__get(void) static
 .text.ti_sysbios_knl_Queue_construct
                0x00000000800073fc       0x44 /media/constantine/Work/SoundDevice/SoundDevice_endPoint/TI/ccs_workspace/rtos_template_app_am335x_a8/Debug/configPkg/package/cfg/main_pa8fg.oa8fg
                0x00000000800073fc                ti_sysbios_knl_Queue_construct
 .text.ti_sysbios_knl_Queue_destruct
                0x0000000080007440       0x30 /media/constantine/Work/SoundDevice/SoundDevice_endPoint/TI/ccs_workspace/rtos_template_app_am335x_a8/Debug/configPkg/package/cfg/main_pa8fg.oa8fg
                0x0000000080007440                ti_sysbios_knl_Queue_destruct
 .text.ti_sysbios_knl_Semaphore_Params__init__S
                0x0000000080007470       0x14 /media/constantine/Work/SoundDevice/SoundDevice_endPoint/TI/ccs_workspace/rtos_template_app_am335x_a8/Debug/configPkg/package/cfg/main_pa8fg.oa8fg
                0x0000000080007470                ti_sysbios_knl_Semaphore_Params__init(void) static
 .text.ti_sysbios_knl_Semaphore_construct
                0x0000000080007484       0x4c /media/constantine/Work/SoundDevice/SoundDevice_endPoint/TI/ccs_workspace/rtos_template_app_am335x_a8/Debug/configPkg/package/cfg/main_pa8fg.oa8fg
                0x0000000080007484                ti_sysbios_knl_Semaphore_construct
 .text.__libc_lock_init_recursive
                0x00000000800074d0       0x54 /media/constantine/Work/SoundDevice/SoundDevice_endPoint/TI/ccs_workspace/rtos_template_app_am335x_a8/Debug/configPkg/package/cfg/main_pa8fg.oa8fg
                0x00000000800074d0                __libc_lock_init_recursive
 .text.__libc_lock_acquire_recursive
                0x0000000080007524       0xb0 /media/constantine/Work/SoundDevice/SoundDevice_endPoint/TI/ccs_workspace/rtos_template_app_am335x_a8/Debug/configPkg/package/cfg/main_pa8fg.oa8fg
                0x0000000080007524                __libc_lock_acquire_recursive
 .text.ti_sysbios_knl_Semaphore_destruct
                0x00000000800075d4       0x34 /media/constantine/Work/SoundDevice/SoundDevice_endPoint/TI/ccs_workspace/rtos_template_app_am335x_a8/Debug/configPkg/package/cfg/main_pa8fg.oa8fg
                0x00000000800075d4                ti_sysbios_knl_Semaphore_destruct
 .text.ti_sysbios_knl_Swi_Object__get__S
                0x0000000080007608       0x1c /media/constantine/Work/SoundDevice/SoundDevice_endPoint/TI/ccs_workspace/rtos_template_app_am335x_a8/Debug/configPkg/package/cfg/main_pa8fg.oa8fg
                0x0000000080007608                ti_sysbios_knl_Swi_Object__get(void) static
 .text.ti_sysbios_knl_Task_Params__init__S
                0x0000000080007624       0x14 /media/constantine/Work/SoundDevice/SoundDevice_endPoint/TI/ccs_workspace/rtos_template_app_am335x_a8/Debug/configPkg/package/cfg/main_pa8fg.oa8fg
                0x0000000080007624                ti_sysbios_knl_Task_Params__init(void) static
 .text.ti_sysbios_knl_Task_Object__get__S
                0x0000000080007638       0x1c /media/constantine/Work/SoundDevice/SoundDevice_endPoint/TI/ccs_workspace/rtos_template_app_am335x_a8/Debug/configPkg/package/cfg/main_pa8fg.oa8fg
                0x0000000080007638                ti_sysbios_knl_Task_Object__get(void) static
 .text.ti_sysbios_knl_Task_create
                0x0000000080007654       0x88 /media/constantine/Work/SoundDevice/SoundDevice_endPoint/TI/ccs_workspace/rtos_template_app_am335x_a8/Debug/configPkg/package/cfg/main_pa8fg.oa8fg
                0x0000000080007654                ti_sysbios_knl_Task_create
 .text.xdc_runtime_LoggerBuf_Object__get__S
                0x00000000800076dc       0x1c /media/constantine/Work/SoundDevice/SoundDevice_endPoint/TI/ccs_workspace/rtos_template_app_am335x_a8/Debug/configPkg/package/cfg/main_pa8fg.oa8fg
                0x00000000800076dc                xdc_runtime_LoggerBuf_Object__get(void) static
 .text.ti_sysbios_family_arm_TaskSupport_buildTaskStack
                0x00000000800076f8       0x7c /media/constantine/Work/SoundDevice/SoundDevice_endPoint/TI/ccs_workspace/rtos_template_app_am335x_a8/src/sysbios/sysbios.aa8fg(arm_TaskSupport_asm_gnu.o)
                0x00000000800076f8                ti_sysbios_family_arm_TaskSupport_buildTaskStack
 .text.ti_sysbios_family_arm_TaskSupport_swap__E
                0x0000000080007774       0x1c /media/constantine/Work/SoundDevice/SoundDevice_endPoint/TI/ccs_workspace/rtos_template_app_am335x_a8/src/sysbios/sysbios.aa8fg(arm_TaskSupport_asm_gnu.o)
                0x0000000080007774                ti_sysbios_family_arm_TaskSupport_swap__E
 .text.ti_sysbios_family_arm_TaskSupport_glue
                0x0000000080007790       0x1c /media/constantine/Work/SoundDevice/SoundDevice_endPoint/TI/ccs_workspace/rtos_template_app_am335x_a8/src/sysbios/sysbios.aa8fg(arm_TaskSupport_asm_gnu.o)
                0x0000000080007790                ti_sysbios_family_arm_TaskSupport_glue
 .text.ti_sysbios_family_arm_a8_Cache_disableL1d__I
                0x00000000800077ac       0x1c /media/constantine/Work/SoundDevice/SoundDevice_endPoint/TI/ccs_workspace/rtos_template_app_am335x_a8/src/sysbios/sysbios.aa8fg(a8_Cache_asm_gnu.o)
                0x00000000800077ac                ti_sysbios_family_arm_a8_Cache_disableL1d(int0_t)
 .text.ti_sysbios_family_arm_a8_Cache_disableL1p__I
                0x00000000800077c8       0x14 /media/constantine/Work/SoundDevice/SoundDevice_endPoint/TI/ccs_workspace/rtos_template_app_am335x_a8/src/sysbios/sysbios.aa8fg(a8_Cache_asm_gnu.o)
                0x00000000800077c8                ti_sysbios_family_arm_a8_Cache_disableL1p(int0_t)
 .text.ti_sysbios_family_arm_a8_Cache_disableL2__I
                0x00000000800077dc       0x10 /media/constantine/Work/SoundDevice/SoundDevice_endPoint/TI/ccs_workspace/rtos_template_app_am335x_a8/src/sysbios/sysbios.aa8fg(a8_Cache_asm_gnu.o)
                0x00000000800077dc                ti_sysbios_family_arm_a8_Cache_disableL2(int0_t)
 .text.ti_sysbios_family_arm_a8_Cache_enableL1d__I
                0x00000000800077ec       0x10 /media/constantine/Work/SoundDevice/SoundDevice_endPoint/TI/ccs_workspace/rtos_template_app_am335x_a8/src/sysbios/sysbios.aa8fg(a8_Cache_asm_gnu.o)
                0x00000000800077ec                ti_sysbios_family_arm_a8_Cache_enableL1d(int0_t)
 .text.ti_sysbios_family_arm_a8_Cache_enableL1p__I
                0x00000000800077fc       0x14 /media/constantine/Work/SoundDevice/SoundDevice_endPoint/TI/ccs_workspace/rtos_template_app_am335x_a8/src/sysbios/sysbios.aa8fg(a8_Cache_asm_gnu.o)
                0x00000000800077fc                ti_sysbios_family_arm_a8_Cache_enableL1p(int0_t)
 .text.ti_sysbios_family_arm_a8_Cache_enableL2__I
                0x0000000080007810       0x10 /media/constantine/Work/SoundDevice/SoundDevice_endPoint/TI/ccs_workspace/rtos_template_app_am335x_a8/src/sysbios/sysbios.aa8fg(a8_Cache_asm_gnu.o)
                0x0000000080007810                ti_sysbios_family_arm_a8_Cache_enableL2(int0_t)
 .text.ti_sysbios_family_arm_a8_Cache_invL1dAll__E
                0x0000000080007820       0x94 /media/constantine/Work/SoundDevice/SoundDevice_endPoint/TI/ccs_workspace/rtos_template_app_am335x_a8/src/sysbios/sysbios.aa8fg(a8_Cache_asm_gnu.o)
                0x0000000080007820                ti_sysbios_family_arm_a8_Cache_invL1dAll__E
 .text.ti_sysbios_family_arm_a8_Cache_invL1pAll__E
                0x00000000800078b4        0x8 /media/constantine/Work/SoundDevice/SoundDevice_endPoint/TI/ccs_workspace/rtos_template_app_am335x_a8/src/sysbios/sysbios.aa8fg(a8_Cache_asm_gnu.o)
                0x00000000800078b4                ti_sysbios_family_arm_a8_Cache_invL1pAll__E
 .text.ti_sysbios_family_arm_a8_Cache_wbInvAll__E
                0x00000000800078bc       0x94 /media/constantine/Work/SoundDevice/SoundDevice_endPoint/TI/ccs_workspace/rtos_template_app_am335x_a8/src/sysbios/sysbios.aa8fg(a8_Cache_asm_gnu.o)
                0x00000000800078bc                ti_sysbios_family_arm_a8_Cache_wbInvAll__E
 .text.ti_sysbios_family_arm_a8_Cache_getEnabled__E
                0x0000000080007950       0x38 /media/constantine/Work/SoundDevice/SoundDevice_endPoint/TI/ccs_workspace/rtos_template_app_am335x_a8/src/sysbios/sysbios.aa8fg(a8_Cache_asm_gnu.o)
                0x0000000080007950                ti_sysbios_family_arm_a8_Cache_getEnabled__E
 .text.ti_sysbios_family_arm_a8_Cache_getCacheLevelInfo__I
                0x0000000080007988        0xc /media/constantine/Work/SoundDevice/SoundDevice_endPoint/TI/ccs_workspace/rtos_template_app_am335x_a8/src/sysbios/sysbios.aa8fg(a8_Cache_asm_gnu.o)
                0x0000000080007988                ti_sysbios_family_arm_a8_Cache_getCacheLevelInfo(int0_t)
 .text.ti_sysbios_family_arm_a8_Cache_getLockdownReg__I
                0x0000000080007994        0x8 /media/constantine/Work/SoundDevice/SoundDevice_endPoint/TI/ccs_workspace/rtos_template_app_am335x_a8/src/sysbios/sysbios.aa8fg(a8_Cache_asm_gnu.o)
                0x0000000080007994                ti_sysbios_family_arm_a8_Cache_getLockdownReg(int0_t)
 .text.ti_sysbios_family_arm_a8_Cache_setLockdownReg__I
                0x000000008000799c        0x8 /media/constantine/Work/SoundDevice/SoundDevice_endPoint/TI/ccs_workspace/rtos_template_app_am335x_a8/src/sysbios/sysbios.aa8fg(a8_Cache_asm_gnu.o)
                0x000000008000799c                ti_sysbios_family_arm_a8_Cache_setLockdownReg(int0_t)
 .text.ti_sysbios_family_arm_a8_Cache_disableBP__E
                0x00000000800079a4       0x1c /media/constantine/Work/SoundDevice/SoundDevice_endPoint/TI/ccs_workspace/rtos_template_app_am335x_a8/src/sysbios/sysbios.aa8fg(a8_Cache_asm_gnu.o)
                0x00000000800079a4                ti_sysbios_family_arm_a8_Cache_disableBP__E
 .text.ti_sysbios_family_arm_a8_Cache_enableBP__E
                0x00000000800079c0       0x1c /media/constantine/Work/SoundDevice/SoundDevice_endPoint/TI/ccs_workspace/rtos_template_app_am335x_a8/src/sysbios/sysbios.aa8fg(a8_Cache_asm_gnu.o)
                0x00000000800079c0                ti_sysbios_family_arm_a8_Cache_enableBP__E
 .text.ti_sysbios_family_arm_a8_TimestampProvider_get32__E
                0x00000000800079dc        0x8 /media/constantine/Work/SoundDevice/SoundDevice_endPoint/TI/ccs_workspace/rtos_template_app_am335x_a8/src/sysbios/sysbios.aa8fg(a8_TimestampProvider_asm_gnu.o)
                0x00000000800079dc                ti_sysbios_family_arm_a8_TimestampProvider_get32__E
 .text.ti_sysbios_family_arm_a8_TimestampProvider_initCCNT__I
                0x00000000800079e4       0x1c /media/constantine/Work/SoundDevice/SoundDevice_endPoint/TI/ccs_workspace/rtos_template_app_am335x_a8/src/sysbios/sysbios.aa8fg(a8_TimestampProvider_asm_gnu.o)
                0x00000000800079e4                ti_sysbios_family_arm_a8_TimestampProvider_initCCNT(int0_t)
 .text.ti_sysbios_family_arm_a8_intcps_Hwi_dispatchIRQ__I
                0x0000000080007a00       0xbc /media/constantine/Work/SoundDevice/SoundDevice_endPoint/TI/ccs_workspace/rtos_template_app_am335x_a8/src/sysbios/sysbios.aa8fg(intcps_Hwi_asm_gnu.o)
                0x0000000080007a00                ti_sysbios_family_arm_a8_intcps_Hwi_dispatchIRQ(int0_t)
 .text.ti_sysbios_family_arm_a8_intcps_Hwi_init__I
                0x0000000080007abc       0x24 /media/constantine/Work/SoundDevice/SoundDevice_endPoint/TI/ccs_workspace/rtos_template_app_am335x_a8/src/sysbios/sysbios.aa8fg(intcps_Hwi_asm_gnu.o)
                0x0000000080007abc                ti_sysbios_family_arm_a8_intcps_Hwi_init(int0_t)
 .text.ti_sysbios_family_arm_a8_intcps_Hwi_initVbar__I
                0x0000000080007ae0       0x10 /media/constantine/Work/SoundDevice/SoundDevice_endPoint/TI/ccs_workspace/rtos_template_app_am335x_a8/src/sysbios/sysbios.aa8fg(intcps_Hwi_asm_gnu.o)
                0x0000000080007ae0                ti_sysbios_family_arm_a8_intcps_Hwi_initVbar(int0_t)
 .text.ti_sysbios_family_arm_exc_Exception_excHandlerAsm__I
                0x0000000080007af0       0x68 /media/constantine/Work/SoundDevice/SoundDevice_endPoint/TI/ccs_workspace/rtos_template_app_am335x_a8/src/sysbios/sysbios.aa8fg(exc_Exception_asm_gnu.o)
                0x0000000080007af0                ti_sysbios_family_arm_exc_Exception_excHandlerAsm(int0_t)
 .text.ti_sysbios_family_arm_exc_Exception_excHandlerDataAsm__I
                0x0000000080007b58       0x6c /media/constantine/Work/SoundDevice/SoundDevice_endPoint/TI/ccs_workspace/rtos_template_app_am335x_a8/src/sysbios/sysbios.aa8fg(exc_Exception_asm_gnu.o)
                0x0000000080007b58                ti_sysbios_family_arm_exc_Exception_excHandlerDataAsm(int0_t)
 .text.ti_sysbios_family_arm_exc_Exception_initCore0__I
                0x0000000080007bc4       0x64 /media/constantine/Work/SoundDevice/SoundDevice_endPoint/TI/ccs_workspace/rtos_template_app_am335x_a8/src/sysbios/sysbios.aa8fg(exc_Exception_asm_gnu.o)
                0x0000000080007bc4                ti_sysbios_family_arm_exc_Exception_initCore0(int0_t)
 .text.ti_sysbios_BIOS_linkedWithIncorrectBootLibrary__E
                0x0000000080007c28        0x4 /media/constantine/Work/SoundDevice/SoundDevice_endPoint/TI/ccs_workspace/rtos_template_app_am335x_a8/src/sysbios/sysbios.aa8fg(_BIOS.o)
                0x0000000080007c28                ti_sysbios_BIOS_linkedWithIncorrectBootLibrary__E
 .text.ti_sysbios_BIOS_getThreadType__E
                0x0000000080007c2c       0x10 /media/constantine/Work/SoundDevice/SoundDevice_endPoint/TI/ccs_workspace/rtos_template_app_am335x_a8/src/sysbios/sysbios.aa8fg(_BIOS.o)
                0x0000000080007c2c                ti_sysbios_BIOS_getThreadType__E
 .text.ti_sysbios_BIOS_setThreadType__E
                0x0000000080007c3c       0x18 /media/constantine/Work/SoundDevice/SoundDevice_endPoint/TI/ccs_workspace/rtos_template_app_am335x_a8/src/sysbios/sysbios.aa8fg(_BIOS.o)
                0x0000000080007c3c                ti_sysbios_BIOS_setThreadType__E
 .text.ti_sysbios_BIOS_getCpuFreq__E
                0x0000000080007c54       0x1c /media/constantine/Work/SoundDevice/SoundDevice_endPoint/TI/ccs_workspace/rtos_template_app_am335x_a8/src/sysbios/sysbios.aa8fg(_BIOS.o)
                0x0000000080007c54                ti_sysbios_BIOS_getCpuFreq__E
 .text.ti_sysbios_BIOS_start__E
                0x0000000080007c70       0x10 /media/constantine/Work/SoundDevice/SoundDevice_endPoint/TI/ccs_workspace/rtos_template_app_am335x_a8/src/sysbios/sysbios.aa8fg(_BIOS.o)
                0x0000000080007c70                ti_sysbios_BIOS_start__E
 .text.ti_sysbios_BIOS_exit__E
                0x0000000080007c80       0x10 /media/constantine/Work/SoundDevice/SoundDevice_endPoint/TI/ccs_workspace/rtos_template_app_am335x_a8/src/sysbios/sysbios.aa8fg(_BIOS.o)
                0x0000000080007c80                ti_sysbios_BIOS_exit__E
 .text.ti_sysbios_family_arm_IntrinsicsSupport_maxbit__E
                0x0000000080007c90        0x4 /media/constantine/Work/SoundDevice/SoundDevice_endPoint/TI/ccs_workspace/rtos_template_app_am335x_a8/src/sysbios/sysbios.aa8fg(arm_IntrinsicsSupport.o)
                0x0000000080007c90                ti_sysbios_family_arm_IntrinsicsSupport_maxbit__E
 .text.ti_sysbios_family_arm_TaskSupport_start__E
                0x0000000080007c94       0x64 /media/constantine/Work/SoundDevice/SoundDevice_endPoint/TI/ccs_workspace/rtos_template_app_am335x_a8/src/sysbios/sysbios.aa8fg(arm_TaskSupport.o)
                0x0000000080007c94                ti_sysbios_family_arm_TaskSupport_start__E
 .text.ti_sysbios_family_arm_TaskSupport_checkStack__E
                0x0000000080007cf8       0x14 /media/constantine/Work/SoundDevice/SoundDevice_endPoint/TI/ccs_workspace/rtos_template_app_am335x_a8/src/sysbios/sysbios.aa8fg(arm_TaskSupport.o)
                0x0000000080007cf8                ti_sysbios_family_arm_TaskSupport_checkStack__E
 .text.ti_sysbios_family_arm_TaskSupport_getStackAlignment__E
                0x0000000080007d0c       0x10 /media/constantine/Work/SoundDevice/SoundDevice_endPoint/TI/ccs_workspace/rtos_template_app_am335x_a8/src/sysbios/sysbios.aa8fg(arm_TaskSupport.o)
                0x0000000080007d0c                ti_sysbios_family_arm_TaskSupport_getStackAlignment__E
 .text.ti_sysbios_knl_Clock_Module_startup__E
                0x0000000080007d1c       0x34 /media/constantine/Work/SoundDevice/SoundDevice_endPoint/TI/ccs_workspace/rtos_template_app_am335x_a8/src/sysbios/sysbios.aa8fg(knl_Clock.o)
                0x0000000080007d1c                ti_sysbios_knl_Clock_Module_startup__E
 .text.ti_sysbios_knl_Clock_workFunc__E
                0x0000000080007d50      0x254 /media/constantine/Work/SoundDevice/SoundDevice_endPoint/TI/ccs_workspace/rtos_template_app_am335x_a8/src/sysbios/sysbios.aa8fg(knl_Clock.o)
                0x0000000080007d50                ti_sysbios_knl_Clock_workFunc__E
 .text.ti_sysbios_knl_Clock_addI__E
                0x0000000080007fa4       0x44 /media/constantine/Work/SoundDevice/SoundDevice_endPoint/TI/ccs_workspace/rtos_template_app_am335x_a8/src/sysbios/sysbios.aa8fg(knl_Clock.o)
                0x0000000080007fa4                ti_sysbios_knl_Clock_addI__E
 .text.ti_sysbios_knl_Clock_removeI__E
                0x0000000080007fe8        0x4 /media/constantine/Work/SoundDevice/SoundDevice_endPoint/TI/ccs_workspace/rtos_template_app_am335x_a8/src/sysbios/sysbios.aa8fg(knl_Clock.o)
                0x0000000080007fe8                ti_sysbios_knl_Clock_removeI__E
 .text.ti_sysbios_knl_Clock_startI__E
                0x0000000080007fec       0x24 /media/constantine/Work/SoundDevice/SoundDevice_endPoint/TI/ccs_workspace/rtos_template_app_am335x_a8/src/sysbios/sysbios.aa8fg(knl_Clock.o)
                0x0000000080007fec                ti_sysbios_knl_Clock_startI__E
 .text.ti_sysbios_knl_Clock_stop__E
                0x0000000080008010        0xc /media/constantine/Work/SoundDevice/SoundDevice_endPoint/TI/ccs_workspace/rtos_template_app_am335x_a8/src/sysbios/sysbios.aa8fg(knl_Clock.o)
                0x0000000080008010                ti_sysbios_knl_Clock_stop__E
 .text.ti_sysbios_knl_Clock_logTick__E
                0x000000008000801c       0x98 /media/constantine/Work/SoundDevice/SoundDevice_endPoint/TI/ccs_workspace/rtos_template_app_am335x_a8/src/sysbios/sysbios.aa8fg(knl_Clock.o)
                0x000000008000801c                ti_sysbios_knl_Clock_logTick__E
 .text.ti_sysbios_knl_Idle_loop__E
                0x00000000800080b4       0x38 /media/constantine/Work/SoundDevice/SoundDevice_endPoint/TI/ccs_workspace/rtos_template_app_am335x_a8/src/sysbios/sysbios.aa8fg(knl_Idle.o)
                0x00000000800080b4                ti_sysbios_knl_Idle_loop__E
 .text.ti_sysbios_knl_Idle_run__E
                0x00000000800080ec       0x34 /media/constantine/Work/SoundDevice/SoundDevice_endPoint/TI/ccs_workspace/rtos_template_app_am335x_a8/src/sysbios/sysbios.aa8fg(knl_Idle.o)
                0x00000000800080ec                ti_sysbios_knl_Idle_run__E
 .text.ti_sysbios_knl_Queue_Instance_init__E
                0x0000000080008120        0xc /media/constantine/Work/SoundDevice/SoundDevice_endPoint/TI/ccs_workspace/rtos_template_app_am335x_a8/src/sysbios/sysbios.aa8fg(knl_Queue.o)
                0x0000000080008120                ti_sysbios_knl_Queue_Instance_init__E
 .text.ti_sysbios_knl_Queue_dequeue__E
                0x000000008000812c       0x18 /media/constantine/Work/SoundDevice/SoundDevice_endPoint/TI/ccs_workspace/rtos_template_app_am335x_a8/src/sysbios/sysbios.aa8fg(knl_Queue.o)
                0x000000008000812c                ti_sysbios_knl_Queue_dequeue__E
 .text.ti_sysbios_knl_Queue_empty__E
                0x0000000080008144       0x14 /media/constantine/Work/SoundDevice/SoundDevice_endPoint/TI/ccs_workspace/rtos_template_app_am335x_a8/src/sysbios/sysbios.aa8fg(knl_Queue.o)
                0x0000000080008144                ti_sysbios_knl_Queue_empty__E
 .text.ti_sysbios_knl_Queue_enqueue__E
                0x0000000080008158       0x18 /media/constantine/Work/SoundDevice/SoundDevice_endPoint/TI/ccs_workspace/rtos_template_app_am335x_a8/src/sysbios/sysbios.aa8fg(knl_Queue.o)
                0x0000000080008158                ti_sysbios_knl_Queue_enqueue__E
 .text.ti_sysbios_knl_Queue_head__E
                0x0000000080008170        0x8 /media/constantine/Work/SoundDevice/SoundDevice_endPoint/TI/ccs_workspace/rtos_template_app_am335x_a8/src/sysbios/sysbios.aa8fg(knl_Queue.o)
                0x0000000080008170                ti_sysbios_knl_Queue_head__E
 .text.ti_sysbios_knl_Queue_elemClear__E
                0x0000000080008178        0xc /media/constantine/Work/SoundDevice/SoundDevice_endPoint/TI/ccs_workspace/rtos_template_app_am335x_a8/src/sysbios/sysbios.aa8fg(knl_Queue.o)
                0x0000000080008178                ti_sysbios_knl_Queue_elemClear__E
 .text.ti_sysbios_knl_Queue_insert__E
                0x0000000080008184       0x18 /media/constantine/Work/SoundDevice/SoundDevice_endPoint/TI/ccs_workspace/rtos_template_app_am335x_a8/src/sysbios/sysbios.aa8fg(knl_Queue.o)
                0x0000000080008184                ti_sysbios_knl_Queue_insert__E
 .text.ti_sysbios_knl_Queue_next__E
                0x000000008000819c        0x8 /media/constantine/Work/SoundDevice/SoundDevice_endPoint/TI/ccs_workspace/rtos_template_app_am335x_a8/src/sysbios/sysbios.aa8fg(knl_Queue.o)
                0x000000008000819c                ti_sysbios_knl_Queue_next__E
 .text.ti_sysbios_knl_Queue_prev__E
                0x00000000800081a4        0x8 /media/constantine/Work/SoundDevice/SoundDevice_endPoint/TI/ccs_workspace/rtos_template_app_am335x_a8/src/sysbios/sysbios.aa8fg(knl_Queue.o)
                0x00000000800081a4                ti_sysbios_knl_Queue_prev__E
 .text.ti_sysbios_knl_Queue_put__E
                0x00000000800081ac       0x38 /media/constantine/Work/SoundDevice/SoundDevice_endPoint/TI/ccs_workspace/rtos_template_app_am335x_a8/src/sysbios/sysbios.aa8fg(knl_Queue.o)
                0x00000000800081ac                ti_sysbios_knl_Queue_put__E
 .text.ti_sysbios_knl_Queue_remove__E
                0x00000000800081e4       0x1c /media/constantine/Work/SoundDevice/SoundDevice_endPoint/TI/ccs_workspace/rtos_template_app_am335x_a8/src/sysbios/sysbios.aa8fg(knl_Queue.o)
                0x00000000800081e4                ti_sysbios_knl_Queue_remove__E
 .text.ti_sysbios_knl_Semaphore_pendTimeout__I
                0x0000000080008200       0x50 /media/constantine/Work/SoundDevice/SoundDevice_endPoint/TI/ccs_workspace/rtos_template_app_am335x_a8/src/sysbios/sysbios.aa8fg(knl_Semaphore.o)
                0x0000000080008200                ti_sysbios_knl_Semaphore_pendTimeout(int0_t)
 .text.ti_sysbios_knl_Semaphore_Instance_init__E
                0x0000000080008250       0xfc /media/constantine/Work/SoundDevice/SoundDevice_endPoint/TI/ccs_workspace/rtos_template_app_am335x_a8/src/sysbios/sysbios.aa8fg(knl_Semaphore.o)
                0x0000000080008250                ti_sysbios_knl_Semaphore_Instance_init__E
 .text.ti_sysbios_knl_Semaphore_Instance_finalize__E
                0x000000008000834c       0x14 /media/constantine/Work/SoundDevice/SoundDevice_endPoint/TI/ccs_workspace/rtos_template_app_am335x_a8/src/sysbios/sysbios.aa8fg(knl_Semaphore.o)
                0x000000008000834c                ti_sysbios_knl_Semaphore_Instance_finalize__E
 .text.ti_sysbios_knl_Semaphore_pend__E
                0x0000000080008360      0x4e8 /media/constantine/Work/SoundDevice/SoundDevice_endPoint/TI/ccs_workspace/rtos_template_app_am335x_a8/src/sysbios/sysbios.aa8fg(knl_Semaphore.o)
                0x0000000080008360                ti_sysbios_knl_Semaphore_pend__E
 .text.ti_sysbios_knl_Semaphore_post__E
                0x0000000080008848      0x210 /media/constantine/Work/SoundDevice/SoundDevice_endPoint/TI/ccs_workspace/rtos_template_app_am335x_a8/src/sysbios/sysbios.aa8fg(knl_Semaphore.o)
                0x0000000080008848                ti_sysbios_knl_Semaphore_post__E
 .text.ti_sysbios_knl_Swi_runLoop__I
                0x0000000080008a58      0x240 /media/constantine/Work/SoundDevice/SoundDevice_endPoint/TI/ccs_workspace/rtos_template_app_am335x_a8/src/sysbios/sysbios.aa8fg(knl_Swi.o)
                0x0000000080008a58                ti_sysbios_knl_Swi_runLoop(int0_t)
 .text.ti_sysbios_knl_Swi_Module_startup__E
                0x0000000080008c98       0x3c /media/constantine/Work/SoundDevice/SoundDevice_endPoint/TI/ccs_workspace/rtos_template_app_am335x_a8/src/sysbios/sysbios.aa8fg(knl_Swi.o)
                0x0000000080008c98                ti_sysbios_knl_Swi_Module_startup__E
 .text.ti_sysbios_knl_Swi_startup__E
                0x0000000080008cd4      0x104 /media/constantine/Work/SoundDevice/SoundDevice_endPoint/TI/ccs_workspace/rtos_template_app_am335x_a8/src/sysbios/sysbios.aa8fg(knl_Swi.o)
                0x0000000080008cd4                ti_sysbios_knl_Swi_startup__E
 .text.ti_sysbios_knl_Swi_enabled__E
                0x0000000080008dd8       0x18 /media/constantine/Work/SoundDevice/SoundDevice_endPoint/TI/ccs_workspace/rtos_template_app_am335x_a8/src/sysbios/sysbios.aa8fg(knl_Swi.o)
                0x0000000080008dd8                ti_sysbios_knl_Swi_enabled__E
 .text.ti_sysbios_knl_Swi_disable__E
                0x0000000080008df0       0x28 /media/constantine/Work/SoundDevice/SoundDevice_endPoint/TI/ccs_workspace/rtos_template_app_am335x_a8/src/sysbios/sysbios.aa8fg(knl_Swi.o)
                0x0000000080008df0                ti_sysbios_knl_Swi_disable__E
 .text.ti_sysbios_knl_Swi_restoreHwi__E
                0x0000000080008e18      0x27c /media/constantine/Work/SoundDevice/SoundDevice_endPoint/TI/ccs_workspace/rtos_template_app_am335x_a8/src/sysbios/sysbios.aa8fg(knl_Swi.o)
                0x0000000080008e18                ti_sysbios_knl_Swi_restoreHwi__E
 .text.ti_sysbios_knl_Swi_self__E
                0x0000000080009094       0x10 /media/constantine/Work/SoundDevice/SoundDevice_endPoint/TI/ccs_workspace/rtos_template_app_am335x_a8/src/sysbios/sysbios.aa8fg(knl_Swi.o)
                0x0000000080009094                ti_sysbios_knl_Swi_self__E
 .text.ti_sysbios_knl_Swi_post__E
                0x00000000800090a4      0x1d4 /media/constantine/Work/SoundDevice/SoundDevice_endPoint/TI/ccs_workspace/rtos_template_app_am335x_a8/src/sysbios/sysbios.aa8fg(knl_Swi.o)
                0x00000000800090a4                ti_sysbios_knl_Swi_post__E
 .text.ti_sysbios_knl_Task_sleepTimeout__I
                0x0000000080009278      0x138 /media/constantine/Work/SoundDevice/SoundDevice_endPoint/TI/ccs_workspace/rtos_template_app_am335x_a8/src/sysbios/sysbios.aa8fg(knl_Task.o)
                0x0000000080009278                ti_sysbios_knl_Task_sleepTimeout(int0_t)
 .text.ti_sysbios_knl_Task_schedule__I
                0x00000000800093b0      0x304 /media/constantine/Work/SoundDevice/SoundDevice_endPoint/TI/ccs_workspace/rtos_template_app_am335x_a8/src/sysbios/sysbios.aa8fg(knl_Task.o)
                0x00000000800093b0                ti_sysbios_knl_Task_schedule(int0_t)
 .text.ti_sysbios_knl_Task_enter__I
                0x00000000800096b4       0x3c /media/constantine/Work/SoundDevice/SoundDevice_endPoint/TI/ccs_workspace/rtos_template_app_am335x_a8/src/sysbios/sysbios.aa8fg(knl_Task.o)
                0x00000000800096b4                ti_sysbios_knl_Task_enter(int0_t)
 .text.ti_sysbios_knl_Task_startCore__E
                0x00000000800096f0      0x1bc /media/constantine/Work/SoundDevice/SoundDevice_endPoint/TI/ccs_workspace/rtos_template_app_am335x_a8/src/sysbios/sysbios.aa8fg(knl_Task.o)
                0x00000000800096f0                ti_sysbios_knl_Task_startCore__E
 .text.ti_sysbios_knl_Task_startup__E
                0x00000000800098ac        0x8 /media/constantine/Work/SoundDevice/SoundDevice_endPoint/TI/ccs_workspace/rtos_template_app_am335x_a8/src/sysbios/sysbios.aa8fg(knl_Task.o)
                0x00000000800098ac                ti_sysbios_knl_Task_startup__E
 .text.ti_sysbios_knl_Task_enabled__E
                0x00000000800098b4       0x34 /media/constantine/Work/SoundDevice/SoundDevice_endPoint/TI/ccs_workspace/rtos_template_app_am335x_a8/src/sysbios/sysbios.aa8fg(knl_Task.o)
                0x00000000800098b4                ti_sysbios_knl_Task_enabled__E
 .text.ti_sysbios_knl_Task_disable__E
                0x00000000800098e8       0x28 /media/constantine/Work/SoundDevice/SoundDevice_endPoint/TI/ccs_workspace/rtos_template_app_am335x_a8/src/sysbios/sysbios.aa8fg(knl_Task.o)
                0x00000000800098e8                ti_sysbios_knl_Task_disable__E
 .text.ti_sysbios_knl_Task_restore__E
                0x0000000080009910       0x5c /media/constantine/Work/SoundDevice/SoundDevice_endPoint/TI/ccs_workspace/rtos_template_app_am335x_a8/src/sysbios/sysbios.aa8fg(knl_Task.o)
                0x0000000080009910                ti_sysbios_knl_Task_restore__E
 .text.ti_sysbios_knl_Task_restoreHwi__E
                0x000000008000996c       0x4c /media/constantine/Work/SoundDevice/SoundDevice_endPoint/TI/ccs_workspace/rtos_template_app_am335x_a8/src/sysbios/sysbios.aa8fg(knl_Task.o)
                0x000000008000996c                ti_sysbios_knl_Task_restoreHwi__E
 .text.ti_sysbios_knl_Task_self__E
                0x00000000800099b8       0x10 /media/constantine/Work/SoundDevice/SoundDevice_endPoint/TI/ccs_workspace/rtos_template_app_am335x_a8/src/sysbios/sysbios.aa8fg(knl_Task.o)
                0x00000000800099b8                ti_sysbios_knl_Task_self__E
 .text.ti_sysbios_knl_Task_Instance_finalize__E
                0x00000000800099c8      0x4c4 /media/constantine/Work/SoundDevice/SoundDevice_endPoint/TI/ccs_workspace/rtos_template_app_am335x_a8/src/sysbios/sysbios.aa8fg(knl_Task.o)
                0x00000000800099c8                ti_sysbios_knl_Task_Instance_finalize__E
 .text.ti_sysbios_knl_Task_getHookContext__E
                0x0000000080009e8c        0xc /media/constantine/Work/SoundDevice/SoundDevice_endPoint/TI/ccs_workspace/rtos_template_app_am335x_a8/src/sysbios/sysbios.aa8fg(knl_Task.o)
                0x0000000080009e8c                ti_sysbios_knl_Task_getHookContext__E
 .text.ti_sysbios_knl_Task_setHookContext__E
                0x0000000080009e98        0xc /media/constantine/Work/SoundDevice/SoundDevice_endPoint/TI/ccs_workspace/rtos_template_app_am335x_a8/src/sysbios/sysbios.aa8fg(knl_Task.o)
                0x0000000080009e98                ti_sysbios_knl_Task_setHookContext__E
 .text.ti_sysbios_knl_Task_getPri__E
                0x0000000080009ea4        0x8 /media/constantine/Work/SoundDevice/SoundDevice_endPoint/TI/ccs_workspace/rtos_template_app_am335x_a8/src/sysbios/sysbios.aa8fg(knl_Task.o)
                0x0000000080009ea4                ti_sysbios_knl_Task_getPri__E
 .text.ti_sysbios_knl_Task_blockI__E
                0x0000000080009eac      0x11c /media/constantine/Work/SoundDevice/SoundDevice_endPoint/TI/ccs_workspace/rtos_template_app_am335x_a8/src/sysbios/sysbios.aa8fg(knl_Task.o)
                0x0000000080009eac                ti_sysbios_knl_Task_blockI__E
 .text.ti_sysbios_knl_Task_exit__E
                0x0000000080009fc8      0x1fc /media/constantine/Work/SoundDevice/SoundDevice_endPoint/TI/ccs_workspace/rtos_template_app_am335x_a8/src/sysbios/sysbios.aa8fg(knl_Task.o)
                0x0000000080009fc8                ti_sysbios_knl_Task_exit__E
 .text.ti_sysbios_knl_Task_sleep__E
                0x000000008000a1c4      0x348 /media/constantine/Work/SoundDevice/SoundDevice_endPoint/TI/ccs_workspace/rtos_template_app_am335x_a8/src/sysbios/sysbios.aa8fg(knl_Task.o)
                0x000000008000a1c4                ti_sysbios_knl_Task_sleep__E
 .text.ti_sysbios_knl_Task_unblockI__E
                0x000000008000a50c      0x12c /media/constantine/Work/SoundDevice/SoundDevice_endPoint/TI/ccs_workspace/rtos_template_app_am335x_a8/src/sysbios/sysbios.aa8fg(knl_Task.o)
                0x000000008000a50c                ti_sysbios_knl_Task_unblockI__E
 .text.ti_sysbios_knl_Task_postInit__I
                0x000000008000a638      0x1f4 /media/constantine/Work/SoundDevice/SoundDevice_endPoint/TI/ccs_workspace/rtos_template_app_am335x_a8/src/sysbios/sysbios.aa8fg(knl_Task.o)
                0x000000008000a638                ti_sysbios_knl_Task_postInit(int0_t)
 .text.ti_sysbios_knl_Task_Module_startup__E
                0x000000008000a82c       0xcc /media/constantine/Work/SoundDevice/SoundDevice_endPoint/TI/ccs_workspace/rtos_template_app_am335x_a8/src/sysbios/sysbios.aa8fg(knl_Task.o)
                0x000000008000a82c                ti_sysbios_knl_Task_Module_startup__E
 .text.ti_sysbios_knl_Task_Instance_init__E
                0x000000008000a8f8      0x30c /media/constantine/Work/SoundDevice/SoundDevice_endPoint/TI/ccs_workspace/rtos_template_app_am335x_a8/src/sysbios/sysbios.aa8fg(knl_Task.o)
                0x000000008000a8f8                ti_sysbios_knl_Task_Instance_init__E
 .text.ti_sysbios_hal_Hwi_Module_startup__E
                0x000000008000ac04       0x18 /media/constantine/Work/SoundDevice/SoundDevice_endPoint/TI/ccs_workspace/rtos_template_app_am335x_a8/src/sysbios/sysbios.aa8fg(hal_Hwi.o)
                0x000000008000ac04                ti_sysbios_hal_Hwi_Module_startup__E
 .text.ti_sysbios_hal_Hwi_disableInterrupt__E
                0x000000008000ac1c        0x4 /media/constantine/Work/SoundDevice/SoundDevice_endPoint/TI/ccs_workspace/rtos_template_app_am335x_a8/src/sysbios/sysbios.aa8fg(hal_Hwi.o)
                0x000000008000ac1c                ti_sysbios_hal_Hwi_disableInterrupt__E
 .text.ti_sysbios_hal_Hwi_enableInterrupt__E
                0x000000008000ac20        0x4 /media/constantine/Work/SoundDevice/SoundDevice_endPoint/TI/ccs_workspace/rtos_template_app_am335x_a8/src/sysbios/sysbios.aa8fg(hal_Hwi.o)
                0x000000008000ac20                ti_sysbios_hal_Hwi_enableInterrupt__E
 .text.ti_sysbios_hal_Hwi_clearInterrupt__E
                0x000000008000ac24        0x4 /media/constantine/Work/SoundDevice/SoundDevice_endPoint/TI/ccs_workspace/rtos_template_app_am335x_a8/src/sysbios/sysbios.aa8fg(hal_Hwi.o)
                0x000000008000ac24                ti_sysbios_hal_Hwi_clearInterrupt__E
 .text.ti_sysbios_hal_Hwi_getStackInfo__E
                0x000000008000ac28        0x4 /media/constantine/Work/SoundDevice/SoundDevice_endPoint/TI/ccs_workspace/rtos_template_app_am335x_a8/src/sysbios/sysbios.aa8fg(hal_Hwi.o)
                0x000000008000ac28                ti_sysbios_hal_Hwi_getStackInfo__E
 .text.ti_sysbios_hal_Hwi_switchFromBootStack__E
                0x000000008000ac2c        0x4 /media/constantine/Work/SoundDevice/SoundDevice_endPoint/TI/ccs_workspace/rtos_template_app_am335x_a8/src/sysbios/sysbios.aa8fg(hal_Hwi.o)
                0x000000008000ac2c                ti_sysbios_hal_Hwi_switchFromBootStack__E
 .text.ti_sysbios_hal_Hwi_initStack
                0x000000008000ac30       0x3c /media/constantine/Work/SoundDevice/SoundDevice_endPoint/TI/ccs_workspace/rtos_template_app_am335x_a8/src/sysbios/sysbios.aa8fg(hal_Hwi_stack.o)
                0x000000008000ac30                ti_sysbios_hal_Hwi_initStack
 .text.ti_sysbios_hal_Hwi_checkStack
                0x000000008000ac6c       0x5c /media/constantine/Work/SoundDevice/SoundDevice_endPoint/TI/ccs_workspace/rtos_template_app_am335x_a8/src/sysbios/sysbios.aa8fg(hal_Hwi_stack.o)
                0x000000008000ac6c                ti_sysbios_hal_Hwi_checkStack
 .text.ti_sysbios_hal_Hwi_startup__E
                0x000000008000acc8        0x4 /media/constantine/Work/SoundDevice/SoundDevice_endPoint/TI/ccs_workspace/rtos_template_app_am335x_a8/src/sysbios/sysbios.aa8fg(hal_Hwi_startup.o)
                0x000000008000acc8                ti_sysbios_hal_Hwi_startup__E
 .text.ti_sysbios_rts_gnu_ReentSupport_Module_startup__E
                0x000000008000accc       0x40 /media/constantine/Work/SoundDevice/SoundDevice_endPoint/TI/ccs_workspace/rtos_template_app_am335x_a8/src/sysbios/sysbios.aa8fg(gnu_ReentSupport.o)
                0x000000008000accc                ti_sysbios_rts_gnu_ReentSupport_Module_startup__E
 .text.ti_sysbios_rts_gnu_ReentSupport_taskRegHook__I
                0x000000008000ad0c       0x10 /media/constantine/Work/SoundDevice/SoundDevice_endPoint/TI/ccs_workspace/rtos_template_app_am335x_a8/src/sysbios/sysbios.aa8fg(gnu_ReentSupport.o)
                0x000000008000ad0c                ti_sysbios_rts_gnu_ReentSupport_taskRegHook(int0_t)
 .text.ti_sysbios_rts_gnu_ReentSupport_taskDeleteHook__I
                0x000000008000ad1c       0x60 /media/constantine/Work/SoundDevice/SoundDevice_endPoint/TI/ccs_workspace/rtos_template_app_am335x_a8/src/sysbios/sysbios.aa8fg(gnu_ReentSupport.o)
                0x000000008000ad1c                ti_sysbios_rts_gnu_ReentSupport_taskDeleteHook(int0_t)
 .text.ti_sysbios_rts_gnu_ReentSupport_getReent__I
                0x000000008000ad7c      0x178 /media/constantine/Work/SoundDevice/SoundDevice_endPoint/TI/ccs_workspace/rtos_template_app_am335x_a8/src/sysbios/sysbios.aa8fg(gnu_ReentSupport.o)
                0x000000008000ad7c                ti_sysbios_rts_gnu_ReentSupport_getReent(int0_t)
 .text.ti_sysbios_rts_gnu_SemiHostSupport_startup__I
                0x000000008000aef4        0x4 /media/constantine/Work/SoundDevice/SoundDevice_endPoint/TI/ccs_workspace/rtos_template_app_am335x_a8/src/sysbios/sysbios.aa8fg(gnu_SemiHostSupport.o)
                0x000000008000aef4                ti_sysbios_rts_gnu_SemiHostSupport_startup(int0_t)
 .text.ti_sysbios_family_arm_a8_Cache_startup__I
                0x000000008000aef8      0x198 /media/constantine/Work/SoundDevice/SoundDevice_endPoint/TI/ccs_workspace/rtos_template_app_am335x_a8/src/sysbios/sysbios.aa8fg(a8_Cache.o)
                0x000000008000aef8                ti_sysbios_family_arm_a8_Cache_startup(int0_t)
 .text.ti_sysbios_family_arm_a8_Cache_disable__E
                0x000000008000b090       0xb4 /media/constantine/Work/SoundDevice/SoundDevice_endPoint/TI/ccs_workspace/rtos_template_app_am335x_a8/src/sysbios/sysbios.aa8fg(a8_Cache.o)
                0x000000008000b090                ti_sysbios_family_arm_a8_Cache_disable__E
 .text.ti_sysbios_family_arm_a8_Cache_enable__E
                0x000000008000b144       0x48 /media/constantine/Work/SoundDevice/SoundDevice_endPoint/TI/ccs_workspace/rtos_template_app_am335x_a8/src/sysbios/sysbios.aa8fg(a8_Cache.o)
                0x000000008000b144                ti_sysbios_family_arm_a8_Cache_enable__E
 .text.ti_sysbios_family_arm_a8_Mmu_Module_startup__E
                0x000000008000b18c       0xf0 /media/constantine/Work/SoundDevice/SoundDevice_endPoint/TI/ccs_workspace/rtos_template_app_am335x_a8/src/sysbios/sysbios.aa8fg(a8_Mmu.o)
                0x000000008000b18c                ti_sysbios_family_arm_a8_Mmu_Module_startup__E
 .text.ti_sysbios_family_arm_a8_Mmu_disable__E
                0x000000008000b27c       0x48 /media/constantine/Work/SoundDevice/SoundDevice_endPoint/TI/ccs_workspace/rtos_template_app_am335x_a8/src/sysbios/sysbios.aa8fg(a8_Mmu.o)
                0x000000008000b27c                ti_sysbios_family_arm_a8_Mmu_disable__E
 .text.ti_sysbios_family_arm_a8_TimestampProvider_Module_startup__E
                0x000000008000b2c4       0x10 /media/constantine/Work/SoundDevice/SoundDevice_endPoint/TI/ccs_workspace/rtos_template_app_am335x_a8/src/sysbios/sysbios.aa8fg(a8_TimestampProvider.o)
                0x000000008000b2c4                ti_sysbios_family_arm_a8_TimestampProvider_Module_startup__E
 .text.ti_sysbios_family_arm_a8_TimestampProvider_get64__E
                0x000000008000b2d4       0x54 /media/constantine/Work/SoundDevice/SoundDevice_endPoint/TI/ccs_workspace/rtos_template_app_am335x_a8/src/sysbios/sysbios.aa8fg(a8_TimestampProvider.o)
                0x000000008000b2d4                ti_sysbios_family_arm_a8_TimestampProvider_get64__E
 .text.ti_sysbios_family_arm_a8_TimestampProvider_getFreq__E
                0x000000008000b328        0x4 /media/constantine/Work/SoundDevice/SoundDevice_endPoint/TI/ccs_workspace/rtos_template_app_am335x_a8/src/sysbios/sysbios.aa8fg(a8_TimestampProvider.o)
                0x000000008000b328                ti_sysbios_family_arm_a8_TimestampProvider_getFreq__E
 .text.ti_sysbios_family_arm_a8_TimestampProvider_autoRefreshFxn__I
                0x000000008000b32c       0x48 /media/constantine/Work/SoundDevice/SoundDevice_endPoint/TI/ccs_workspace/rtos_template_app_am335x_a8/src/sysbios/sysbios.aa8fg(a8_TimestampProvider.o)
                0x000000008000b32c                ti_sysbios_family_arm_a8_TimestampProvider_autoRefreshFxn(int0_t)
 .text.ti_sysbios_family_arm_a8_intcps_Hwi_Module_startup__E
                0x000000008000b374      0x198 /media/constantine/Work/SoundDevice/SoundDevice_endPoint/TI/ccs_workspace/rtos_template_app_am335x_a8/src/sysbios/sysbios.aa8fg(intcps_Hwi.o)
                0x000000008000b374                ti_sysbios_family_arm_a8_intcps_Hwi_Module_startup__E
 .text.ti_sysbios_family_arm_a8_intcps_Hwi_Instance_finalize__E