<?xml version="1.0" encoding="ISO-8859-1" ?>
<link_info>
   <banner>PRU Linker Unix v2.3.1</banner>
   <copyright>Copyright (c) 2012-2017 Texas Instruments Incorporated</copyright>
   <link_time>0x5cc1deb9</link_time>
   <link_errors>0x0</link_errors>
   <output_file>pru_mcasp_rpcmsg.out</output_file>
   <entry_point>
      <name>_c_int00_noinit_noargs</name>
      <address>0x0</address>
   </entry_point>
   <input_file_list>
      <input_file id="fl-1">
         <path>./</path>
         <kind>object</kind>
         <file>clk_cfg.obj</file>
         <name>clk_cfg.obj</name>
      </input_file>
      <input_file id="fl-2">
         <path>./</path>
         <kind>object</kind>
         <file>main.obj</file>
         <name>main.obj</name>
      </input_file>
      <input_file id="fl-3">
         <path>./</path>
         <kind>object</kind>
         <file>mcasp_init.obj</file>
         <name>mcasp_init.obj</name>
      </input_file>
      <input_file id="fl-4">
         <path>./</path>
         <kind>object</kind>
         <file>pads_cfg_am335x.obj</file>
         <name>pads_cfg_am335x.obj</name>
      </input_file>
      <input_file id="fl-5">
         <path>./</path>
         <kind>object</kind>
         <file>pads_cfg_am5728.obj</file>
         <name>pads_cfg_am5728.obj</name>
      </input_file>
      <input_file id="fl-a">
         <kind>object</kind>
         <file>&lt;internal&gt;</file>
         <name>&lt;internal&gt;</name>
      </input_file>
      <input_file id="fl-18">
         <path>/home/constantine/ti/ccsv8/tools/compiler/ti-cgt-pru_2.3.1/lib/</path>
         <kind>archive</kind>
         <file>rtspruv3_le.lib</file>
         <name>boot.c.obj</name>
      </input_file>
      <input_file id="fl-19">
         <path>/home/constantine/ti/ccsv8/tools/compiler/ti-cgt-pru_2.3.1/lib/</path>
         <kind>archive</kind>
         <file>rtspruv3_le.lib</file>
         <name>autoinit.c.obj</name>
      </input_file>
      <input_file id="fl-1a">
         <path>/home/constantine/ti/ccsv8/tools/compiler/ti-cgt-pru_2.3.1/lib/</path>
         <kind>archive</kind>
         <file>rtspruv3_le.lib</file>
         <name>startup.c.obj</name>
      </input_file>
      <input_file id="fl-1b">
         <path>/home/constantine/ti/ccsv8/tools/compiler/ti-cgt-pru_2.3.1/lib/</path>
         <kind>archive</kind>
         <file>rtspruv3_le.lib</file>
         <name>cpy_tbl.c.obj</name>
      </input_file>
      <input_file id="fl-1c">
         <path>/home/constantine/ti/ccsv8/tools/compiler/ti-cgt-pru_2.3.1/lib/</path>
         <kind>archive</kind>
         <file>rtspruv3_le.lib</file>
         <name>exit.c.obj</name>
      </input_file>
      <input_file id="fl-1d">
         <path>/home/constantine/ti/ccsv8/tools/compiler/ti-cgt-pru_2.3.1/lib/</path>
         <kind>archive</kind>
         <file>rtspruv3_le.lib</file>
         <name>_lock.c.obj</name>
      </input_file>
      <input_file id="fl-1e">
         <path>/home/constantine/ti/ccsv8/tools/compiler/ti-cgt-pru_2.3.1/lib/</path>
         <kind>archive</kind>
         <file>rtspruv3_le.lib</file>
         <name>args_main.c.obj</name>
      </input_file>
      <input_file id="fl-1f">
         <path>/home/constantine/ti/ccsv8/tools/compiler/ti-cgt-pru_2.3.1/lib/</path>
         <kind>archive</kind>
         <file>rtspruv3_le.lib</file>
         <name>memcpy.asm.obj</name>
      </input_file>
      <input_file id="fl-20">
         <path>/home/constantine/ti/ccsv8/tools/compiler/ti-cgt-pru_2.3.1/lib/</path>
         <kind>archive</kind>
         <file>rtspruv3_le.lib</file>
         <name>mpyi.c.obj</name>
      </input_file>
      <input_file id="fl-21">
         <path>/media/constantine/Work/SoundDevice/SoundDevice_endPoint/TI/am57x/SDK/example-applications/pru-icss-5.3.0/lib/</path>
         <kind>archive</kind>
         <file>rpmsg_lib.lib</file>
         <name>pru_rpmsg.object</name>
      </input_file>
      <input_file id="fl-22">
         <path>/media/constantine/Work/SoundDevice/SoundDevice_endPoint/TI/am57x/SDK/example-applications/pru-icss-5.3.0/lib/</path>
         <kind>archive</kind>
         <file>rpmsg_lib.lib</file>
         <name>pru_virtqueue.object</name>
      </input_file>
   </input_file_list>
   <object_component_list>
      <object_component id="oc-18">
         <name>.text:_c_int00_noinit_noargs</name>
         <load_address>0x0</load_address>
         <run_address>0x0</run_address>
         <size>0x1c</size>
         <input_file_ref idref="fl-18"/>
      </object_component>
      <object_component id="oc-41">
         <name>.text:main</name>
         <load_address>0x1c</load_address>
         <run_address>0x1c</run_address>
         <size>0x640</size>
         <input_file_ref idref="fl-2"/>
      </object_component>
      <object_component id="oc-148">
         <name>.text:start_mcasp_RX</name>
         <load_address>0x65c</load_address>
         <run_address>0x65c</run_address>
         <size>0x1dc</size>
         <input_file_ref idref="fl-3"/>
      </object_component>
      <object_component id="oc-142">
         <name>.text:start_mcasp_TX</name>
         <load_address>0x838</load_address>
         <run_address>0x838</run_address>
         <size>0x1d0</size>
         <input_file_ref idref="fl-3"/>
      </object_component>
      <object_component id="oc-130">
         <name>.text:setup_mcasp_TX</name>
         <load_address>0xa08</load_address>
         <run_address>0xa08</run_address>
         <size>0x124</size>
         <input_file_ref idref="fl-3"/>
      </object_component>
      <object_component id="oc-136">
         <name>.text:setup_mcasp_RX</name>
         <load_address>0xb2c</load_address>
         <run_address>0xb2c</run_address>
         <size>0x118</size>
         <input_file_ref idref="fl-3"/>
      </object_component>
      <object_component id="oc-7f">
         <name>.text:init_mcasp</name>
         <load_address>0xc44</load_address>
         <run_address>0xc44</run_address>
         <size>0xfc</size>
         <input_file_ref idref="fl-3"/>
      </object_component>
      <object_component id="oc-88">
         <name>.text:pru_rpmsg_send</name>
         <load_address>0xd40</load_address>
         <run_address>0xd40</run_address>
         <size>0xd8</size>
         <input_file_ref idref="fl-21"/>
      </object_component>
      <object_component id="oc-75">
         <name>.text:pru_rpmsg_receive</name>
         <load_address>0xe18</load_address>
         <run_address>0xe18</run_address>
         <size>0xc4</size>
         <input_file_ref idref="fl-21"/>
      </object_component>
      <object_component id="oc-1b1">
         <name>.text:service_buffs</name>
         <load_address>0xedc</load_address>
         <run_address>0xedc</run_address>
         <size>0x64</size>
         <input_file_ref idref="fl-3"/>
      </object_component>
      <object_component id="oc-62">
         <name>.text:pru_rpmsg_init</name>
         <load_address>0xf40</load_address>
         <run_address>0xf40</run_address>
         <size>0x60</size>
         <input_file_ref idref="fl-21"/>
      </object_component>
      <object_component id="oc-118">
         <name>.text:pru_virtqueue_get_avail_buf</name>
         <load_address>0xfa0</load_address>
         <run_address>0xfa0</run_address>
         <size>0x60</size>
         <input_file_ref idref="fl-22"/>
      </object_component>
      <object_component id="oc-fc">
         <name>.text:pru_virtqueue_init</name>
         <load_address>0x1000</load_address>
         <run_address>0x1000</run_address>
         <size>0x60</size>
         <input_file_ref idref="fl-22"/>
      </object_component>
      <object_component id="oc-69">
         <name>.text:pru_rpmsg_channel</name>
         <load_address>0x1060</load_address>
         <run_address>0x1060</run_address>
         <size>0x5c</size>
         <input_file_ref idref="fl-21"/>
      </object_component>
      <object_component id="oc-123">
         <name>.text:pru_virtqueue_add_used_buf</name>
         <load_address>0x10bc</load_address>
         <run_address>0x10bc</run_address>
         <size>0x5c</size>
         <input_file_ref idref="fl-22"/>
      </object_component>
      <object_component id="oc-11e">
         <name>.text</name>
         <load_address>0x1118</load_address>
         <run_address>0x1118</run_address>
         <size>0x34</size>
         <input_file_ref idref="fl-1f"/>
      </object_component>
      <object_component id="oc-13c">
         <name>.text:setup_mcasp_pads</name>
         <load_address>0x114c</load_address>
         <run_address>0x114c</run_address>
         <size>0x2c</size>
         <input_file_ref idref="fl-3"/>
      </object_component>
      <object_component id="oc-129">
         <name>.text:pru_virtqueue_kick</name>
         <load_address>0x1178</load_address>
         <run_address>0x1178</run_address>
         <size>0x28</size>
         <input_file_ref idref="fl-22"/>
      </object_component>
      <object_component id="oc-99">
         <name>.text:abort</name>
         <load_address>0x11a0</load_address>
         <run_address>0x11a0</run_address>
         <size>0x8</size>
         <input_file_ref idref="fl-1c"/>
      </object_component>
      <object_component id="oc-15d">
         <name>.text:loader_exit</name>
         <load_address>0x11a8</load_address>
         <run_address>0x11a8</run_address>
         <size>0x8</size>
         <input_file_ref idref="fl-1c"/>
      </object_component>
      <object_component id="oc-15">
         <name>.stack</name>
         <uninitialized>true</uninitialized>
         <run_address>0x108</run_address>
         <size>0x4</size>
         <input_file_ref idref="fl-18"/>
      </object_component>
      <object_component id="oc-33a">
         <name>.stack</name>
         <uninitialized>true</uninitialized>
         <run_address>0x108</run_address>
         <size>0x0</size>
      </object_component>
      <object_component id="oc-7d">
         <name>.common:tx_bufs</name>
         <uninitialized>true</uninitialized>
         <run_address>0x80</run_address>
         <size>0x80</size>
      </object_component>
      <object_component id="oc-7e">
         <name>.common:rx_bufs</name>
         <uninitialized>true</uninitialized>
         <run_address>0x0</run_address>
         <size>0x80</size>
      </object_component>
      <object_component id="oc-7c">
         <name>.common:rx_bufs_ddr_start_addr</name>
         <uninitialized>true</uninitialized>
         <run_address>0x100</run_address>
         <size>0x4</size>
      </object_component>
      <object_component id="oc-7b">
         <name>.common:tx_bufs_ddr_start_addr</name>
         <uninitialized>true</uninitialized>
         <run_address>0x104</run_address>
         <size>0x4</size>
      </object_component>
      <object_component id="oc-85">
         <name>.data</name>
         <load_address>0x208</load_address>
         <run_address>0x208</run_address>
         <size>0xa0</size>
         <input_file_ref idref="fl-3"/>
      </object_component>
      <object_component id="oc-6f">
         <name>.data:msg</name>
         <load_address>0x2a8</load_address>
         <run_address>0x2a8</run_address>
         <size>0x18</size>
         <input_file_ref idref="fl-2"/>
      </object_component>
      <object_component id="oc-30">
         <name>.data:pru_intc_map</name>
         <load_address>0x2c0</load_address>
         <run_address>0x2c0</run_address>
         <size>0x4</size>
         <input_file_ref idref="fl-2"/>
      </object_component>
      <object_component id="oc-72">
         <name>.data</name>
         <load_address>0x2c4</load_address>
         <run_address>0x2c4</run_address>
         <size>0x2</size>
         <input_file_ref idref="fl-2"/>
      </object_component>
      <object_component id="oc-68">
         <name>.rodata:.string</name>
         <load_address>0x344</load_address>
         <run_address>0x344</run_address>
         <size>0x18</size>
         <input_file_ref idref="fl-2"/>
      </object_component>
      <object_component id="oc-12">
         <name>.resource_table:retain</name>
         <load_address>0x2c6</load_address>
         <run_address>0x2c6</run_address>
         <size>0x7c</size>
         <input_file_ref idref="fl-2"/>
      </object_component>
      <object_component id="oc-5f">
         <name>.creg.PRU_INTC.noload.far</name>
         <uninitialized>true</uninitialized>
         <run_address>0x20000</run_address>
         <size>0x1504</size>
         <input_file_ref idref="fl-1"/>
      </object_component>
      <object_component id="oc-5c">
         <name>.creg.PRU_CFG.noload.near</name>
         <uninitialized>true</uninitialized>
         <run_address>0x26000</run_address>
         <size>0x44</size>
         <input_file_ref idref="fl-1"/>
      </object_component>
      <object_component id="oc-f9">
         <name>.debug_info</name>
         <load_address>0x0</load_address>
         <run_address>0x0</run_address>
         <size>0x844</size>
         <input_file_ref idref="fl-1"/>
      </object_component>
      <object_component id="oc-5d">
         <name>.debug_info</name>
         <load_address>0x844</load_address>
         <run_address>0x844</run_address>
         <size>0xf6</size>
         <input_file_ref idref="fl-1"/>
      </object_component>
      <object_component id="oc-60">
         <name>.debug_info</name>
         <load_address>0x93a</load_address>
         <run_address>0x93a</run_address>
         <size>0xf9</size>
         <input_file_ref idref="fl-1"/>
      </object_component>
      <object_component id="oc-d9">
         <name>.debug_info</name>
         <load_address>0xa33</load_address>
         <run_address>0xa33</run_address>
         <size>0xb8e</size>
         <input_file_ref idref="fl-1"/>
      </object_component>
      <object_component id="oc-de">
         <name>.debug_info</name>
         <load_address>0x15c1</load_address>
         <run_address>0x15c1</run_address>
         <size>0x2c51</size>
         <input_file_ref idref="fl-1"/>
      </object_component>
      <object_component id="oc-3c">
         <name>.debug_info</name>
         <load_address>0x4212</load_address>
         <run_address>0x4212</run_address>
         <size>0x84</size>
         <input_file_ref idref="fl-1"/>
      </object_component>
      <object_component id="oc-18e">
         <name>.debug_info</name>
         <load_address>0x4296</load_address>
         <run_address>0x4296</run_address>
         <size>0x39</size>
         <input_file_ref idref="fl-1"/>
      </object_component>
      <object_component id="oc-55">
         <name>.debug_info</name>
         <load_address>0x42cf</load_address>
         <run_address>0x42cf</run_address>
         <size>0xc7c</size>
         <input_file_ref idref="fl-2"/>
      </object_component>
      <object_component id="oc-31">
         <name>.debug_info</name>
         <load_address>0x4f4b</load_address>
         <run_address>0x4f4b</run_address>
         <size>0xff</size>
         <input_file_ref idref="fl-2"/>
      </object_component>
      <object_component id="oc-13">
         <name>.debug_info</name>
         <load_address>0x504a</load_address>
         <run_address>0x504a</run_address>
         <size>0x101</size>
         <input_file_ref idref="fl-2"/>
      </object_component>
      <object_component id="oc-70">
         <name>.debug_info</name>
         <load_address>0x514b</load_address>
         <run_address>0x514b</run_address>
         <size>0xec</size>
         <input_file_ref idref="fl-2"/>
      </object_component>
      <object_component id="oc-73">
         <name>.debug_info</name>
         <load_address>0x5237</load_address>
         <run_address>0x5237</run_address>
         <size>0xf4</size>
         <input_file_ref idref="fl-2"/>
      </object_component>
      <object_component id="oc-42">
         <name>.debug_info</name>
         <load_address>0x532b</load_address>
         <run_address>0x532b</run_address>
         <size>0x42e</size>
         <input_file_ref idref="fl-2"/>
      </object_component>
      <object_component id="oc-57">
         <name>.debug_info</name>
         <load_address>0x5759</load_address>
         <run_address>0x5759</run_address>
         <size>0x2bf</size>
         <input_file_ref idref="fl-2"/>
      </object_component>
      <object_component id="oc-e3">
         <name>.debug_info</name>
         <load_address>0x5a18</load_address>
         <run_address>0x5a18</run_address>
         <size>0x151</size>
         <input_file_ref idref="fl-2"/>
      </object_component>
      <object_component id="oc-94">
         <name>.debug_info</name>
         <load_address>0x5b69</load_address>
         <run_address>0x5b69</run_address>
         <size>0x6d</size>
         <input_file_ref idref="fl-2"/>
      </object_component>
      <object_component id="oc-e8">
         <name>.debug_info</name>
         <load_address>0x5bd6</load_address>
         <run_address>0x5bd6</run_address>
         <size>0xc7</size>
         <input_file_ref idref="fl-2"/>
      </object_component>
      <object_component id="oc-ed">
         <name>.debug_info</name>
         <load_address>0x5c9d</load_address>
         <run_address>0x5c9d</run_address>
         <size>0xb3</size>
         <input_file_ref idref="fl-2"/>
      </object_component>
      <object_component id="oc-35">
         <name>.debug_info</name>
         <load_address>0x5d50</load_address>
         <run_address>0x5d50</run_address>
         <size>0xa5</size>
         <input_file_ref idref="fl-2"/>
      </object_component>
      <object_component id="oc-8f">
         <name>.debug_info</name>
         <load_address>0x5df5</load_address>
         <run_address>0x5df5</run_address>
         <size>0x75</size>
         <input_file_ref idref="fl-2"/>
      </object_component>
      <object_component id="oc-158">
         <name>.debug_info</name>
         <load_address>0x5e6a</load_address>
         <run_address>0x5e6a</run_address>
         <size>0x91</size>
         <input_file_ref idref="fl-2"/>
      </object_component>
      <object_component id="oc-f2">
         <name>.debug_info</name>
         <load_address>0x5efb</load_address>
         <run_address>0x5efb</run_address>
         <size>0x1a5</size>
         <input_file_ref idref="fl-2"/>
      </object_component>
      <object_component id="oc-156">
         <name>.debug_info</name>
         <load_address>0x60a0</load_address>
         <run_address>0x60a0</run_address>
         <size>0x859</size>
         <input_file_ref idref="fl-3"/>
      </object_component>
      <object_component id="oc-86">
         <name>.debug_info</name>
         <load_address>0x68f9</load_address>
         <run_address>0x68f9</run_address>
         <size>0x8ee</size>
         <input_file_ref idref="fl-3"/>
      </object_component>
      <object_component id="oc-1b2">
         <name>.debug_info</name>
         <load_address>0x71e7</load_address>
         <run_address>0x71e7</run_address>
         <size>0x14e</size>
         <input_file_ref idref="fl-3"/>
      </object_component>
      <object_component id="oc-13d">
         <name>.debug_info</name>
         <load_address>0x7335</load_address>
         <run_address>0x7335</run_address>
         <size>0x145</size>
         <input_file_ref idref="fl-3"/>
      </object_component>
      <object_component id="oc-131">
         <name>.debug_info</name>
         <load_address>0x747a</load_address>
         <run_address>0x747a</run_address>
         <size>0x19c</size>
         <input_file_ref idref="fl-3"/>
      </object_component>
      <object_component id="oc-137">
         <name>.debug_info</name>
         <load_address>0x7616</load_address>
         <run_address>0x7616</run_address>
         <size>0x19c</size>
         <input_file_ref idref="fl-3"/>
      </object_component>
      <object_component id="oc-143">
         <name>.debug_info</name>
         <load_address>0x77b2</load_address>
         <run_address>0x77b2</run_address>
         <size>0x1d1</size>
         <input_file_ref idref="fl-3"/>
      </object_component>
      <object_component id="oc-149">
         <name>.debug_info</name>
         <load_address>0x7983</load_address>
         <run_address>0x7983</run_address>
         <size>0x1e3</size>
         <input_file_ref idref="fl-3"/>
      </object_component>
      <object_component id="oc-80">
         <name>.debug_info</name>
         <load_address>0x7b66</load_address>
         <run_address>0x7b66</run_address>
         <size>0x1ee</size>
         <input_file_ref idref="fl-3"/>
      </object_component>
      <object_component id="oc-1be">
         <name>.debug_info</name>
         <load_address>0x7d54</load_address>
         <run_address>0x7d54</run_address>
         <size>0x267</size>
         <input_file_ref idref="fl-3"/>
      </object_component>
      <object_component id="oc-14f">
         <name>.debug_info</name>
         <load_address>0x7fbb</load_address>
         <run_address>0x7fbb</run_address>
         <size>0x46</size>
         <input_file_ref idref="fl-3"/>
      </object_component>
      <object_component id="oc-16">
         <name>.debug_info</name>
         <load_address>0x8001</load_address>
         <run_address>0x8001</run_address>
         <size>0xed</size>
         <input_file_ref idref="fl-18"/>
      </object_component>
      <object_component id="oc-19">
         <name>.debug_info</name>
         <load_address>0x80ee</load_address>
         <run_address>0x80ee</run_address>
         <size>0x14c</size>
         <input_file_ref idref="fl-18"/>
      </object_component>
      <object_component id="oc-15e">
         <name>.debug_info</name>
         <load_address>0x823a</load_address>
         <run_address>0x823a</run_address>
         <size>0x125</size>
         <input_file_ref idref="fl-1c"/>
      </object_component>
      <object_component id="oc-9a">
         <name>.debug_info</name>
         <load_address>0x835f</load_address>
         <run_address>0x835f</run_address>
         <size>0x126</size>
         <input_file_ref idref="fl-1c"/>
      </object_component>
      <object_component id="oc-11f">
         <name>.debug_info</name>
         <load_address>0x8485</load_address>
         <run_address>0x8485</run_address>
         <size>0xff</size>
         <input_file_ref idref="fl-1f"/>
      </object_component>
      <object_component id="oc-108">
         <name>.debug_info</name>
         <load_address>0x8584</load_address>
         <run_address>0x8584</run_address>
         <size>0x7f1</size>
         <input_file_ref idref="fl-21"/>
      </object_component>
      <object_component id="oc-89">
         <name>.debug_info</name>
         <load_address>0x8d75</load_address>
         <run_address>0x8d75</run_address>
         <size>0x274</size>
         <input_file_ref idref="fl-21"/>
      </object_component>
      <object_component id="oc-76">
         <name>.debug_info</name>
         <load_address>0x8fe9</load_address>
         <run_address>0x8fe9</run_address>
         <size>0x27b</size>
         <input_file_ref idref="fl-21"/>
      </object_component>
      <object_component id="oc-63">
         <name>.debug_info</name>
         <load_address>0x9264</load_address>
         <run_address>0x9264</run_address>
         <size>0x251</size>
         <input_file_ref idref="fl-21"/>
      </object_component>
      <object_component id="oc-6a">
         <name>.debug_info</name>
         <load_address>0x94b5</load_address>
         <run_address>0x94b5</run_address>
         <size>0x1f2</size>
         <input_file_ref idref="fl-21"/>
      </object_component>
      <object_component id="oc-103">
         <name>.debug_info</name>
         <load_address>0x96a7</load_address>
         <run_address>0x96a7</run_address>
         <size>0x6d</size>
         <input_file_ref idref="fl-21"/>
      </object_component>
      <object_component id="oc-19e">
         <name>.debug_info</name>
         <load_address>0x9714</load_address>
         <run_address>0x9714</run_address>
         <size>0x91</size>
         <input_file_ref idref="fl-21"/>
      </object_component>
      <object_component id="oc-10f">
         <name>.debug_info</name>
         <load_address>0x97a5</load_address>
         <run_address>0x97a5</run_address>
         <size>0x103</size>
         <input_file_ref idref="fl-21"/>
      </object_component>
      <object_component id="oc-10a">
         <name>.debug_info</name>
         <load_address>0x98a8</load_address>
         <run_address>0x98a8</run_address>
         <size>0x75</size>
         <input_file_ref idref="fl-21"/>
      </object_component>
      <object_component id="oc-1a3">
         <name>.debug_info</name>
         <load_address>0x991d</load_address>
         <run_address>0x991d</run_address>
         <size>0x91</size>
         <input_file_ref idref="fl-21"/>
      </object_component>
      <object_component id="oc-1a8">
         <name>.debug_info</name>
         <load_address>0x99ae</load_address>
         <run_address>0x99ae</run_address>
         <size>0x1a5</size>
         <input_file_ref idref="fl-21"/>
      </object_component>
      <object_component id="oc-196">
         <name>.debug_info</name>
         <load_address>0x9b53</load_address>
         <run_address>0x9b53</run_address>
         <size>0x662</size>
         <input_file_ref idref="fl-22"/>
      </object_component>
      <object_component id="oc-12a">
         <name>.debug_info</name>
         <load_address>0xa1b5</load_address>
         <run_address>0xa1b5</run_address>
         <size>0x14f</size>
         <input_file_ref idref="fl-22"/>
      </object_component>
      <object_component id="oc-fd">
         <name>.debug_info</name>
         <load_address>0xa304</load_address>
         <run_address>0xa304</run_address>
         <size>0x22b</size>
         <input_file_ref idref="fl-22"/>
      </object_component>
      <object_component id="oc-119">
         <name>.debug_info</name>
         <load_address>0xa52f</load_address>
         <run_address>0xa52f</run_address>
         <size>0x1c0</size>
         <input_file_ref idref="fl-22"/>
      </object_component>
      <object_component id="oc-124">
         <name>.debug_info</name>
         <load_address>0xa6ef</load_address>
         <run_address>0xa6ef</run_address>
         <size>0x1df</size>
         <input_file_ref idref="fl-22"/>
      </object_component>
      <object_component id="oc-197">
         <name>.debug_info</name>
         <load_address>0xa8ce</load_address>
         <run_address>0xa8ce</run_address>
         <size>0x60</size>
         <input_file_ref idref="fl-22"/>
      </object_component>
      <object_component id="oc-33b">
         <name>.debug_info</name>
         <load_address>0xa92e</load_address>
         <run_address>0xa92e</run_address>
         <size>0xcd</size>
      </object_component>
      <object_component id="oc-194">
         <name>.debug_line</name>
         <load_address>0x0</load_address>
         <run_address>0x0</run_address>
         <size>0x20</size>
         <input_file_ref idref="fl-1"/>
      </object_component>
      <object_component id="oc-f8">
         <name>.debug_line</name>
         <load_address>0x20</load_address>
         <run_address>0x20</run_address>
         <size>0xaa</size>
         <input_file_ref idref="fl-1"/>
      </object_component>
      <object_component id="oc-fb">
         <name>.debug_line</name>
         <load_address>0xca</load_address>
         <run_address>0xca</run_address>
         <size>0xab</size>
         <input_file_ref idref="fl-1"/>
      </object_component>
      <object_component id="oc-dc">
         <name>.debug_line</name>
         <load_address>0x175</load_address>
         <run_address>0x175</run_address>
         <size>0xaa</size>
         <input_file_ref idref="fl-1"/>
      </object_component>
      <object_component id="oc-e1">
         <name>.debug_line</name>
         <load_address>0x21f</load_address>
         <run_address>0x21f</run_address>
         <size>0xab</size>
         <input_file_ref idref="fl-1"/>
      </object_component>
      <object_component id="oc-3f">
         <name>.debug_line</name>
         <load_address>0x2ca</load_address>
         <run_address>0x2ca</run_address>
         <size>0x20</size>
         <input_file_ref idref="fl-1"/>
      </object_component>
      <object_component id="oc-191">
         <name>.debug_line</name>
         <load_address>0x2ea</load_address>
         <run_address>0x2ea</run_address>
         <size>0x6f</size>
         <input_file_ref idref="fl-1"/>
      </object_component>
      <object_component id="oc-d8">
         <name>.debug_line</name>
         <load_address>0x359</load_address>
         <run_address>0x359</run_address>
         <size>0xc1</size>
         <input_file_ref idref="fl-2"/>
      </object_component>
      <object_component id="oc-54">
         <name>.debug_line</name>
         <load_address>0x41a</load_address>
         <run_address>0x41a</run_address>
         <size>0x39</size>
         <input_file_ref idref="fl-2"/>
      </object_component>
      <object_component id="oc-34">
         <name>.debug_line</name>
         <load_address>0x453</load_address>
         <run_address>0x453</run_address>
         <size>0x39</size>
         <input_file_ref idref="fl-2"/>
      </object_component>
      <object_component id="oc-115">
         <name>.debug_line</name>
         <load_address>0x48c</load_address>
         <run_address>0x48c</run_address>
         <size>0x2d</size>
         <input_file_ref idref="fl-2"/>
      </object_component>
      <object_component id="oc-117">
         <name>.debug_line</name>
         <load_address>0x4b9</load_address>
         <run_address>0x4b9</run_address>
         <size>0x2d</size>
         <input_file_ref idref="fl-2"/>
      </object_component>
      <object_component id="oc-45">
         <name>.debug_line</name>
         <load_address>0x4e6</load_address>
         <run_address>0x4e6</run_address>
         <size>0x15c</size>
         <input_file_ref idref="fl-2"/>
      </object_component>
      <object_component id="oc-5a">
         <name>.debug_line</name>
         <load_address>0x642</load_address>
         <run_address>0x642</run_address>
         <size>0xa1</size>
         <input_file_ref idref="fl-2"/>
      </object_component>
      <object_component id="oc-e6">
         <name>.debug_line</name>
         <load_address>0x6e3</load_address>
         <run_address>0x6e3</run_address>
         <size>0x33</size>
         <input_file_ref idref="fl-2"/>
      </object_component>
      <object_component id="oc-97">
         <name>.debug_line</name>
         <load_address>0x716</load_address>
         <run_address>0x716</run_address>
         <size>0x6f</size>
         <input_file_ref idref="fl-2"/>
      </object_component>
      <object_component id="oc-eb">
         <name>.debug_line</name>
         <load_address>0x785</load_address>
         <run_address>0x785</run_address>
         <size>0x2d</size>
         <input_file_ref idref="fl-2"/>
      </object_component>
      <object_component id="oc-f0">
         <name>.debug_line</name>
         <load_address>0x7b2</load_address>
         <run_address>0x7b2</run_address>
         <size>0xa1</size>
         <input_file_ref idref="fl-2"/>
      </object_component>
      <object_component id="oc-38">
         <name>.debug_line</name>
         <load_address>0x853</load_address>
         <run_address>0x853</run_address>
         <size>0x39</size>
         <input_file_ref idref="fl-2"/>
      </object_component>
      <object_component id="oc-92">
         <name>.debug_line</name>
         <load_address>0x88c</load_address>
         <run_address>0x88c</run_address>
         <size>0xa1</size>
         <input_file_ref idref="fl-2"/>
      </object_component>
      <object_component id="oc-15b">
         <name>.debug_line</name>
         <load_address>0x92d</load_address>
         <run_address>0x92d</run_address>
         <size>0xa5</size>
         <input_file_ref idref="fl-2"/>
      </object_component>
      <object_component id="oc-f5">
         <name>.debug_line</name>
         <load_address>0x9d2</load_address>
         <run_address>0x9d2</run_address>
         <size>0xa7</size>
         <input_file_ref idref="fl-2"/>
      </object_component>
      <object_component id="oc-1bd">
         <name>.debug_line</name>
         <load_address>0xa79</load_address>
         <run_address>0xa79</run_address>
         <size>0x20</size>
         <input_file_ref idref="fl-3"/>
      </object_component>
      <object_component id="oc-155">
         <name>.debug_line</name>
         <load_address>0xa99</load_address>
         <run_address>0xa99</run_address>
         <size>0x33</size>
         <input_file_ref idref="fl-3"/>
      </object_component>
      <object_component id="oc-1b5">
         <name>.debug_line</name>
         <load_address>0xacc</load_address>
         <run_address>0xacc</run_address>
         <size>0x55</size>
         <input_file_ref idref="fl-3"/>
      </object_component>
      <object_component id="oc-140">
         <name>.debug_line</name>
         <load_address>0xb21</load_address>
         <run_address>0xb21</run_address>
         <size>0x4a</size>
         <input_file_ref idref="fl-3"/>
      </object_component>
      <object_component id="oc-134">
         <name>.debug_line</name>
         <load_address>0xb6b</load_address>
         <run_address>0xb6b</run_address>
         <size>0x56</size>
         <input_file_ref idref="fl-3"/>
      </object_component>
      <object_component id="oc-13a">
         <name>.debug_line</name>
         <load_address>0xbc1</load_address>
         <run_address>0xbc1</run_address>
         <size>0x55</size>
         <input_file_ref idref="fl-3"/>
      </object_component>
      <object_component id="oc-146">
         <name>.debug_line</name>
         <load_address>0xc16</load_address>
         <run_address>0xc16</run_address>
         <size>0x9f</size>
         <input_file_ref idref="fl-3"/>
      </object_component>
      <object_component id="oc-14c">
         <name>.debug_line</name>
         <load_address>0xcb5</load_address>
         <run_address>0xcb5</run_address>
         <size>0xa3</size>
         <input_file_ref idref="fl-3"/>
      </object_component>
      <object_component id="oc-83">
         <name>.debug_line</name>
         <load_address>0xd58</load_address>
         <run_address>0xd58</run_address>
         <size>0x73</size>
         <input_file_ref idref="fl-3"/>
      </object_component>
      <object_component id="oc-1c1">
         <name>.debug_line</name>
         <load_address>0xdcb</load_address>
         <run_address>0xdcb</run_address>
         <size>0x33</size>
         <input_file_ref idref="fl-3"/>
      </object_component>
      <object_component id="oc-152">
         <name>.debug_line</name>
         <load_address>0xdfe</load_address>
         <run_address>0xdfe</run_address>
         <size>0x6f</size>
         <input_file_ref idref="fl-3"/>
      </object_component>
      <object_component id="oc-3b">
         <name>.debug_line</name>
         <load_address>0xe6d</load_address>
         <run_address>0xe6d</run_address>
         <size>0x2a</size>
         <input_file_ref idref="fl-18"/>
      </object_component>
      <object_component id="oc-1c">
         <name>.debug_line</name>
         <load_address>0xe97</load_address>
         <run_address>0xe97</run_address>
         <size>0x3f</size>
         <input_file_ref idref="fl-18"/>
      </object_component>
      <object_component id="oc-161">
         <name>.debug_line</name>
         <load_address>0xed6</load_address>
         <run_address>0xed6</run_address>
         <size>0x37</size>
         <input_file_ref idref="fl-1c"/>
      </object_component>
      <object_component id="oc-9d">
         <name>.debug_line</name>
         <load_address>0xf0d</load_address>
         <run_address>0xf0d</run_address>
         <size>0x3b</size>
         <input_file_ref idref="fl-1c"/>
      </object_component>
      <object_component id="oc-122">
         <name>.debug_line</name>
         <load_address>0xf48</load_address>
         <run_address>0xf48</run_address>
         <size>0x45</size>
         <input_file_ref idref="fl-1f"/>
      </object_component>
      <object_component id="oc-19d">
         <name>.debug_line</name>
         <load_address>0xf8d</load_address>
         <run_address>0xf8d</run_address>
         <size>0x44</size>
         <input_file_ref idref="fl-21"/>
      </object_component>
      <object_component id="oc-8c">
         <name>.debug_line</name>
         <load_address>0xfd1</load_address>
         <run_address>0xfd1</run_address>
         <size>0x63</size>
         <input_file_ref idref="fl-21"/>
      </object_component>
      <object_component id="oc-79">
         <name>.debug_line</name>
         <load_address>0x1034</load_address>
         <run_address>0x1034</run_address>
         <size>0x5b</size>
         <input_file_ref idref="fl-21"/>
      </object_component>
      <object_component id="oc-66">
         <name>.debug_line</name>
         <load_address>0x108f</load_address>
         <run_address>0x108f</run_address>
         <size>0x4a</size>
         <input_file_ref idref="fl-21"/>
      </object_component>
      <object_component id="oc-6d">
         <name>.debug_line</name>
         <load_address>0x10d9</load_address>
         <run_address>0x10d9</run_address>
         <size>0x52</size>
         <input_file_ref idref="fl-21"/>
      </object_component>
      <object_component id="oc-106">
         <name>.debug_line</name>
         <load_address>0x112b</load_address>
         <run_address>0x112b</run_address>
         <size>0xb4</size>
         <input_file_ref idref="fl-21"/>
      </object_component>
      <object_component id="oc-1a1">
         <name>.debug_line</name>
         <load_address>0x11df</load_address>
         <run_address>0x11df</run_address>
         <size>0x40</size>
         <input_file_ref idref="fl-21"/>
      </object_component>
      <object_component id="oc-112">
         <name>.debug_line</name>
         <load_address>0x121f</load_address>
         <run_address>0x121f</run_address>
         <size>0x2f</size>
         <input_file_ref idref="fl-21"/>
      </object_component>
      <object_component id="oc-10d">
         <name>.debug_line</name>
         <load_address>0x124e</load_address>
         <run_address>0x124e</run_address>
         <size>0x40</size>
         <input_file_ref idref="fl-21"/>
      </object_component>
      <object_component id="oc-1a6">
         <name>.debug_line</name>
         <load_address>0x128e</load_address>
         <run_address>0x128e</run_address>
         <size>0x44</size>
         <input_file_ref idref="fl-21"/>
      </object_component>
      <object_component id="oc-1ab">
         <name>.debug_line</name>
         <load_address>0x12d2</load_address>
         <run_address>0x12d2</run_address>
         <size>0x46</size>
         <input_file_ref idref="fl-21"/>
      </object_component>
      <object_component id="oc-1e8">
         <name>.debug_line</name>
         <load_address>0x1318</load_address>
         <run_address>0x1318</run_address>
         <size>0x20</size>
         <input_file_ref idref="fl-22"/>
      </object_component>
      <object_component id="oc-12d">
         <name>.debug_line</name>
         <load_address>0x1338</load_address>
         <run_address>0x1338</run_address>
         <size>0x4e</size>
         <input_file_ref idref="fl-22"/>
      </object_component>
      <object_component id="oc-100">
         <name>.debug_line</name>
         <load_address>0x1386</load_address>
         <run_address>0x1386</run_address>
         <size>0x86</size>
         <input_file_ref idref="fl-22"/>
      </object_component>
      <object_component id="oc-11c">
         <name>.debug_line</name>
         <load_address>0x140c</load_address>
         <run_address>0x140c</run_address>
         <size>0x51</size>
         <input_file_ref idref="fl-22"/>
      </object_component>
      <object_component id="oc-127">
         <name>.debug_line</name>
         <load_address>0x145d</load_address>
         <run_address>0x145d</run_address>
         <size>0x53</size>
         <input_file_ref idref="fl-22"/>
      </object_component>
      <object_component id="oc-19a">
         <name>.debug_line</name>
         <load_address>0x14b0</load_address>
         <run_address>0x14b0</run_address>
         <size>0xb4</size>
         <input_file_ref idref="fl-22"/>
      </object_component>
      <object_component id="oc-193">
         <name>.debug_abbrev</name>
         <load_address>0x0</load_address>
         <run_address>0x0</run_address>
         <size>0x56</size>
         <input_file_ref idref="fl-1"/>
      </object_component>
      <object_component id="oc-f7">
         <name>.debug_abbrev</name>
         <load_address>0x56</load_address>
         <run_address>0x56</run_address>
         <size>0x29</size>
         <input_file_ref idref="fl-1"/>
      </object_component>
      <object_component id="oc-fa">
         <name>.debug_abbrev</name>
         <load_address>0x7f</load_address>
         <run_address>0x7f</run_address>
         <size>0x29</size>
         <input_file_ref idref="fl-1"/>
      </object_component>
      <object_component id="oc-db">
         <name>.debug_abbrev</name>
         <load_address>0xa8</load_address>
         <run_address>0xa8</run_address>
         <size>0x88</size>
         <input_file_ref idref="fl-1"/>
      </object_component>
      <object_component id="oc-e0">
         <name>.debug_abbrev</name>
         <load_address>0x130</load_address>
         <run_address>0x130</run_address>
         <size>0xfb</size>
         <input_file_ref idref="fl-1"/>
      </object_component>
      <object_component id="oc-3e">
         <name>.debug_abbrev</name>
         <load_address>0x22b</load_address>
         <run_address>0x22b</run_address>
         <size>0x1f</size>
         <input_file_ref idref="fl-1"/>
      </object_component>
      <object_component id="oc-190">
         <name>.debug_abbrev</name>
         <load_address>0x24a</load_address>
         <run_address>0x24a</run_address>
         <size>0x24</size>
         <input_file_ref idref="fl-1"/>
      </object_component>
      <object_component id="oc-d7">
         <name>.debug_abbrev</name>
         <load_address>0x26e</load_address>
         <run_address>0x26e</run_address>
         <size>0x103</size>
         <input_file_ref idref="fl-2"/>
      </object_component>
      <object_component id="oc-53">
         <name>.debug_abbrev</name>
         <load_address>0x371</load_address>
         <run_address>0x371</run_address>
         <size>0x29</size>
         <input_file_ref idref="fl-2"/>
      </object_component>
      <object_component id="oc-33">
         <name>.debug_abbrev</name>
         <load_address>0x39a</load_address>
         <run_address>0x39a</run_address>
         <size>0x29</size>
         <input_file_ref idref="fl-2"/>
      </object_component>
      <object_component id="oc-114">
         <name>.debug_abbrev</name>
         <load_address>0x3c3</load_address>
         <run_address>0x3c3</run_address>
         <size>0x27</size>
         <input_file_ref idref="fl-2"/>
      </object_component>
      <object_component id="oc-116">
         <name>.debug_abbrev</name>
         <load_address>0x3ea</load_address>
         <run_address>0x3ea</run_address>
         <size>0x27</size>
         <input_file_ref idref="fl-2"/>
      </object_component>
      <object_component id="oc-8e">
         <name>.debug_abbrev</name>
         <load_address>0x411</load_address>
         <run_address>0x411</run_address>
         <size>0x79</size>
         <input_file_ref idref="fl-2"/>
      </object_component>
      <object_component id="oc-59">
         <name>.debug_abbrev</name>
         <load_address>0x48a</load_address>
         <run_address>0x48a</run_address>
         <size>0xa6</size>
         <input_file_ref idref="fl-2"/>
      </object_component>
      <object_component id="oc-e5">
         <name>.debug_abbrev</name>
         <load_address>0x530</load_address>
         <run_address>0x530</run_address>
         <size>0x3e</size>
         <input_file_ref idref="fl-2"/>
      </object_component>
      <object_component id="oc-96">
         <name>.debug_abbrev</name>
         <load_address>0x56e</load_address>
         <run_address>0x56e</run_address>
         <size>0x24</size>
         <input_file_ref idref="fl-2"/>
      </object_component>
      <object_component id="oc-ea">
         <name>.debug_abbrev</name>
         <load_address>0x592</load_address>
         <run_address>0x592</run_address>
         <size>0x3a</size>
         <input_file_ref idref="fl-2"/>
      </object_component>
      <object_component id="oc-ef">
         <name>.debug_abbrev</name>
         <load_address>0x5cc</load_address>
         <run_address>0x5cc</run_address>
         <size>0x3a</size>
         <input_file_ref idref="fl-2"/>
      </object_component>
      <object_component id="oc-37">
         <name>.debug_abbrev</name>
         <load_address>0x606</load_address>
         <run_address>0x606</run_address>
         <size>0x3a</size>
         <input_file_ref idref="fl-2"/>
      </object_component>
      <object_component id="oc-91">
         <name>.debug_abbrev</name>
         <load_address>0x640</load_address>
         <run_address>0x640</run_address>
         <size>0x5a</size>
         <input_file_ref idref="fl-2"/>
      </object_component>
      <object_component id="oc-15a">
         <name>.debug_abbrev</name>
         <load_address>0x69a</load_address>
         <run_address>0x69a</run_address>
         <size>0x3a</size>
         <input_file_ref idref="fl-2"/>
      </object_component>
      <object_component id="oc-f4">
         <name>.debug_abbrev</name>
         <load_address>0x6d4</load_address>
         <run_address>0x6d4</run_address>
         <size>0x3a</size>
         <input_file_ref idref="fl-2"/>
      </object_component>
      <object_component id="oc-1bc">
         <name>.debug_abbrev</name>
         <load_address>0x70e</load_address>
         <run_address>0x70e</run_address>
         <size>0x56</size>
         <input_file_ref idref="fl-3"/>
      </object_component>
      <object_component id="oc-154">
         <name>.debug_abbrev</name>
         <load_address>0x764</load_address>
         <run_address>0x764</run_address>
         <size>0x29</size>
         <input_file_ref idref="fl-3"/>
      </object_component>
      <object_component id="oc-1e9">
         <name>.debug_abbrev</name>
         <load_address>0x78d</load_address>
         <run_address>0x78d</run_address>
         <size>0x5c</size>
         <input_file_ref idref="fl-3"/>
      </object_component>
      <object_component id="oc-1b9">
         <name>.debug_abbrev</name>
         <load_address>0x7e9</load_address>
         <run_address>0x7e9</run_address>
         <size>0x4e</size>
         <input_file_ref idref="fl-3"/>
      </object_component>
      <object_component id="oc-1b7">
         <name>.debug_abbrev</name>
         <load_address>0x837</load_address>
         <run_address>0x837</run_address>
         <size>0x81</size>
         <input_file_ref idref="fl-3"/>
      </object_component>
      <object_component id="oc-1b8">
         <name>.debug_abbrev</name>
         <load_address>0x8b8</load_address>
         <run_address>0x8b8</run_address>
         <size>0x81</size>
         <input_file_ref idref="fl-3"/>
      </object_component>
      <object_component id="oc-1ba">
         <name>.debug_abbrev</name>
         <load_address>0x939</load_address>
         <run_address>0x939</run_address>
         <size>0x6c</size>
         <input_file_ref idref="fl-3"/>
      </object_component>
      <object_component id="oc-1bb">
         <name>.debug_abbrev</name>
         <load_address>0x9a5</load_address>
         <run_address>0x9a5</run_address>
         <size>0x6c</size>
         <input_file_ref idref="fl-3"/>
      </object_component>
      <object_component id="oc-14e">
         <name>.debug_abbrev</name>
         <load_address>0xa11</load_address>
         <run_address>0xa11</run_address>
         <size>0x78</size>
         <input_file_ref idref="fl-3"/>
      </object_component>
      <object_component id="oc-1c0">
         <name>.debug_abbrev</name>
         <load_address>0xa89</load_address>
         <run_address>0xa89</run_address>
         <size>0x69</size>
         <input_file_ref idref="fl-3"/>
      </object_component>
      <object_component id="oc-151">
         <name>.debug_abbrev</name>
         <load_address>0xaf2</load_address>
         <run_address>0xaf2</run_address>
         <size>0x24</size>
         <input_file_ref idref="fl-3"/>
      </object_component>
      <object_component id="oc-3a">
         <name>.debug_abbrev</name>
         <load_address>0xb16</load_address>
         <run_address>0xb16</run_address>
         <size>0x29</size>
         <input_file_ref idref="fl-18"/>
      </object_component>
      <object_component id="oc-48">
         <name>.debug_abbrev</name>
         <load_address>0xb3f</load_address>
         <run_address>0xb3f</run_address>
         <size>0x55</size>
         <input_file_ref idref="fl-18"/>
      </object_component>
      <object_component id="oc-1c3">
         <name>.debug_abbrev</name>
         <load_address>0xb94</load_address>
         <run_address>0xb94</run_address>
         <size>0x51</size>
         <input_file_ref idref="fl-1c"/>
      </object_component>
      <object_component id="oc-163">
         <name>.debug_abbrev</name>
         <load_address>0xbe5</load_address>
         <run_address>0xbe5</run_address>
         <size>0x55</size>
         <input_file_ref idref="fl-1c"/>
      </object_component>
      <object_component id="oc-1ae">
         <name>.debug_abbrev</name>
         <load_address>0xc3a</load_address>
         <run_address>0xc3a</run_address>
         <size>0x28</size>
         <input_file_ref idref="fl-1f"/>
      </object_component>
      <object_component id="oc-19c">
         <name>.debug_abbrev</name>
         <load_address>0xc62</load_address>
         <run_address>0xc62</run_address>
         <size>0xb0</size>
         <input_file_ref idref="fl-21"/>
      </object_component>
      <object_component id="oc-157">
         <name>.debug_abbrev</name>
         <load_address>0xd12</load_address>
         <run_address>0xd12</run_address>
         <size>0x7c</size>
         <input_file_ref idref="fl-21"/>
      </object_component>
      <object_component id="oc-12f">
         <name>.debug_abbrev</name>
         <load_address>0xd8e</load_address>
         <run_address>0xd8e</run_address>
         <size>0x7c</size>
         <input_file_ref idref="fl-21"/>
      </object_component>
      <object_component id="oc-102">
         <name>.debug_abbrev</name>
         <load_address>0xe0a</load_address>
         <run_address>0xe0a</run_address>
         <size>0x7c</size>
         <input_file_ref idref="fl-21"/>
      </object_component>
      <object_component id="oc-109">
         <name>.debug_abbrev</name>
         <load_address>0xe86</load_address>
         <run_address>0xe86</run_address>
         <size>0x7c</size>
         <input_file_ref idref="fl-21"/>
      </object_component>
      <object_component id="oc-105">
         <name>.debug_abbrev</name>
         <load_address>0xf02</load_address>
         <run_address>0xf02</run_address>
         <size>0x24</size>
         <input_file_ref idref="fl-21"/>
      </object_component>
      <object_component id="oc-1a0">
         <name>.debug_abbrev</name>
         <load_address>0xf26</load_address>
         <run_address>0xf26</run_address>
         <size>0x3a</size>
         <input_file_ref idref="fl-21"/>
      </object_component>
      <object_component id="oc-111">
         <name>.debug_abbrev</name>
         <load_address>0xf60</load_address>
         <run_address>0xf60</run_address>
         <size>0x3a</size>
         <input_file_ref idref="fl-21"/>
      </object_component>
      <object_component id="oc-10c">
         <name>.debug_abbrev</name>
         <load_address>0xf9a</load_address>
         <run_address>0xf9a</run_address>
         <size>0x5a</size>
         <input_file_ref idref="fl-21"/>
      </object_component>
      <object_component id="oc-1a5">
         <name>.debug_abbrev</name>
         <load_address>0xff4</load_address>
         <run_address>0xff4</run_address>
         <size>0x3a</size>
         <input_file_ref idref="fl-21"/>
      </object_component>
      <object_component id="oc-1aa">
         <name>.debug_abbrev</name>
         <load_address>0x102e</load_address>
         <run_address>0x102e</run_address>
         <size>0x3a</size>
         <input_file_ref idref="fl-21"/>
      </object_component>
      <object_component id="oc-1e7">
         <name>.debug_abbrev</name>
         <load_address>0x1068</load_address>
         <run_address>0x1068</run_address>
         <size>0x4e</size>
         <input_file_ref idref="fl-22"/>
      </object_component>
      <object_component id="oc-1b0">
         <name>.debug_abbrev</name>
         <load_address>0x10b6</load_address>
         <run_address>0x10b6</run_address>
         <size>0x6e</size>
         <input_file_ref idref="fl-22"/>
      </object_component>
      <object_component id="oc-195">
         <name>.debug_abbrev</name>
         <load_address>0x1124</load_address>
         <run_address>0x1124</run_address>
         <size>0x6c</size>
         <input_file_ref idref="fl-22"/>
      </object_component>
      <object_component id="oc-1ad">
         <name>.debug_abbrev</name>
         <load_address>0x1190</load_address>
         <run_address>0x1190</run_address>
         <size>0x6e</size>
         <input_file_ref idref="fl-22"/>
      </object_component>
      <object_component id="oc-1af">
         <name>.debug_abbrev</name>
         <load_address>0x11fe</load_address>
         <run_address>0x11fe</run_address>
         <size>0x6e</size>
         <input_file_ref idref="fl-22"/>
      </object_component>
      <object_component id="oc-199">
         <name>.debug_abbrev</name>
         <load_address>0x126c</load_address>
         <run_address>0x126c</run_address>
         <size>0x24</size>
         <input_file_ref idref="fl-22"/>
      </object_component>
      <object_component id="oc-33c">
         <name>.debug_abbrev</name>
         <load_address>0x1290</load_address>
         <run_address>0x1290</run_address>
         <size>0xf</size>
      </object_component>
      <object_component id="oc-dd">
         <name>.debug_str</name>
         <load_address>0x0</load_address>
         <run_address>0x0</run_address>
         <size>0x69e</size>
         <input_file_ref idref="fl-1"/>
      </object_component>
      <object_component id="oc-e2">
         <name>.debug_str</name>
         <load_address>0x69e</load_address>
         <run_address>0x69e</run_address>
         <size>0xd7b</size>
         <input_file_ref idref="fl-1"/>
      </object_component>
      <object_component id="oc-40">
         <name>.debug_str</name>
         <load_address>0x1419</load_address>
         <run_address>0x1419</run_address>
         <size>0xf4</size>
         <input_file_ref idref="fl-1"/>
      </object_component>
      <object_component id="oc-192">
         <name>.debug_str</name>
         <load_address>0x150d</load_address>
         <run_address>0x150d</run_address>
         <size>0x117</size>
         <input_file_ref idref="fl-1"/>
      </object_component>
      <object_component id="oc-5b">
         <name>.debug_str</name>
         <load_address>0x1624</load_address>
         <run_address>0x1624</run_address>
         <size>0x206</size>
         <input_file_ref idref="fl-2"/>
      </object_component>
      <object_component id="oc-e7">
         <name>.debug_str</name>
         <load_address>0x182a</load_address>
         <run_address>0x182a</run_address>
         <size>0x12c</size>
         <input_file_ref idref="fl-2"/>
      </object_component>
      <object_component id="oc-98">
         <name>.debug_str</name>
         <load_address>0x1956</load_address>
         <run_address>0x1956</run_address>
         <size>0x139</size>
         <input_file_ref idref="fl-2"/>
      </object_component>
      <object_component id="oc-ec">
         <name>.debug_str</name>
         <load_address>0x1a8f</load_address>
         <run_address>0x1a8f</run_address>
         <size>0x105</size>
         <input_file_ref idref="fl-2"/>
      </object_component>
      <object_component id="oc-f1">
         <name>.debug_str</name>
         <load_address>0x1b94</load_address>
         <run_address>0x1b94</run_address>
         <size>0x186</size>
         <input_file_ref idref="fl-2"/>
      </object_component>
      <object_component id="oc-39">
         <name>.debug_str</name>
         <load_address>0x1d1a</load_address>
         <run_address>0x1d1a</run_address>
         <size>0x11c</size>
         <input_file_ref idref="fl-2"/>
      </object_component>
      <object_component id="oc-93">
         <name>.debug_str</name>
         <load_address>0x1e36</load_address>
         <run_address>0x1e36</run_address>
         <size>0x196</size>
         <input_file_ref idref="fl-2"/>
      </object_component>
      <object_component id="oc-15c">
         <name>.debug_str</name>
         <load_address>0x1fcc</load_address>
         <run_address>0x1fcc</run_address>
         <size>0x17e</size>
         <input_file_ref idref="fl-2"/>
      </object_component>
      <object_component id="oc-f6">
         <name>.debug_str</name>
         <load_address>0x214a</load_address>
         <run_address>0x214a</run_address>
         <size>0x1aa</size>
         <input_file_ref idref="fl-2"/>
      </object_component>
      <object_component id="oc-1c2">
         <name>.debug_str</name>
         <load_address>0x22f4</load_address>
         <run_address>0x22f4</run_address>
         <size>0x19a</size>
         <input_file_ref idref="fl-3"/>
      </object_component>
      <object_component id="oc-153">
         <name>.debug_str</name>
         <load_address>0x248e</load_address>
         <run_address>0x248e</run_address>
         <size>0x11f</size>
         <input_file_ref idref="fl-3"/>
      </object_component>
      <object_component id="oc-107">
         <name>.debug_str</name>
         <load_address>0x25ad</load_address>
         <run_address>0x25ad</run_address>
         <size>0x160</size>
         <input_file_ref idref="fl-21"/>
      </object_component>
      <object_component id="oc-1a2">
         <name>.debug_str</name>
         <load_address>0x270d</load_address>
         <run_address>0x270d</run_address>
         <size>0xea</size>
         <input_file_ref idref="fl-21"/>
      </object_component>
      <object_component id="oc-113">
         <name>.debug_str</name>
         <load_address>0x27f7</load_address>
         <run_address>0x27f7</run_address>
         <size>0xf6</size>
         <input_file_ref idref="fl-21"/>
      </object_component>
      <object_component id="oc-10e">
         <name>.debug_str</name>
         <load_address>0x28ed</load_address>
         <run_address>0x28ed</run_address>
         <size>0x117</size>
         <input_file_ref idref="fl-21"/>
      </object_component>
      <object_component id="oc-1a7">
         <name>.debug_str</name>
         <load_address>0x2a04</load_address>
         <run_address>0x2a04</run_address>
         <size>0xff</size>
         <input_file_ref idref="fl-21"/>
      </object_component>
      <object_component id="oc-1ac">
         <name>.debug_str</name>
         <load_address>0x2b03</load_address>
         <run_address>0x2b03</run_address>
         <size>0x12b</size>
         <input_file_ref idref="fl-21"/>
      </object_component>
      <object_component id="oc-19b">
         <name>.debug_str</name>
         <load_address>0x2c2e</load_address>
         <run_address>0x2c2e</run_address>
         <size>0x15a</size>
         <input_file_ref idref="fl-22"/>
      </object_component>
      <object_component id="oc-5e">
         <name>.debug_pubnames</name>
         <load_address>0x0</load_address>
         <run_address>0x0</run_address>
         <size>0x1d</size>
         <input_file_ref idref="fl-1"/>
      </object_component>
      <object_component id="oc-61">
         <name>.debug_pubnames</name>
         <load_address>0x1d</load_address>
         <run_address>0x1d</run_address>
         <size>0x1e</size>
         <input_file_ref idref="fl-1"/>
      </object_component>
      <object_component id="oc-56">
         <name>.debug_pubnames</name>
         <load_address>0x3b</load_address>
         <run_address>0x3b</run_address>
         <size>0x6f</size>
         <input_file_ref idref="fl-2"/>
      </object_component>
      <object_component id="oc-32">
         <name>.debug_pubnames</name>
         <load_address>0xaa</load_address>
         <run_address>0xaa</run_address>
         <size>0x23</size>
         <input_file_ref idref="fl-2"/>
      </object_component>
      <object_component id="oc-14">
         <name>.debug_pubnames</name>
         <load_address>0xcd</load_address>
         <run_address>0xcd</run_address>
         <size>0x24</size>
         <input_file_ref idref="fl-2"/>
      </object_component>
      <object_component id="oc-71">
         <name>.debug_pubnames</name>
         <load_address>0xf1</load_address>
         <run_address>0xf1</run_address>
         <size>0x1a</size>
         <input_file_ref idref="fl-2"/>
      </object_component>
      <object_component id="oc-74">
         <name>.debug_pubnames</name>
         <load_address>0x10b</load_address>
         <run_address>0x10b</run_address>
         <size>0x1e</size>
         <input_file_ref idref="fl-2"/>
      </object_component>
      <object_component id="oc-44">
         <name>.debug_pubnames</name>
         <load_address>0x129</load_address>
         <run_address>0x129</run_address>
         <size>0x1b</size>
         <input_file_ref idref="fl-2"/>
      </object_component>
      <object_component id="oc-87">
         <name>.debug_pubnames</name>
         <load_address>0x144</load_address>
         <run_address>0x144</run_address>
         <size>0x38f</size>
         <input_file_ref idref="fl-3"/>
      </object_component>
      <object_component id="oc-1b4">
         <name>.debug_pubnames</name>
         <load_address>0x4d3</load_address>
         <run_address>0x4d3</run_address>
         <size>0x24</size>
         <input_file_ref idref="fl-3"/>
      </object_component>
      <object_component id="oc-13f">
         <name>.debug_pubnames</name>
         <load_address>0x4f7</load_address>
         <run_address>0x4f7</run_address>
         <size>0x27</size>
         <input_file_ref idref="fl-3"/>
      </object_component>
      <object_component id="oc-133">
         <name>.debug_pubnames</name>
         <load_address>0x51e</load_address>
         <run_address>0x51e</run_address>
         <size>0x25</size>
         <input_file_ref idref="fl-3"/>
      </object_component>
      <object_component id="oc-139">
         <name>.debug_pubnames</name>
         <load_address>0x543</load_address>
         <run_address>0x543</run_address>
         <size>0x25</size>
         <input_file_ref idref="fl-3"/>
      </object_component>
      <object_component id="oc-145">
         <name>.debug_pubnames</name>
         <load_address>0x568</load_address>
         <run_address>0x568</run_address>
         <size>0x25</size>
         <input_file_ref idref="fl-3"/>
      </object_component>
      <object_component id="oc-14b">
         <name>.debug_pubnames</name>
         <load_address>0x58d</load_address>
         <run_address>0x58d</run_address>
         <size>0x25</size>
         <input_file_ref idref="fl-3"/>
      </object_component>
      <object_component id="oc-82">
         <name>.debug_pubnames</name>
         <load_address>0x5b2</load_address>
         <run_address>0x5b2</run_address>
         <size>0x21</size>
         <input_file_ref idref="fl-3"/>
      </object_component>
      <object_component id="oc-17">
         <name>.debug_pubnames</name>
         <load_address>0x5d3</load_address>
         <run_address>0x5d3</run_address>
         <size>0x1d</size>
         <input_file_ref idref="fl-18"/>
      </object_component>
      <object_component id="oc-1b">
         <name>.debug_pubnames</name>
         <load_address>0x5f0</load_address>
         <run_address>0x5f0</run_address>
         <size>0x2d</size>
         <input_file_ref idref="fl-18"/>
      </object_component>
      <object_component id="oc-160">
         <name>.debug_pubnames</name>
         <load_address>0x61d</load_address>
         <run_address>0x61d</run_address>
         <size>0x22</size>
         <input_file_ref idref="fl-1c"/>
      </object_component>
      <object_component id="oc-9c">
         <name>.debug_pubnames</name>
         <load_address>0x63f</load_address>
         <run_address>0x63f</run_address>
         <size>0x1c</size>
         <input_file_ref idref="fl-1c"/>
      </object_component>
      <object_component id="oc-121">
         <name>.debug_pubnames</name>
         <load_address>0x65b</load_address>
         <run_address>0x65b</run_address>
         <size>0x29</size>
         <input_file_ref idref="fl-1f"/>
      </object_component>
      <object_component id="oc-8b">
         <name>.debug_pubnames</name>
         <load_address>0x684</load_address>
         <run_address>0x684</run_address>
         <size>0x25</size>
         <input_file_ref idref="fl-21"/>
      </object_component>
      <object_component id="oc-78">
         <name>.debug_pubnames</name>
         <load_address>0x6a9</load_address>
         <run_address>0x6a9</run_address>
         <size>0x28</size>
         <input_file_ref idref="fl-21"/>
      </object_component>
      <object_component id="oc-65">
         <name>.debug_pubnames</name>
         <load_address>0x6d1</load_address>
         <run_address>0x6d1</run_address>
         <size>0x25</size>
         <input_file_ref idref="fl-21"/>
      </object_component>
      <object_component id="oc-6c">
         <name>.debug_pubnames</name>
         <load_address>0x6f6</load_address>
         <run_address>0x6f6</run_address>
         <size>0x28</size>
         <input_file_ref idref="fl-21"/>
      </object_component>
      <object_component id="oc-12c">
         <name>.debug_pubnames</name>
         <load_address>0x71e</load_address>
         <run_address>0x71e</run_address>
         <size>0x29</size>
         <input_file_ref idref="fl-22"/>
      </object_component>
      <object_component id="oc-ff">
         <name>.debug_pubnames</name>
         <load_address>0x747</load_address>
         <run_address>0x747</run_address>
         <size>0x29</size>
         <input_file_ref idref="fl-22"/>
      </object_component>
      <object_component id="oc-11b">
         <name>.debug_pubnames</name>
         <load_address>0x770</load_address>
         <run_address>0x770</run_address>
         <size>0x32</size>
         <input_file_ref idref="fl-22"/>
      </object_component>
      <object_component id="oc-126">
         <name>.debug_pubnames</name>
         <load_address>0x7a2</load_address>
         <run_address>0x7a2</run_address>
         <size>0x31</size>
         <input_file_ref idref="fl-22"/>
      </object_component>
      <object_component id="oc-da">
         <name>.debug_pubtypes</name>
         <load_address>0x0</load_address>
         <run_address>0x0</run_address>
         <size>0x1d</size>
         <input_file_ref idref="fl-1"/>
      </object_component>
      <object_component id="oc-df">
         <name>.debug_pubtypes</name>
         <load_address>0x1d</load_address>
         <run_address>0x1d</run_address>
         <size>0x1e</size>
         <input_file_ref idref="fl-1"/>
      </object_component>
      <object_component id="oc-3d">
         <name>.debug_pubtypes</name>
         <load_address>0x3b</load_address>
         <run_address>0x3b</run_address>
         <size>0xed</size>
         <input_file_ref idref="fl-1"/>
      </object_component>
      <object_component id="oc-18f">
         <name>.debug_pubtypes</name>
         <load_address>0x128</load_address>
         <run_address>0x128</run_address>
         <size>0x2b</size>
         <input_file_ref idref="fl-1"/>
      </object_component>
      <object_component id="oc-58">
         <name>.debug_pubtypes</name>
         <load_address>0x153</load_address>
         <run_address>0x153</run_address>
         <size>0x6b</size>
         <input_file_ref idref="fl-2"/>
      </object_component>
      <object_component id="oc-e4">
         <name>.debug_pubtypes</name>
         <load_address>0x1be</load_address>
         <run_address>0x1be</run_address>
         <size>0x33</size>
         <input_file_ref idref="fl-2"/>
      </object_component>
      <object_component id="oc-95">
         <name>.debug_pubtypes</name>
         <load_address>0x1f1</load_address>
         <run_address>0x1f1</run_address>
         <size>0x5d</size>
         <input_file_ref idref="fl-2"/>
      </object_component>
      <object_component id="oc-e9">
         <name>.debug_pubtypes</name>
         <load_address>0x24e</load_address>
         <run_address>0x24e</run_address>
         <size>0x29</size>
         <input_file_ref idref="fl-2"/>
      </object_component>
      <object_component id="oc-ee">
         <name>.debug_pubtypes</name>
         <load_address>0x277</load_address>
         <run_address>0x277</run_address>
         <size>0x34</size>
         <input_file_ref idref="fl-2"/>
      </object_component>
      <object_component id="oc-36">
         <name>.debug_pubtypes</name>
         <load_address>0x2ab</load_address>
         <run_address>0x2ab</run_address>
         <size>0x28</size>
         <input_file_ref idref="fl-2"/>
      </object_component>
      <object_component id="oc-90">
         <name>.debug_pubtypes</name>
         <load_address>0x2d3</load_address>
         <run_address>0x2d3</run_address>
         <size>0x41</size>
         <input_file_ref idref="fl-2"/>
      </object_component>
      <object_component id="oc-159">
         <name>.debug_pubtypes</name>
         <load_address>0x314</load_address>
         <run_address>0x314</run_address>
         <size>0x24</size>
         <input_file_ref idref="fl-2"/>
      </object_component>
      <object_component id="oc-f3">
         <name>.debug_pubtypes</name>
         <load_address>0x338</load_address>
         <run_address>0x338</run_address>
         <size>0x5e</size>
         <input_file_ref idref="fl-2"/>
      </object_component>
      <object_component id="oc-1bf">
         <name>.debug_pubtypes</name>
         <load_address>0x396</load_address>
         <run_address>0x396</run_address>
         <size>0x44</size>
         <input_file_ref idref="fl-3"/>
      </object_component>
      <object_component id="oc-150">
         <name>.debug_pubtypes</name>
         <load_address>0x3da</load_address>
         <run_address>0x3da</run_address>
         <size>0x37</size>
         <input_file_ref idref="fl-3"/>
      </object_component>
      <object_component id="oc-104">
         <name>.debug_pubtypes</name>
         <load_address>0x411</load_address>
         <run_address>0x411</run_address>
         <size>0x5d</size>
         <input_file_ref idref="fl-21"/>
      </object_component>
      <object_component id="oc-19f">
         <name>.debug_pubtypes</name>
         <load_address>0x46e</load_address>
         <run_address>0x46e</run_address>
         <size>0x28</size>
         <input_file_ref idref="fl-21"/>
      </object_component>
      <object_component id="oc-110">
         <name>.debug_pubtypes</name>
         <load_address>0x496</load_address>
         <run_address>0x496</run_address>
         <size>0x39</size>
         <input_file_ref idref="fl-21"/>
      </object_component>
      <object_component id="oc-10b">
         <name>.debug_pubtypes</name>
         <load_address>0x4cf</load_address>
         <run_address>0x4cf</run_address>
         <size>0x41</size>
         <input_file_ref idref="fl-21"/>
      </object_component>
      <object_component id="oc-1a4">
         <name>.debug_pubtypes</name>
         <load_address>0x510</load_address>
         <run_address>0x510</run_address>
         <size>0x24</size>
         <input_file_ref idref="fl-21"/>
      </object_component>
      <object_component id="oc-1a9">
         <name>.debug_pubtypes</name>
         <load_address>0x534</load_address>
         <run_address>0x534</run_address>
         <size>0x5e</size>
         <input_file_ref idref="fl-21"/>
      </object_component>
      <object_component id="oc-198">
         <name>.debug_pubtypes</name>
         <load_address>0x592</load_address>
         <run_address>0x592</run_address>
         <size>0x53</size>
         <input_file_ref idref="fl-22"/>
      </object_component>
      <object_component id="oc-46">
         <name>.debug_frame</name>
         <load_address>0x0</load_address>
         <run_address>0x0</run_address>
         <size>0xa8</size>
         <input_file_ref idref="fl-2"/>
      </object_component>
      <object_component id="oc-1b6">
         <name>.debug_frame</name>
         <load_address>0xa8</load_address>
         <run_address>0xa8</run_address>
         <size>0x88</size>
         <input_file_ref idref="fl-3"/>
      </object_component>
      <object_component id="oc-141">
         <name>.debug_frame</name>
         <load_address>0x130</load_address>
         <run_address>0x130</run_address>
         <size>0x80</size>
         <input_file_ref idref="fl-3"/>
      </object_component>
      <object_component id="oc-135">
         <name>.debug_frame</name>
         <load_address>0x1b0</load_address>
         <run_address>0x1b0</run_address>
         <size>0x88</size>
         <input_file_ref idref="fl-3"/>
      </object_component>
      <object_component id="oc-13b">
         <name>.debug_frame</name>
         <load_address>0x238</load_address>
         <run_address>0x238</run_address>
         <size>0x88</size>
         <input_file_ref idref="fl-3"/>
      </object_component>
      <object_component id="oc-147">
         <name>.debug_frame</name>
         <load_address>0x2c0</load_address>
         <run_address>0x2c0</run_address>
         <size>0x88</size>
         <input_file_ref idref="fl-3"/>
      </object_component>
      <object_component id="oc-14d">
         <name>.debug_frame</name>
         <load_address>0x348</load_address>
         <run_address>0x348</run_address>
         <size>0x88</size>
         <input_file_ref idref="fl-3"/>
      </object_component>
      <object_component id="oc-84">
         <name>.debug_frame</name>
         <load_address>0x3d0</load_address>
         <run_address>0x3d0</run_address>
         <size>0x88</size>
         <input_file_ref idref="fl-3"/>
      </object_component>
      <object_component id="oc-1d">
         <name>.debug_frame</name>
         <load_address>0x458</load_address>
         <run_address>0x458</run_address>
         <size>0x78</size>
         <input_file_ref idref="fl-18"/>
      </object_component>
      <object_component id="oc-162">
         <name>.debug_frame</name>
         <load_address>0x4d0</load_address>
         <run_address>0x4d0</run_address>
         <size>0x7c</size>
         <input_file_ref idref="fl-1c"/>
      </object_component>
      <object_component id="oc-9e">
         <name>.debug_frame</name>
         <load_address>0x54c</load_address>
         <run_address>0x54c</run_address>
         <size>0x7c</size>
         <input_file_ref idref="fl-1c"/>
      </object_component>
      <object_component id="oc-8d">
         <name>.debug_frame</name>
         <load_address>0x5c8</load_address>
         <run_address>0x5c8</run_address>
         <size>0x17d</size>
         <input_file_ref idref="fl-21"/>
      </object_component>
      <object_component id="oc-7a">
         <name>.debug_frame</name>
         <load_address>0x745</load_address>
         <run_address>0x745</run_address>
         <size>0x183</size>
         <input_file_ref idref="fl-21"/>
      </object_component>
      <object_component id="oc-67">
         <name>.debug_frame</name>
         <load_address>0x8c8</load_address>
         <run_address>0x8c8</run_address>
         <size>0x171</size>
         <input_file_ref idref="fl-21"/>
      </object_component>
      <object_component id="oc-6e">
         <name>.debug_frame</name>
         <load_address>0xa39</load_address>
         <run_address>0xa39</run_address>
         <size>0x141</size>
         <input_file_ref idref="fl-21"/>
      </object_component>
      <object_component id="oc-12e">
         <name>.debug_frame</name>
         <load_address>0xb7a</load_address>
         <run_address>0xb7a</run_address>
         <size>0x137</size>
         <input_file_ref idref="fl-22"/>
      </object_component>
      <object_component id="oc-101">
         <name>.debug_frame</name>
         <load_address>0xcb1</load_address>
         <run_address>0xcb1</run_address>
         <size>0x133</size>
         <input_file_ref idref="fl-22"/>
      </object_component>
      <object_component id="oc-11d">
         <name>.debug_frame</name>
         <load_address>0xde4</load_address>
         <run_address>0xde4</run_address>
         <size>0x133</size>
         <input_file_ref idref="fl-22"/>
      </object_component>
      <object_component id="oc-128">
         <name>.debug_frame</name>
         <load_address>0xf17</load_address>
         <run_address>0xf17</run_address>
         <size>0x137</size>
         <input_file_ref idref="fl-22"/>
      </object_component>
      <object_component id="oc-43">
         <name>.debug_aranges</name>
         <load_address>0x0</load_address>
         <run_address>0x0</run_address>
         <size>0x20</size>
         <input_file_ref idref="fl-2"/>
      </object_component>
      <object_component id="oc-1b3">
         <name>.debug_aranges</name>
         <load_address>0x20</load_address>
         <run_address>0x20</run_address>
         <size>0x20</size>
         <input_file_ref idref="fl-3"/>
      </object_component>
      <object_component id="oc-13e">
         <name>.debug_aranges</name>
         <load_address>0x40</load_address>
         <run_address>0x40</run_address>
         <size>0x20</size>
         <input_file_ref idref="fl-3"/>
      </object_component>
      <object_component id="oc-132">
         <name>.debug_aranges</name>
         <load_address>0x60</load_address>
         <run_address>0x60</run_address>
         <size>0x20</size>
         <input_file_ref idref="fl-3"/>
      </object_component>
      <object_component id="oc-138">
         <name>.debug_aranges</name>
         <load_address>0x80</load_address>
         <run_address>0x80</run_address>
         <size>0x20</size>
         <input_file_ref idref="fl-3"/>
      </object_component>
      <object_component id="oc-144">
         <name>.debug_aranges</name>
         <load_address>0xa0</load_address>
         <run_address>0xa0</run_address>
         <size>0x20</size>
         <input_file_ref idref="fl-3"/>
      </object_component>
      <object_component id="oc-14a">
         <name>.debug_aranges</name>
         <load_address>0xc0</load_address>
         <run_address>0xc0</run_address>
         <size>0x20</size>
         <input_file_ref idref="fl-3"/>
      </object_component>
      <object_component id="oc-81">
         <name>.debug_aranges</name>
         <load_address>0xe0</load_address>
         <run_address>0xe0</run_address>
         <size>0x20</size>
         <input_file_ref idref="fl-3"/>
      </object_component>
[...]
         <usage_details>
         </usage_details>
      </memory_area>
      <memory_area display="yes" color="green">
         <name>PWMSS2</name>
         <page_id>0x2</page_id>
         <origin>0x48304000</origin>
         <length>0x2c4</length>
         <used_space>0x0</used_space>
         <unused_space>0x2c4</unused_space>
         <attributes>RWIX</attributes>
         <usage_details>
         </usage_details>
      </memory_area>
      <memory_area display="yes" color="green">
         <name>RSVD13</name>
         <page_id>0x2</page_id>
         <origin>0x48310000</origin>
         <length>0x100</length>
         <used_space>0x0</used_space>
         <unused_space>0x100</unused_space>
         <attributes>RWIX</attributes>
         <usage_details>
         </usage_details>
      </memory_area>
      <memory_area display="yes" color="green">
         <name>RSVD10</name>
         <page_id>0x2</page_id>
         <origin>0x48318000</origin>
         <length>0x100</length>
         <used_space>0x0</used_space>
         <unused_space>0x100</unused_space>
         <attributes>RWIX</attributes>
         <usage_details>
         </usage_details>
      </memory_area>
      <memory_area display="yes" color="green">
         <name>TPCC</name>
         <page_id>0x2</page_id>
         <origin>0x49000000</origin>
         <length>0x1098</length>
         <used_space>0x0</used_space>
         <unused_space>0x1098</unused_space>
         <attributes>RWIX</attributes>
         <usage_details>
         </usage_details>
      </memory_area>
      <memory_area display="yes" color="green">
         <name>GEMAC</name>
         <page_id>0x2</page_id>
         <origin>0x4a100000</origin>
         <length>0x128c</length>
         <used_space>0x0</used_space>
         <unused_space>0x128c</unused_space>
         <attributes>RWIX</attributes>
         <usage_details>
         </usage_details>
      </memory_area>
      <memory_area display="yes" color="green">
         <name>DDR</name>
         <page_id>0x2</page_id>
         <origin>0x80000000</origin>
         <length>0x100</length>
         <used_space>0x0</used_space>
         <unused_space>0x100</unused_space>
         <attributes>RWIX</attributes>
         <usage_details>
         </usage_details>
      </memory_area>
   </placement_map>
   <symbol_table>
      <symbol id="sm-1">
         <name>__PRU_CREG_PRU_DMEM_0_1</name>
         <value>0x18</value>
      </symbol>
      <symbol id="sm-2">
         <name>__PRU_CREG_BASE_PRU_DMEM_0_1</name>
         <value>0x0</value>
      </symbol>
      <symbol id="sm-3">
         <name>__PRU_CREG_PRU_DMEM_1_0</name>
         <value>0x19</value>
      </symbol>
      <symbol id="sm-4">
         <name>__PRU_CREG_BASE_PRU_DMEM_1_0</name>
         <value>0x2000</value>
      </symbol>
      <symbol id="sm-5">
         <name>__PRU_CREG_PRU_SHAREDMEM</name>
         <value>0x1c</value>
      </symbol>
      <symbol id="sm-6">
         <name>__PRU_CREG_BASE_PRU_SHAREDMEM</name>
         <value>0x10000</value>
      </symbol>
      <symbol id="sm-7">
         <name>__PRU_CREG_PRU_INTC</name>
         <value>0x0</value>
      </symbol>
      <symbol id="sm-8">
         <name>__PRU_CREG_BASE_PRU_INTC</name>
         <value>0x20000</value>
      </symbol>
      <symbol id="sm-9">
         <name>__PRU_CREG_PRU_CFG</name>
         <value>0x4</value>
      </symbol>
      <symbol id="sm-a">
         <name>__PRU_CREG_BASE_PRU_CFG</name>
         <value>0x26000</value>
      </symbol>
      <symbol id="sm-b">
         <name>__PRU_CREG_PRU_UART</name>
         <value>0x7</value>
      </symbol>
      <symbol id="sm-c">
         <name>__PRU_CREG_BASE_PRU_UART</name>
         <value>0x28000</value>
      </symbol>
      <symbol id="sm-d">
         <name>__PRU_CREG_PRU_IEP</name>
         <value>0x1a</value>
      </symbol>
      <symbol id="sm-e">
         <name>__PRU_CREG_BASE_PRU_IEP</name>
         <value>0x2e000</value>
      </symbol>
      <symbol id="sm-f">
         <name>__PRU_CREG_PRU_ECAP</name>
         <value>0x3</value>
      </symbol>
      <symbol id="sm-10">
         <name>__PRU_CREG_BASE_PRU_ECAP</name>
         <value>0x30000</value>
      </symbol>
      <symbol id="sm-11">
         <name>__PRU_CREG_RSVD27</name>
         <value>0x1b</value>
      </symbol>
      <symbol id="sm-12">
         <name>__PRU_CREG_BASE_RSVD27</name>
         <value>0x32000</value>
      </symbol>
      <symbol id="sm-13">
         <name>__PRU_CREG_RSVD21</name>
         <value>0x15</value>
      </symbol>
      <symbol id="sm-14">
         <name>__PRU_CREG_BASE_RSVD21</name>
         <value>0x32400</value>
      </symbol>
      <symbol id="sm-15">
         <name>__PRU_CREG_L3OCMC</name>
         <value>0x1e</value>
      </symbol>
      <symbol id="sm-16">
         <name>__PRU_CREG_BASE_L3OCMC</name>
         <value>0x40000000</value>
      </symbol>
      <symbol id="sm-17">
         <name>__PRU_CREG_MCASP0_DMA</name>
         <value>0x8</value>
      </symbol>
      <symbol id="sm-18">
         <name>__PRU_CREG_BASE_MCASP0_DMA</name>
         <value>0x46000000</value>
      </symbol>
      <symbol id="sm-19">
         <name>__PRU_CREG_UART1</name>
         <value>0xb</value>
      </symbol>
      <symbol id="sm-1a">
         <name>__PRU_CREG_BASE_UART1</name>
         <value>0x48022000</value>
      </symbol>
      <symbol id="sm-1b">
         <name>__PRU_CREG_UART2</name>
         <value>0xc</value>
      </symbol>
      <symbol id="sm-1c">
         <name>__PRU_CREG_BASE_UART2</name>
         <value>0x48024000</value>
      </symbol>
      <symbol id="sm-1d">
         <name>__PRU_CREG_I2C1</name>
         <value>0x2</value>
      </symbol>
      <symbol id="sm-1e">
         <name>__PRU_CREG_BASE_I2C1</name>
         <value>0x4802a000</value>
      </symbol>
      <symbol id="sm-1f">
         <name>__PRU_CREG_MCSPI0</name>
         <value>0x6</value>
      </symbol>
      <symbol id="sm-20">
         <name>__PRU_CREG_BASE_MCSPI0</name>
         <value>0x48030000</value>
      </symbol>
      <symbol id="sm-21">
         <name>__PRU_CREG_DMTIMER2</name>
         <value>0x1</value>
      </symbol>
      <symbol id="sm-22">
         <name>__PRU_CREG_BASE_DMTIMER2</name>
         <value>0x48040000</value>
      </symbol>
      <symbol id="sm-23">
         <name>__PRU_CREG_MMCHS0</name>
         <value>0x5</value>
      </symbol>
      <symbol id="sm-24">
         <name>__PRU_CREG_BASE_MMCHS0</name>
         <value>0x48060000</value>
      </symbol>
      <symbol id="sm-25">
         <name>__PRU_CREG_MBX0</name>
         <value>0x16</value>
      </symbol>
      <symbol id="sm-26">
         <name>__PRU_CREG_BASE_MBX0</name>
         <value>0x480c8000</value>
      </symbol>
      <symbol id="sm-27">
         <name>__PRU_CREG_SPINLOCK</name>
         <value>0x17</value>
      </symbol>
      <symbol id="sm-28">
         <name>__PRU_CREG_BASE_SPINLOCK</name>
         <value>0x480ca000</value>
      </symbol>
      <symbol id="sm-29">
         <name>__PRU_CREG_I2C2</name>
         <value>0x11</value>
      </symbol>
      <symbol id="sm-2a">
         <name>__PRU_CREG_BASE_I2C2</name>
         <value>0x4819c000</value>
      </symbol>
      <symbol id="sm-2b">
         <name>__PRU_CREG_MCSPI1</name>
         <value>0x10</value>
      </symbol>
      <symbol id="sm-2c">
         <name>__PRU_CREG_BASE_MCSPI1</name>
         <value>0x481a0000</value>
      </symbol>
      <symbol id="sm-2d">
         <name>__PRU_CREG_DCAN0</name>
         <value>0xe</value>
      </symbol>
      <symbol id="sm-2e">
         <name>__PRU_CREG_BASE_DCAN0</name>
         <value>0x481cc000</value>
      </symbol>
      <symbol id="sm-2f">
         <name>__PRU_CREG_DCAN1</name>
         <value>0xf</value>
      </symbol>
      <symbol id="sm-30">
         <name>__PRU_CREG_BASE_DCAN1</name>
         <value>0x481d0000</value>
      </symbol>
      <symbol id="sm-31">
         <name>__PRU_CREG_PWMSS0</name>
         <value>0x12</value>
      </symbol>
      <symbol id="sm-32">
         <name>__PRU_CREG_BASE_PWMSS0</name>
         <value>0x48300000</value>
      </symbol>
      <symbol id="sm-33">
         <name>__PRU_CREG_PWMSS1</name>
         <value>0x13</value>
      </symbol>
      <symbol id="sm-34">
         <name>__PRU_CREG_BASE_PWMSS1</name>
         <value>0x48302000</value>
      </symbol>
      <symbol id="sm-35">
         <name>__PRU_CREG_PWMSS2</name>
         <value>0x14</value>
      </symbol>
      <symbol id="sm-36">
         <name>__PRU_CREG_BASE_PWMSS2</name>
         <value>0x48304000</value>
      </symbol>
      <symbol id="sm-37">
         <name>__PRU_CREG_RSVD13</name>
         <value>0xd</value>
      </symbol>
      <symbol id="sm-38">
         <name>__PRU_CREG_BASE_RSVD13</name>
         <value>0x48310000</value>
      </symbol>
      <symbol id="sm-39">
         <name>__PRU_CREG_RSVD10</name>
         <value>0xa</value>
      </symbol>
      <symbol id="sm-3a">
         <name>__PRU_CREG_BASE_RSVD10</name>
         <value>0x48318000</value>
      </symbol>
      <symbol id="sm-3b">
         <name>__PRU_CREG_TPCC</name>
         <value>0x1d</value>
      </symbol>
      <symbol id="sm-3c">
         <name>__PRU_CREG_BASE_TPCC</name>
         <value>0x49000000</value>
      </symbol>
      <symbol id="sm-3d">
         <name>__PRU_CREG_GEMAC</name>
         <value>0x9</value>
      </symbol>
      <symbol id="sm-3e">
         <name>__PRU_CREG_BASE_GEMAC</name>
         <value>0x4a100000</value>
      </symbol>
      <symbol id="sm-3f">
         <name>__PRU_CREG_DDR</name>
         <value>0x1f</value>
      </symbol>
      <symbol id="sm-40">
         <name>__PRU_CREG_BASE_DDR</name>
         <value>0x80000000</value>
      </symbol>
      <symbol id="sm-41">
         <name>__TI_STACK_SIZE</name>
         <value>0x100</value>
      </symbol>
      <symbol id="sm-42">
         <name>__TI_STACK_END</name>
         <value>0x208</value>
      </symbol>
      <symbol id="sm-43">
         <name>__c_args__</name>
         <value>0xffffffff</value>
      </symbol>
      <symbol id="sm-fc">
         <name>CT_INTC</name>
         <value>0x20000</value>
         <object_component_ref idref="oc-5f"/>
      </symbol>
      <symbol id="sm-fd">
         <name>CT_CFG</name>
         <value>0x26000</value>
         <object_component_ref idref="oc-5c"/>
      </symbol>
      <symbol id="sm-182">
         <name>tx_bufs</name>
         <value>0x80</value>
      </symbol>
      <symbol id="sm-183">
         <name>rx_bufs</name>
         <value>0x0</value>
      </symbol>
      <symbol id="sm-184">
         <name>rx_bufs_ddr_start_addr</name>
         <value>0x100</value>
      </symbol>
      <symbol id="sm-185">
         <name>tx_bufs_ddr_start_addr</name>
         <value>0x104</value>
      </symbol>
      <symbol id="sm-186">
         <name>pru_intc_map</name>
         <value>0x2c0</value>
         <object_component_ref idref="oc-30"/>
      </symbol>
      <symbol id="sm-187">
         <name>main</name>
         <value>0x1c</value>
         <object_component_ref idref="oc-41"/>
      </symbol>
      <symbol id="sm-188">
         <name>resourceTable</name>
         <value>0x2c6</value>
         <object_component_ref idref="oc-12"/>
      </symbol>
      <symbol id="sm-1f9">
         <name>MCASP_RXBUF_ptr</name>
         <value>0x24c</value>
         <object_component_ref idref="oc-85"/>
      </symbol>
      <symbol id="sm-1fa">
         <name>MCASP_RXFMT_ptr</name>
         <value>0x274</value>
         <object_component_ref idref="oc-85"/>
      </symbol>
      <symbol id="sm-1fb">
         <name>MCASP_TXTDM_ptr</name>
         <value>0x278</value>
         <object_component_ref idref="oc-85"/>
      </symbol>
      <symbol id="sm-1fc">
         <name>init_mcasp</name>
         <value>0xc44</value>
         <object_component_ref idref="oc-7f"/>
      </symbol>
      <symbol id="sm-1fd">
         <name>MCASP_DMACTLX_ptr</name>
         <value>0x230</value>
         <object_component_ref idref="oc-85"/>
      </symbol>
      <symbol id="sm-1fe">
         <name>MCASP_TXSTAT_ptr</name>
         <value>0x280</value>
         <object_component_ref idref="oc-85"/>
      </symbol>
      <symbol id="sm-1ff">
         <name>MCASP_RXSTAT_ptr</name>
         <value>0x284</value>
         <object_component_ref idref="oc-85"/>
      </symbol>
      <symbol id="sm-200">
         <name>MCASP_TXCLKCHK_ptr</name>
         <value>0x260</value>
         <object_component_ref idref="oc-85"/>
      </symbol>
      <symbol id="sm-201">
         <name>MCASP_RXTDM_ptr</name>
         <value>0x27c</value>
         <object_component_ref idref="oc-85"/>
      </symbol>
      <symbol id="sm-202">
         <name>MCASP_GBLCTLX_bits_ptr</name>
         <value>0x210</value>
         <object_component_ref idref="oc-85"/>
      </symbol>
      <symbol id="sm-203">
         <name>MCASP_GBLCTLR_bits_ptr</name>
         <value>0x218</value>
         <object_component_ref idref="oc-85"/>
      </symbol>
      <symbol id="sm-204">
         <name>MCASP_RXTDMSLOT_bits_ptr</name>
         <value>0x294</value>
         <object_component_ref idref="oc-85"/>
      </symbol>
      <symbol id="sm-205">
         <name>MCASP_RXCLKCHK_ptr</name>
         <value>0x264</value>
         <object_component_ref idref="oc-85"/>
      </symbol>
      <symbol id="sm-206">
         <name>MCASP_TXSTAT_bits_ptr</name>
         <value>0x288</value>
         <object_component_ref idref="oc-85"/>
      </symbol>
      <symbol id="sm-207">
         <name>MCASP_AHCLKRCTL_ptr</name>
         <value>0x254</value>
         <object_component_ref idref="oc-85"/>
      </symbol>
      <symbol id="sm-208">
         <name>MCASP_RXSTAT_bits_ptr</name>
         <value>0x28c</value>
         <object_component_ref idref="oc-85"/>
      </symbol>
      <symbol id="sm-209">
         <name>MCASP_AHCLKXCTL_ptr</name>
         <value>0x250</value>
         <object_component_ref idref="oc-85"/>
      </symbol>
      <symbol id="sm-20a">
         <name>MCASP_SRCTL_TX_ptr</name>
         <value>0x298</value>
         <object_component_ref idref="oc-85"/>
      </symbol>
      <symbol id="sm-20b">
         <name>MCASP_SRCTL_RX_ptr</name>
         <value>0x29c</value>
         <object_component_ref idref="oc-85"/>
      </symbol>
      <symbol id="sm-20c">
         <name>MCASP_DMACTLR_ptr</name>
         <value>0x234</value>
         <object_component_ref idref="oc-85"/>
      </symbol>
      <symbol id="sm-20d">
         <name>MCASP_PDIR_ptr</name>
         <value>0x23c</value>
         <object_component_ref idref="oc-85"/>
      </symbol>
      <symbol id="sm-20e">
         <name>MCASP_LBCTL_ptr</name>
         <value>0x220</value>
         <object_component_ref idref="oc-85"/>
      </symbol>
      <symbol id="sm-20f">
         <name>MCASP_RXFMCTL_ptr</name>
         <value>0x26c</value>
         <object_component_ref idref="oc-85"/>
      </symbol>
      <symbol id="sm-210">
         <name>MCASP_TXFMCTL_ptr</name>
         <value>0x268</value>
         <object_component_ref idref="oc-85"/>
      </symbol>
      <symbol id="sm-211">
         <name>MCASP_GBLCTL_bits_ptr</name>
         <value>0x208</value>
         <object_component_ref idref="oc-85"/>
      </symbol>
      <symbol id="sm-212">
         <name>MCASP_RXMASK</name>
         <value>0x244</value>
         <object_component_ref idref="oc-85"/>
      </symbol>
      <symbol id="sm-213">
         <name>MCASP_TXMASK</name>
         <value>0x240</value>
         <object_component_ref idref="oc-85"/>
      </symbol>
      <symbol id="sm-214">
         <name>MCASP_ACLKRCTL_ptr</name>
         <value>0x25c</value>
         <object_component_ref idref="oc-85"/>
      </symbol>
      <symbol id="sm-215">
         <name>MCASP_ACLKXCTL_ptr</name>
         <value>0x258</value>
         <object_component_ref idref="oc-85"/>
      </symbol>
      <symbol id="sm-216">
         <name>MCASP_TXTDMSLOT_bits_ptr</name>
         <value>0x290</value>
         <object_component_ref idref="oc-85"/>
      </symbol>
      <symbol id="sm-217">
         <name>MCASP_TXDITCTL_ptr</name>
         <value>0x224</value>
         <object_component_ref idref="oc-85"/>
      </symbol>
      <symbol id="sm-218">
         <name>MCASP_GBLCTL_ptr</name>
         <value>0x20c</value>
         <object_component_ref idref="oc-85"/>
      </symbol>
      <symbol id="sm-219">
         <name>MCASP_XRSRCTL_03_ptr</name>
         <value>0x2a4</value>
         <object_component_ref idref="oc-85"/>
      </symbol>
      <symbol id="sm-21a">
         <name>MCASP_IRQCTLR</name>
         <value>0x22c</value>
         <object_component_ref idref="oc-85"/>
      </symbol>
      <symbol id="sm-21b">
         <name>MCASP_IRQCTLX</name>
         <value>0x228</value>
         <object_component_ref idref="oc-85"/>
      </symbol>
      <symbol id="sm-21c">
         <name>MCASP_TXBUF_ptr</name>
         <value>0x248</value>
         <object_component_ref idref="oc-85"/>
      </symbol>
      <symbol id="sm-21d">
         <name>MCASP_TXFMT_ptr</name>
         <value>0x270</value>
         <object_component_ref idref="oc-85"/>
      </symbol>
      <symbol id="sm-21e">
         <name>MCASP_XRSRCTL_02_ptr</name>
         <value>0x2a0</value>
         <object_component_ref idref="oc-85"/>
      </symbol>
      <symbol id="sm-21f">
         <name>MCASP_GBLCTLX_ptr</name>
         <value>0x214</value>
         <object_component_ref idref="oc-85"/>
      </symbol>
      <symbol id="sm-220">
         <name>MCASP_GBLCTLR_ptr</name>
         <value>0x21c</value>
         <object_component_ref idref="oc-85"/>
      </symbol>
      <symbol id="sm-221">
         <name>MCASP_PFUNC_ptr</name>
         <value>0x238</value>
         <object_component_ref idref="oc-85"/>
      </symbol>
      <symbol id="sm-232">
         <name>_c_int00_noinit_noargs</name>
         <value>0x0</value>
         <object_component_ref idref="oc-18"/>
      </symbol>
      <symbol id="sm-233">
         <name>_stack</name>
         <value>0x108</value>
         <object_component_ref idref="oc-15"/>
      </symbol>
      <symbol id="sm-248">
         <name>C$$EXIT</name>
         <value>0x11a8</value>
         <object_component_ref idref="oc-15d"/>
      </symbol>
      <symbol id="sm-249">
         <name>abort</name>
         <value>0x11a0</value>
         <object_component_ref idref="oc-99"/>
      </symbol>
      <symbol id="sm-256">
         <name>memcpy</name>
         <value>0x1118</value>
         <object_component_ref idref="oc-11e"/>
      </symbol>
      <symbol id="sm-2a2">
         <name>pru_rpmsg_init</name>
         <value>0xf40</value>
         <object_component_ref idref="oc-62"/>
      </symbol>
      <symbol id="sm-2a3">
         <name>pru_rpmsg_channel</name>
         <value>0x1060</value>
         <object_component_ref idref="oc-69"/>
      </symbol>
      <symbol id="sm-2a4">
         <name>pru_rpmsg_receive</name>
         <value>0xe18</value>
         <object_component_ref idref="oc-75"/>
      </symbol>
      <symbol id="sm-2a5">
         <name>pru_rpmsg_send</name>
         <value>0xd40</value>
         <object_component_ref idref="oc-88"/>
      </symbol>
      <symbol id="sm-2d2">
         <name>pru_virtqueue_kick</name>
         <value>0x1178</value>
         <object_component_ref idref="oc-129"/>
      </symbol>
      <symbol id="sm-2d3">
         <name>pru_virtqueue_get_avail_buf</name>
         <value>0xfa0</value>
         <object_component_ref idref="oc-118"/>
      </symbol>
      <symbol id="sm-2d4">
         <name>pru_virtqueue_add_used_buf</name>
         <value>0x10bc</value>
         <object_component_ref idref="oc-123"/>
      </symbol>
      <symbol id="sm-2d5">
         <name>pru_virtqueue_init</name>
         <value>0x1000</value>
         <object_component_ref idref="oc-fc"/>
      </symbol>
   </symbol_table>
   <title>Link successful</title>
</link_info>
