******************************************************************************
                     PRU Linker Unix v2.3.1                    
******************************************************************************
>> Linked Thu Apr 25 19:22:17 2019

OUTPUT FILE NAME:   <pru_mcasp_rpcmsg.out>
ENTRY POINT SYMBOL: "_c_int00_noinit_noargs"  address: 00000000


MEMORY CONFIGURATION

         name            origin    length      used     unused   attr    fill
----------------------  --------  ---------  --------  --------  ----  --------
PAGE 0:
  PRU_IMEM              00000000   00002000  000011b0  00000e50  RWIX

PAGE 1:
  PRU_DMEM_0_1          00000000   00002000  0000035a  00001ca6  RWIX
  PRU_DMEM_1_0          00002000   00002000  00000000  00002000  RWIX

PAGE 2:
  PRU_SHAREDMEM         00010000   00003000  00000000  00003000  RWIX
  PRU_INTC              00020000   00001504  00001504  00000000  RWIX
  PRU_CFG               00026000   00000044  00000044  00000000  RWIX
  PRU_UART              00028000   00000038  00000000  00000038  RWIX
  PRU_IEP               0002e000   0000031c  00000000  0000031c  RWIX
  PRU_ECAP              00030000   00000060  00000000  00000060  RWIX
  RSVD27                00032000   00000100  00000000  00000100  RWIX
  RSVD21                00032400   00000100  00000000  00000100  RWIX
  L3OCMC                40000000   00010000  00000000  00010000  RWIX
  MCASP0_DMA            46000000   00000100  00000000  00000100  RWIX
  UART1                 48022000   00000088  00000000  00000088  RWIX
  UART2                 48024000   00000088  00000000  00000088  RWIX
  I2C1                  4802a000   000000d8  00000000  000000d8  RWIX
  MCSPI0                48030000   000001a4  00000000  000001a4  RWIX
  DMTIMER2              48040000   0000005c  00000000  0000005c  RWIX
  MMCHS0                48060000   00000300  00000000  00000300  RWIX
  MBX0                  480c8000   00000140  00000000  00000140  RWIX
  SPINLOCK              480ca000   00000880  00000000  00000880  RWIX
  I2C2                  4819c000   000000d8  00000000  000000d8  RWIX
  MCSPI1                481a0000   000001a4  00000000  000001a4  RWIX
  DCAN0                 481cc000   000001e8  00000000  000001e8  RWIX
  DCAN1                 481d0000   000001e8  00000000  000001e8  RWIX
  PWMSS0                48300000   000002c4  00000000  000002c4  RWIX
  PWMSS1                48302000   000002c4  00000000  000002c4  RWIX
  PWMSS2                48304000   000002c4  00000000  000002c4  RWIX
  RSVD13                48310000   00000100  00000000  00000100  RWIX
  RSVD10                48318000   00000100  00000000  00000100  RWIX
  TPCC                  49000000   00001098  00000000  00001098  RWIX
  GEMAC                 4a100000   0000128c  00000000  0000128c  RWIX
  DDR                   80000000   00000100  00000000  00000100  RWIX


SECTION ALLOCATION MAP

 output                                  attributes/
section   page    origin      length       input sections
--------  ----  ----------  ----------   ----------------
.text:_c_int00* 
*          0    00000000    0000001c     
                  00000000    0000001c     rtspruv3_le.lib : boot.c.obj (.text:_c_int00_noinit_noargs)

.text      0    0000001c    00001194     
                  0000001c    00000640     main.obj (.text:main)
                  0000065c    000001dc     mcasp_init.obj (.text:start_mcasp_RX)
                  00000838    000001d0     mcasp_init.obj (.text:start_mcasp_TX)
                  00000a08    00000124     mcasp_init.obj (.text:setup_mcasp_TX)
                  00000b2c    00000118     mcasp_init.obj (.text:setup_mcasp_RX)
                  00000c44    000000fc     mcasp_init.obj (.text:init_mcasp)
                  00000d40    000000d8     rpmsg_lib.lib : pru_rpmsg.object (.text:pru_rpmsg_send)
                  00000e18    000000c4                   : pru_rpmsg.object (.text:pru_rpmsg_receive)
                  00000edc    00000064     mcasp_init.obj (.text:service_buffs)
                  00000f40    00000060     rpmsg_lib.lib : pru_rpmsg.object (.text:pru_rpmsg_init)
                  00000fa0    00000060                   : pru_virtqueue.object (.text:pru_virtqueue_get_avail_buf)
                  00001000    00000060                   : pru_virtqueue.object (.text:pru_virtqueue_init)
                  00001060    0000005c                   : pru_rpmsg.object (.text:pru_rpmsg_channel)
                  000010bc    0000005c                   : pru_virtqueue.object (.text:pru_virtqueue_add_used_buf)
                  00001118    00000034     rtspruv3_le.lib : memcpy.asm.obj (.text)
                  0000114c    0000002c     mcasp_init.obj (.text:setup_mcasp_pads)
                  00001178    00000028     rpmsg_lib.lib : pru_virtqueue.object (.text:pru_virtqueue_kick)
                  000011a0    00000008     rtspruv3_le.lib : exit.c.obj (.text:abort)
                  000011a8    00000008                     : exit.c.obj (.text:loader_exit)

.bss       1    00000000    00000108     UNINITIALIZED
                  00000000    00000080     (.common:rx_bufs)
                  00000080    00000080     (.common:tx_bufs)
                  00000100    00000004     (.common:rx_bufs_ddr_start_addr)
                  00000104    00000004     (.common:tx_bufs_ddr_start_addr)

.stack     1    00000108    00000100     UNINITIALIZED
                  00000108    00000004     rtspruv3_le.lib : boot.c.obj (.stack)
                  0000010c    000000fc     --HOLE--

.data      1    00000208    000000be     
                  00000208    000000a0     mcasp_init.obj (.data)
                  000002a8    00000018     main.obj (.data:msg)
                  000002c0    00000004     main.obj (.data:pru_intc_map)
                  000002c4    00000002     main.obj (.data)

.cinit     1    00000000    00000000     UNINITIALIZED

.rodata    1    00000344    00000018     
                  00000344    00000018     main.obj (.rodata:.string)

.resource_table 
*          1    000002c6    0000007c     
                  000002c6    0000007c     main.obj (.resource_table:retain)

.creg.PRU_INTC.noload.near 
*          2    00020000    00000000     NOLOAD SECTION

.creg.PRU_INTC.near 
*          2    00020000    00000000     UNINITIALIZED

.creg.PRU_INTC.noload.far 
*          2    00020000    00001504     NOLOAD SECTION
                  00020000    00001504     clk_cfg.obj (.creg.PRU_INTC.noload.far)

.creg.PRU_INTC.far 
*          2    00021504    00000000     UNINITIALIZED

.creg.PRU_CFG.noload.near 
*          2    00026000    00000044     NOLOAD SECTION
                  00026000    00000044     clk_cfg.obj (.creg.PRU_CFG.noload.near)

.creg.PRU_CFG.near 
*          2    00026044    00000000     UNINITIALIZED

.creg.PRU_CFG.noload.far 
*          2    00026044    00000000     NOLOAD SECTION

.creg.PRU_CFG.far 
*          2    00026044    00000000     UNINITIALIZED

MODULE SUMMARY

       Module                 code   ro data   rw data
       ------                 ----   -------   -------
    ./
       clk_cfg.obj            0      0         5448   
       mcasp_init.obj         1908   0         160    
       main.obj               1600   24        418    
    +--+----------------------+------+---------+---------+
       Total:                 3508   24        6026   
                                                      
    /home/constantine/ti/ccsv8/tools/compiler/ti-cgt-pru_2.3.1/lib/rtspruv3_le.lib
       memcpy.asm.obj         52     0         0      
       boot.c.obj             28     0         0      
       exit.c.obj             16     0         0      
    +--+----------------------+------+---------+---------+
       Total:                 96     0         0      
                                                      
    /media/constantine/Work/SoundDevice/SoundDevice_endPoint/TI/am57x/SDK/example-applications/pru-icss-5.3.0/lib/rpmsg_lib.lib
       pru_rpmsg.object       600    0         0      
       pru_virtqueue.object   324    0         0      
    +--+----------------------+------+---------+---------+
       Total:                 924    0         0      
                                                      
       Stack:                 0      0         256    
    +--+----------------------+------+---------+---------+
       Grand Total:           4528   24        6282   


SEGMENT ATTRIBUTES

    id tag      seg value
    -- ---      --- -----
     0 PHA_PAGE 1   1    
     1 PHA_PAGE 2   1    
     2 PHA_PAGE 3   1    


GLOBAL SYMBOLS: SORTED ALPHABETICALLY BY Name 

page  address   name                         
----  -------   ----                         
0     000011a8  C$$EXIT                      
2     00026000  CT_CFG                       
2     00020000  CT_INTC                      
1     0000025c  MCASP_ACLKRCTL_ptr           
1     00000258  MCASP_ACLKXCTL_ptr           
1     00000254  MCASP_AHCLKRCTL_ptr          
1     00000250  MCASP_AHCLKXCTL_ptr          
1     00000234  MCASP_DMACTLR_ptr            
1     00000230  MCASP_DMACTLX_ptr            
1     00000218  MCASP_GBLCTLR_bits_ptr       
1     0000021c  MCASP_GBLCTLR_ptr            
1     00000210  MCASP_GBLCTLX_bits_ptr       
1     00000214  MCASP_GBLCTLX_ptr            
1     00000208  MCASP_GBLCTL_bits_ptr        
1     0000020c  MCASP_GBLCTL_ptr             
1     0000022c  MCASP_IRQCTLR                
1     00000228  MCASP_IRQCTLX                
1     00000220  MCASP_LBCTL_ptr              
1     0000023c  MCASP_PDIR_ptr               
1     00000238  MCASP_PFUNC_ptr              
1     0000024c  MCASP_RXBUF_ptr              
1     00000264  MCASP_RXCLKCHK_ptr           
1     0000026c  MCASP_RXFMCTL_ptr            
1     00000274  MCASP_RXFMT_ptr              
1     00000244  MCASP_RXMASK                 
1     0000028c  MCASP_RXSTAT_bits_ptr        
1     00000284  MCASP_RXSTAT_ptr             
1     00000294  MCASP_RXTDMSLOT_bits_ptr     
1     0000027c  MCASP_RXTDM_ptr              
1     0000029c  MCASP_SRCTL_RX_ptr           
1     00000298  MCASP_SRCTL_TX_ptr           
1     00000248  MCASP_TXBUF_ptr              
1     00000260  MCASP_TXCLKCHK_ptr           
1     00000224  MCASP_TXDITCTL_ptr           
1     00000268  MCASP_TXFMCTL_ptr            
1     00000270  MCASP_TXFMT_ptr              
1     00000240  MCASP_TXMASK                 
1     00000288  MCASP_TXSTAT_bits_ptr        
1     00000280  MCASP_TXSTAT_ptr             
1     00000290  MCASP_TXTDMSLOT_bits_ptr     
1     00000278  MCASP_TXTDM_ptr              
1     000002a0  MCASP_XRSRCTL_02_ptr         
1     000002a4  MCASP_XRSRCTL_03_ptr         
abs   481cc000  __PRU_CREG_BASE_DCAN0        
abs   481d0000  __PRU_CREG_BASE_DCAN1        
abs   80000000  __PRU_CREG_BASE_DDR          
abs   48040000  __PRU_CREG_BASE_DMTIMER2     
abs   4a100000  __PRU_CREG_BASE_GEMAC        
abs   4802a000  __PRU_CREG_BASE_I2C1         
abs   4819c000  __PRU_CREG_BASE_I2C2         
abs   40000000  __PRU_CREG_BASE_L3OCMC       
abs   480c8000  __PRU_CREG_BASE_MBX0         
abs   46000000  __PRU_CREG_BASE_MCASP0_DMA   
abs   48030000  __PRU_CREG_BASE_MCSPI0       
abs   481a0000  __PRU_CREG_BASE_MCSPI1       
abs   48060000  __PRU_CREG_BASE_MMCHS0       
abs   00026000  __PRU_CREG_BASE_PRU_CFG      
abs   00000000  __PRU_CREG_BASE_PRU_DMEM_0_1 
abs   00002000  __PRU_CREG_BASE_PRU_DMEM_1_0 
abs   00030000  __PRU_CREG_BASE_PRU_ECAP     
abs   0002e000  __PRU_CREG_BASE_PRU_IEP      
abs   00020000  __PRU_CREG_BASE_PRU_INTC     
abs   00010000  __PRU_CREG_BASE_PRU_SHAREDMEM
abs   00028000  __PRU_CREG_BASE_PRU_UART     
abs   48300000  __PRU_CREG_BASE_PWMSS0       
abs   48302000  __PRU_CREG_BASE_PWMSS1       
abs   48304000  __PRU_CREG_BASE_PWMSS2       
abs   48318000  __PRU_CREG_BASE_RSVD10       
abs   48310000  __PRU_CREG_BASE_RSVD13       
abs   00032400  __PRU_CREG_BASE_RSVD21       
abs   00032000  __PRU_CREG_BASE_RSVD27       
abs   480ca000  __PRU_CREG_BASE_SPINLOCK     
abs   49000000  __PRU_CREG_BASE_TPCC         
abs   48022000  __PRU_CREG_BASE_UART1        
abs   48024000  __PRU_CREG_BASE_UART2        
abs   0000000e  __PRU_CREG_DCAN0             
abs   0000000f  __PRU_CREG_DCAN1             
abs   0000001f  __PRU_CREG_DDR               
abs   00000001  __PRU_CREG_DMTIMER2          
abs   00000009  __PRU_CREG_GEMAC             
abs   00000002  __PRU_CREG_I2C1              
abs   00000011  __PRU_CREG_I2C2              
abs   0000001e  __PRU_CREG_L3OCMC            
abs   00000016  __PRU_CREG_MBX0              
abs   00000008  __PRU_CREG_MCASP0_DMA        
abs   00000006  __PRU_CREG_MCSPI0            
abs   00000010  __PRU_CREG_MCSPI1            
abs   00000005  __PRU_CREG_MMCHS0            
abs   00000004  __PRU_CREG_PRU_CFG           
abs   00000018  __PRU_CREG_PRU_DMEM_0_1      
abs   00000019  __PRU_CREG_PRU_DMEM_1_0      
abs   00000003  __PRU_CREG_PRU_ECAP          
abs   0000001a  __PRU_CREG_PRU_IEP           
abs   00000000  __PRU_CREG_PRU_INTC          
abs   0000001c  __PRU_CREG_PRU_SHAREDMEM     
abs   00000007  __PRU_CREG_PRU_UART          
abs   00000012  __PRU_CREG_PWMSS0            
abs   00000013  __PRU_CREG_PWMSS1            
abs   00000014  __PRU_CREG_PWMSS2            
abs   0000000a  __PRU_CREG_RSVD10            
abs   0000000d  __PRU_CREG_RSVD13            
abs   00000015  __PRU_CREG_RSVD21            
abs   0000001b  __PRU_CREG_RSVD27            
abs   00000017  __PRU_CREG_SPINLOCK          
abs   0000001d  __PRU_CREG_TPCC              
abs   0000000b  __PRU_CREG_UART1             
abs   0000000c  __PRU_CREG_UART2             
1     00000208  __TI_STACK_END               
abs   00000100  __TI_STACK_SIZE              
abs   ffffffff  __c_args__                   
0     00000000  _c_int00_noinit_noargs       
1     00000108  _stack                       
0     000011a0  abort                        
0     00000c44  init_mcasp                   
0     0000001c  main                         
0     00001118  memcpy                       
1     000002c0  pru_intc_map                 
0     00001060  pru_rpmsg_channel            
0     00000f40  pru_rpmsg_init               
0     00000e18  pru_rpmsg_receive            
0     00000d40  pru_rpmsg_send               
0     000010bc  pru_virtqueue_add_used_buf   
0     00000fa0  pru_virtqueue_get_avail_buf  
0     00001000  pru_virtqueue_init           
0     00001178  pru_virtqueue_kick           
1     000002c6  resourceTable                
1     00000000  rx_bufs                      
1     00000100  rx_bufs_ddr_start_addr       
1     00000080  tx_bufs                      
1     00000104  tx_bufs_ddr_start_addr       


GLOBAL SYMBOLS: SORTED BY Symbol Address 

page  address   name                         
----  -------   ----                         
0     00000000  _c_int00_noinit_noargs       
0     0000001c  main                         
0     00000c44  init_mcasp                   
0     00000d40  pru_rpmsg_send               
0     00000e18  pru_rpmsg_receive            
0     00000f40  pru_rpmsg_init               
0     00000fa0  pru_virtqueue_get_avail_buf  
0     00001000  pru_virtqueue_init           
0     00001060  pru_rpmsg_channel            
0     000010bc  pru_virtqueue_add_used_buf   
0     00001118  memcpy                       
0     00001178  pru_virtqueue_kick           
0     000011a0  abort                        
0     000011a8  C$$EXIT                      
1     00000000  rx_bufs                      
1     00000080  tx_bufs                      
1     00000100  rx_bufs_ddr_start_addr       
1     00000104  tx_bufs_ddr_start_addr       
1     00000108  _stack                       
1     00000208  MCASP_GBLCTL_bits_ptr        
1     00000208  __TI_STACK_END               
1     0000020c  MCASP_GBLCTL_ptr             
1     00000210  MCASP_GBLCTLX_bits_ptr       
1     00000214  MCASP_GBLCTLX_ptr            
1     00000218  MCASP_GBLCTLR_bits_ptr       
1     0000021c  MCASP_GBLCTLR_ptr            
1     00000220  MCASP_LBCTL_ptr              
1     00000224  MCASP_TXDITCTL_ptr           
1     00000228  MCASP_IRQCTLX                
1     0000022c  MCASP_IRQCTLR                
1     00000230  MCASP_DMACTLX_ptr            
1     00000234  MCASP_DMACTLR_ptr            
1     00000238  MCASP_PFUNC_ptr              
1     0000023c  MCASP_PDIR_ptr               
1     00000240  MCASP_TXMASK                 
1     00000244  MCASP_RXMASK                 
1     00000248  MCASP_TXBUF_ptr              
1     0000024c  MCASP_RXBUF_ptr              
1     00000250  MCASP_AHCLKXCTL_ptr          
1     00000254  MCASP_AHCLKRCTL_ptr          
1     00000258  MCASP_ACLKXCTL_ptr           
1     0000025c  MCASP_ACLKRCTL_ptr           
1     00000260  MCASP_TXCLKCHK_ptr           
1     00000264  MCASP_RXCLKCHK_ptr           
1     00000268  MCASP_TXFMCTL_ptr            
1     0000026c  MCASP_RXFMCTL_ptr            
1     00000270  MCASP_TXFMT_ptr              
1     00000274  MCASP_RXFMT_ptr              
1     00000278  MCASP_TXTDM_ptr              
1     0000027c  MCASP_RXTDM_ptr              
1     00000280  MCASP_TXSTAT_ptr             
1     00000284  MCASP_RXSTAT_ptr             
1     00000288  MCASP_TXSTAT_bits_ptr        
1     0000028c  MCASP_RXSTAT_bits_ptr        
1     00000290  MCASP_TXTDMSLOT_bits_ptr     
1     00000294  MCASP_RXTDMSLOT_bits_ptr     
1     00000298  MCASP_SRCTL_TX_ptr           
1     0000029c  MCASP_SRCTL_RX_ptr           
1     000002a0  MCASP_XRSRCTL_02_ptr         
1     000002a4  MCASP_XRSRCTL_03_ptr         
1     000002c0  pru_intc_map                 
1     000002c6  resourceTable                
2     00020000  CT_INTC                      
2     00026000  CT_CFG                       
abs   00000000  __PRU_CREG_BASE_PRU_DMEM_0_1 
abs   00000000  __PRU_CREG_PRU_INTC          
abs   00000001  __PRU_CREG_DMTIMER2          
abs   00000002  __PRU_CREG_I2C1              
abs   00000003  __PRU_CREG_PRU_ECAP          
abs   00000004  __PRU_CREG_PRU_CFG           
abs   00000005  __PRU_CREG_MMCHS0            
abs   00000006  __PRU_CREG_MCSPI0            
abs   00000007  __PRU_CREG_PRU_UART          
abs   00000008  __PRU_CREG_MCASP0_DMA        
abs   00000009  __PRU_CREG_GEMAC             
abs   0000000a  __PRU_CREG_RSVD10            
abs   0000000b  __PRU_CREG_UART1             
abs   0000000c  __PRU_CREG_UART2             
abs   0000000d  __PRU_CREG_RSVD13            
abs   0000000e  __PRU_CREG_DCAN0             
abs   0000000f  __PRU_CREG_DCAN1             
abs   00000010  __PRU_CREG_MCSPI1            
abs   00000011  __PRU_CREG_I2C2              
abs   00000012  __PRU_CREG_PWMSS0            
abs   00000013  __PRU_CREG_PWMSS1            
abs   00000014  __PRU_CREG_PWMSS2            
abs   00000015  __PRU_CREG_RSVD21            
abs   00000016  __PRU_CREG_MBX0              
abs   00000017  __PRU_CREG_SPINLOCK          
abs   00000018  __PRU_CREG_PRU_DMEM_0_1      
abs   00000019  __PRU_CREG_PRU_DMEM_1_0      
abs   0000001a  __PRU_CREG_PRU_IEP           
abs   0000001b  __PRU_CREG_RSVD27            
abs   0000001c  __PRU_CREG_PRU_SHAREDMEM     
abs   0000001d  __PRU_CREG_TPCC              
abs   0000001e  __PRU_CREG_L3OCMC            
abs   0000001f  __PRU_CREG_DDR               
abs   00000100  __TI_STACK_SIZE              
abs   00002000  __PRU_CREG_BASE_PRU_DMEM_1_0 
abs   00010000  __PRU_CREG_BASE_PRU_SHAREDMEM
abs   00020000  __PRU_CREG_BASE_PRU_INTC     
abs   00026000  __PRU_CREG_BASE_PRU_CFG      
abs   00028000  __PRU_CREG_BASE_PRU_UART     
abs   0002e000  __PRU_CREG_BASE_PRU_IEP      
abs   00030000  __PRU_CREG_BASE_PRU_ECAP     
abs   00032000  __PRU_CREG_BASE_RSVD27       
abs   00032400  __PRU_CREG_BASE_RSVD21       
abs   40000000  __PRU_CREG_BASE_L3OCMC       
abs   46000000  __PRU_CREG_BASE_MCASP0_DMA   
abs   48022000  __PRU_CREG_BASE_UART1        
abs   48024000  __PRU_CREG_BASE_UART2        
abs   4802a000  __PRU_CREG_BASE_I2C1         
abs   48030000  __PRU_CREG_BASE_MCSPI0       
abs   48040000  __PRU_CREG_BASE_DMTIMER2     
abs   48060000  __PRU_CREG_BASE_MMCHS0       
abs   480c8000  __PRU_CREG_BASE_MBX0         
abs   480ca000  __PRU_CREG_BASE_SPINLOCK     
abs   4819c000  __PRU_CREG_BASE_I2C2         
abs   481a0000  __PRU_CREG_BASE_MCSPI1       
abs   481cc000  __PRU_CREG_BASE_DCAN0        
abs   481d0000  __PRU_CREG_BASE_DCAN1        
abs   48300000  __PRU_CREG_BASE_PWMSS0       
abs   48302000  __PRU_CREG_BASE_PWMSS1       
abs   48304000  __PRU_CREG_BASE_PWMSS2       
abs   48310000  __PRU_CREG_BASE_RSVD13       
abs   48318000  __PRU_CREG_BASE_RSVD10       
abs   49000000  __PRU_CREG_BASE_TPCC         
abs   4a100000  __PRU_CREG_BASE_GEMAC        
abs   80000000  __PRU_CREG_BASE_DDR          
abs   ffffffff  __c_args__                   

[130 symbols]
